Archive member included because of file (symbol)

c:/coocox/toolchain/bin/../lib/gcc/arm-none-eabi/4.9.3/../../../../arm-none-eabi/lib/armv7-m\libg.a(lib_a-memcpy.o)
                              ..\obj\queue.o (memcpy)

Allocating common symbols
Common symbol       size              file

tmpdata             0x1               ..\obj\main.o
HSEStartUpStatus    0x1               ..\obj\main.o
water_counter       0x10              ..\obj\main.o
wt_args             0x7               ..\obj\main.o
I2CDMA_InitStructure
                    0x2c              ..\obj\I2CRoutines.o
FlashStatus         0x1               ..\obj\main.o
adg_conf            0x2               ..\obj\ad5934.o
wfCalArray          0x8               ..\obj\main.o
i2c                 0x10              ..\obj\I2C.o
Address             0x1               ..\obj\I2CRoutines.o
toAdjust            0x3               ..\obj\main.o
RxBuffer            0x28              ..\obj\main.o
ds_buf              0x9               ..\obj\main.o
TxBuffer            0x2a              ..\obj\main.o
TIM_ICInitStructure
                    0xa               ..\obj\main.o
i2c_gpio            0x4               ..\obj\I2C.o
NumbOfBytes2        0x4               ..\obj\I2CRoutines.o
NumbOfBytes1        0x4               ..\obj\I2CRoutines.o
dht_byte_buf        0x5               ..\obj\main.o

Discarded input sections

 .text          0x00000000        0x0 ..\obj\delay.o
 .data          0x00000000        0x0 ..\obj\delay.o
 .bss           0x00000000        0x0 ..\obj\delay.o
 .text.DelayMC  0x00000000       0x40 ..\obj\delay.o
 .text          0x00000000        0x0 ..\obj\stm32f10x_tim.o
 .data          0x00000000        0x0 ..\obj\stm32f10x_tim.o
 .bss           0x00000000        0x0 ..\obj\stm32f10x_tim.o
 .text.TIM_DeInit
                0x00000000      0x22c ..\obj\stm32f10x_tim.o
 .text.TIM_ICInit
                0x00000000       0xa8 ..\obj\stm32f10x_tim.o
 .text.TIM_PWMIConfig
                0x00000000       0xb8 ..\obj\stm32f10x_tim.o
 .text.TIM_BDTRConfig
                0x00000000       0x50 ..\obj\stm32f10x_tim.o
 .text.TIM_ICStructInit
                0x00000000       0x30 ..\obj\stm32f10x_tim.o
 .text.TIM_BDTRStructInit
                0x00000000       0x3c ..\obj\stm32f10x_tim.o
 .text.TIM_ITConfig
                0x00000000       0x48 ..\obj\stm32f10x_tim.o
 .text.TIM_GenerateEvent
                0x00000000       0x1c ..\obj\stm32f10x_tim.o
 .text.TIM_DMAConfig
                0x00000000       0x28 ..\obj\stm32f10x_tim.o
 .text.TIM_DMACmd
                0x00000000       0x48 ..\obj\stm32f10x_tim.o
 .text.TIM_InternalClockConfig
                0x00000000       0x24 ..\obj\stm32f10x_tim.o
 .text.TIM_ITRxExternalClockConfig
                0x00000000       0x2c ..\obj\stm32f10x_tim.o
 .text.TIM_TIxExternalClockConfig
                0x00000000       0x60 ..\obj\stm32f10x_tim.o
 .text.TIM_ETRClockMode1Config
                0x00000000       0x5c ..\obj\stm32f10x_tim.o
 .text.TIM_ETRClockMode2Config
                0x00000000       0x3c ..\obj\stm32f10x_tim.o
 .text.TIM_ETRConfig
                0x00000000       0x54 ..\obj\stm32f10x_tim.o
 .text.TIM_PrescalerConfig
                0x00000000       0x28 ..\obj\stm32f10x_tim.o
 .text.TIM_CounterModeConfig
                0x00000000       0x38 ..\obj\stm32f10x_tim.o
 .text.TIM_SelectInputTrigger
                0x00000000       0x38 ..\obj\stm32f10x_tim.o
 .text.TIM_EncoderInterfaceConfig
                0x00000000       0x98 ..\obj\stm32f10x_tim.o
 .text.TIM_ForcedOC1Config
                0x00000000       0x38 ..\obj\stm32f10x_tim.o
 .text.TIM_ForcedOC2Config
                0x00000000       0x3c ..\obj\stm32f10x_tim.o
 .text.TIM_ForcedOC3Config
                0x00000000       0x38 ..\obj\stm32f10x_tim.o
 .text.TIM_ForcedOC4Config
                0x00000000       0x3c ..\obj\stm32f10x_tim.o
 .text.TIM_ARRPreloadConfig
                0x00000000       0x40 ..\obj\stm32f10x_tim.o
 .text.TIM_SelectCOM
                0x00000000       0x40 ..\obj\stm32f10x_tim.o
 .text.TIM_SelectCCDMA
                0x00000000       0x40 ..\obj\stm32f10x_tim.o
 .text.TIM_CCPreloadControl
                0x00000000       0x40 ..\obj\stm32f10x_tim.o
 .text.TIM_OC1PreloadConfig
                0x00000000       0x38 ..\obj\stm32f10x_tim.o
 .text.TIM_OC2PreloadConfig
                0x00000000       0x3c ..\obj\stm32f10x_tim.o
 .text.TIM_OC3PreloadConfig
                0x00000000       0x38 ..\obj\stm32f10x_tim.o
 .text.TIM_OC4PreloadConfig
                0x00000000       0x3c ..\obj\stm32f10x_tim.o
 .text.TIM_OC1FastConfig
                0x00000000       0x38 ..\obj\stm32f10x_tim.o
 .text.TIM_OC2FastConfig
                0x00000000       0x3c ..\obj\stm32f10x_tim.o
 .text.TIM_OC3FastConfig
                0x00000000       0x38 ..\obj\stm32f10x_tim.o
 .text.TIM_OC4FastConfig
                0x00000000       0x3c ..\obj\stm32f10x_tim.o
 .text.TIM_ClearOC1Ref
                0x00000000       0x38 ..\obj\stm32f10x_tim.o
[...]
Memory Configuration

Name             Origin             Length             Attributes
rom              0x08000000         0x00020000         xr
ram              0x20000000         0x00002000         xrw
*default*        0x00000000         0xffffffff

Linker script and memory map

                0x20002000                _eram = 0x20002000

.text           0x08000000     0xd614
 *(.isr_vector)
 .isr_vector    0x08000000      0x124 ..\obj\startup_stm32f10x_md_vl.o
                0x08000000                g_pfnVectors
 *(.text*)
 .text.Delay    0x08000124       0x40 ..\obj\delay.o
                0x08000124                Delay
 .text.TIM_TimeBaseInit
                0x08000164       0xf8 ..\obj\stm32f10x_tim.o
                0x08000164                TIM_TimeBaseInit
 .text.TIM_OC1Init
                0x0800025c      0x118 ..\obj\stm32f10x_tim.o
                0x0800025c                TIM_OC1Init
 .text.TIM_OC2Init
                0x08000374      0x110 ..\obj\stm32f10x_tim.o
                0x08000374                TIM_OC2Init
 .text.TIM_OC3Init
                0x08000484      0x10c ..\obj\stm32f10x_tim.o
                0x08000484                TIM_OC3Init
 .text.TIM_OC4Init
                0x08000590       0xd0 ..\obj\stm32f10x_tim.o
                0x08000590                TIM_OC4Init
 .text.TIM_TimeBaseStructInit
                0x08000660       0x34 ..\obj\stm32f10x_tim.o
                0x08000660                TIM_TimeBaseStructInit
 .text.TIM_OCStructInit
                0x08000694       0x44 ..\obj\stm32f10x_tim.o
                0x08000694                TIM_OCStructInit
 .text.TIM_Cmd  0x080006d8       0x40 ..\obj\stm32f10x_tim.o
                0x080006d8                TIM_Cmd
 .text.TIM_CtrlPWMOutputs
                0x08000718       0x4c ..\obj\stm32f10x_tim.o
                0x08000718                TIM_CtrlPWMOutputs
 .text.TIM_GetITStatus
                0x08000764       0x54 ..\obj\stm32f10x_tim.o
                0x08000764                TIM_GetITStatus
 .text.TIM_ClearITPendingBit
                0x080007b8       0x20 ..\obj\stm32f10x_tim.o
                0x080007b8                TIM_ClearITPendingBit
 .text.Default_Reset_Handler
                0x080007d8       0x5c ..\obj\startup_stm32f10x_md_vl.o
                0x080007d8                Default_Reset_Handler
                0x080007d8                Reset_Handler
 .text.Default_Handler
                0x08000834        0x8 ..\obj\startup_stm32f10x_md_vl.o
                0x08000834                TIM1_CC_IRQHandler
                0x08000834                PVD_IRQHandler
                0x08000834                EXTI3_IRQHandler
                0x08000834                SPI1_IRQHandler
                0x08000834                TAMPER_IRQHandler
                0x08000834                TIM6_DAC_IRQHandler
                0x08000834                ADC1_IRQHandler
                0x08000834                USART3_IRQHandler
                0x08000834                RTC_IRQHandler
                0x08000834                DMA1_Channel7_IRQHandler
                0x08000834                DMA1_Channel6_IRQHandler
                0x08000834                TIM3_IRQHandler
                0x08000834                RCC_IRQHandler
                0x08000834                DMA1_Channel1_IRQHandler
                0x08000834                CEC_IRQHandler
                0x08000834                TIM7_IRQHandler
                0x08000834                SPI2_IRQHandler
                0x08000834                EXTI4_IRQHandler
                0x08000834                DMA1_Channel3_IRQHandler
                0x08000834                WWDG_IRQHandler
                0x08000834                TIM2_IRQHandler
                0x08000834                RTCAlarm_IRQHandler
                0x08000834                USART2_IRQHandler
                0x08000834                DMA1_Channel2_IRQHandler
                0x08000834                FLASH_IRQHandler
                0x08000834                TIM1_BRK_TIM15_IRQHandler
 .text.__enable_irq
                0x0800083c       0x10 ..\obj\I2CRoutines.o
 .text.__disable_irq
                0x0800084c       0x10 ..\obj\I2CRoutines.o
 .text.I2C_Master_BufferRead
                0x0800085c      0x590 ..\obj\I2CRoutines.o
                0x0800085c                I2C_Master_BufferRead
 .text.I2C_Master_BufferWrite
                0x08000dec      0x334 ..\obj\I2CRoutines.o
                0x08000dec                I2C_Master_BufferWrite
 .text.terminate_i2c
                0x08001120       0x70 ..\obj\I2CRoutines.o
                0x08001120                terminate_i2c
 .text.I2C_LowLevel_Init
                0x08001190      0x220 ..\obj\I2CRoutines.o
                0x08001190                I2C_LowLevel_Init
 .text.I2C_DMAConfig
                0x080013b0       0xec ..\obj\I2CRoutines.o
                0x080013b0                I2C_DMAConfig
 .text.SystemInit
                0x0800149c       0x6c ..\obj\system_stm32f10x.o
                0x0800149c                SystemInit
 .text.SetSysClock
                0x08001508        0xc ..\obj\system_stm32f10x.o
 .text.SetSysClockTo24
                0x08001514       0xd4 ..\obj\system_stm32f10x.o
 .text.LCDI2C_send
                0x080015e8       0x24 ..\obj\LiquidCrystal_I2C.o
                0x080015e8                LCDI2C_send
 .text.GPIO_Init
                0x0800160c      0x180 ..\obj\stm32f10x_gpio.o
                0x0800160c                GPIO_Init
 .text.GPIO_StructInit
                0x0800178c       0x28 ..\obj\stm32f10x_gpio.o
                0x0800178c                GPIO_StructInit
 .text.GPIO_PinRemapConfig
                0x080017b4       0xe0 ..\obj\stm32f10x_gpio.o
                0x080017b4                GPIO_PinRemapConfig
 .text.GPIO_EXTILineConfig
                0x08001894       0x84 ..\obj\stm32f10x_gpio.o
                0x08001894                GPIO_EXTILineConfig
 .text.NVIC_EnableIRQ
                0x08001918       0x30 ..\obj\main.o
 .text.NVIC_SetPriority
                0x08001948       0x54 ..\obj\main.o
 .text.dht_init_out_x
                0x0800199c       0x70 ..\obj\main.o
                0x0800199c                dht_init_out_x
 .text.open_valves
                0x08001a0c       0x48 ..\obj\main.o
                0x08001a0c                open_valves
 .text.close_valves
                0x08001a54       0x2c ..\obj\main.o
                0x08001a54                close_valves
 .text.psi_stab_secs
                0x08001a80       0xb8 ..\obj\main.o
                0x08001a80                psi_stab_secs
 .text.mix_solution
                0x08001b38       0x34 ..\obj\main.o
                0x08001b38                mix_solution
 .text.Lcd_write_8b
                0x08001b6c       0x94 ..\obj\main.o
                0x08001b6c                Lcd_write_8b
 .text.calibrateFlowMeter
                0x08001c00      0x22c ..\obj\main.o
                0x08001c00                calibrateFlowMeter
 .text.get_water_cl
                0x08001e2c       0x68 ..\obj\main.o
                0x08001e2c                get_water_cl
 .text.get_water
                0x08001e94      0x1a4 ..\obj\main.o
                0x08001e94                get_water
 .text.Lcd_write_16b
                0x08002038       0x70 ..\obj\main.o
                0x08002038                Lcd_write_16b
 .text.crc_block
                0x080020a8       0x48 ..\obj\main.o
                0x080020a8                crc_block
 .text.USART1_IRQHandler
                0x080020f0      0x1d8 ..\obj\main.o
                0x080020f0                USART1_IRQHandler
 .text.adc121init
                0x080022c8       0x40 ..\obj\main.o
                0x080022c8                adc121init
 .text.lstasks  0x08002308       0xd4 ..\obj\main.o
 .text.uart_task
                0x080023dc       0xb0 ..\obj\main.o
 .text.rx_flush
                0x0800248c       0x34 ..\obj\main.o
                0x0800248c                rx_flush
 .text.tx_flush
                0x080024c0       0x40 ..\obj\main.o
                0x080024c0                tx_flush
 .text.push_tx  0x08002500       0x7c ..\obj\main.o
                0x08002500                push_tx
 .text.send_resp_x
                0x0800257c       0x40 ..\obj\main.o
                0x0800257c                send_resp_x
 .text.send_resp
                0x080025bc       0x90 ..\obj\main.o
                0x080025bc                send_resp
 .text.water_lines
                0x0800264c       0x2c ..\obj\main.o
                0x0800264c                water_lines
 .text.send_ee_dump
                0x08002678       0x38 ..\obj\main.o
                0x08002678                send_ee_dump
 .text.run_uart_cmd
                0x080026b0      0x6b8 ..\obj\main.o
                0x080026b0                run_uart_cmd
 .text.run_watering_pump
                0x08002d68       0x44 ..\obj\main.o
                0x08002d68                run_watering_pump
 .text.settings2tx_buff
                0x08002dac       0xa4 ..\obj\main.o
                0x08002dac                settings2tx_buff
 .text.get_settings_dump
                0x08002e50      0x1c8 ..\obj\main.o
                0x08002e50                get_settings_dump
 .text.get_settings_dump_
                0x08003018      0x198 ..\obj\main.o
                0x08003018                get_settings_dump_
 .text.run_doser_for
                0x080031b0       0x80 ..\obj\main.o
                0x080031b0                run_doser_for
 .text.rx_ee    0x08003230      0x16c ..\obj\main.o
                0x08003230                rx_ee
 .text.send_ee_addr
                0x0800339c      0x128 ..\obj\main.o
                0x0800339c                send_ee_addr
 .text.send_ee_block
                0x080034c4      0x120 ..\obj\main.o
                0x080034c4                send_ee_block
 .text.get_settings_block
                0x080035e4       0xac ..\obj\main.o
                0x080035e4                get_settings_block
 .text.get_status_block
                0x08003690      0x504 ..\obj\main.o
                0x08003690                get_status_block
 .text.DMA1_Channel4_IRQHandler
                0x08003b94       0x18 ..\obj\main.o
                0x08003b94                DMA1_Channel4_IRQHandler
 .text.DMA1_Channel5_IRQHandler
                0x08003bac       0x14 ..\obj\main.o
                0x08003bac                DMA1_Channel5_IRQHandler
 .text.uart_dma_init
                0x08003bc0       0xa0 ..\obj\main.o
                0x08003bc0                uart_dma_init
 .text.bluetooth_init
                0x08003c60       0xd8 ..\obj\main.o
                0x08003c60                bluetooth_init
 .text.dosing_motor_control_init
                0x08003d38       0xc4 ..\obj\main.o
                0x08003d38                dosing_motor_control_init
 .text.stop_dosers
                0x08003dfc       0x2c ..\obj\main.o
                0x08003dfc                stop_dosers
 .text.psi_motor_init
                0x08003e28       0xcc ..\obj\main.o
                0x08003e28                psi_motor_init
 .text.tankLevelStabSetup
                0x08003ef4       0xc4 ..\obj\main.o
                0x08003ef4                tankLevelStabSetup
 .text.open_valve
                0x08003fb8       0xb4 ..\obj\main.o
                0x08003fb8                open_valve
 .text.close_valve
                0x0800406c       0xb8 ..\obj\main.o
                0x0800406c                close_valve
 .text.EXTI0_IRQHandler
                0x08004124       0x1c ..\obj\main.o
                0x08004124                EXTI0_IRQHandler
 .text.EXTI1_IRQHandler
                0x08004140       0x1c ..\obj\main.o
                0x08004140                EXTI1_IRQHandler
 .text.EXTI2_IRQHandler
                0x0800415c        0xc ..\obj\main.o
                0x0800415c                EXTI2_IRQHandler
 .text.EXTI15_10_IRQHandler
                0x08004168      0x2f0 ..\obj\main.o
                0x08004168                EXTI15_10_IRQHandler
 .text.eeprom_test
                0x08004458       0xc4 ..\obj\main.o
                0x08004458                eeprom_test
 .text.valve_test2
                0x0800451c      0x150 ..\obj\main.o
                0x0800451c                valve_test2
 .text.adjustFlags
                0x0800466c      0x188 ..\obj\main.o
                0x0800466c                adjustFlags
 .text.water_program_setup
                0x080047f4      0x1c0 ..\obj\main.o
                0x080047f4                water_program_setup
 .text.fertilization_setup
                0x080049b4       0x38 ..\obj\main.o
                0x080049b4                fertilization_setup
 .text.watering_setup
                0x080049ec       0x38 ..\obj\main.o
                0x080049ec                watering_setup
 .text.fertilizer_mixing_program_setup
                0x08004a24      0x1ac ..\obj\main.o
                0x08004a24                fertilizer_mixing_program_setup
 .text.startWp  0x08004bd0       0xf4 ..\obj\main.o
                0x08004bd0                startWp
 .text.run_watering_program_g2
                0x08004cc4      0x444 ..\obj\main.o
                0x08004cc4                run_watering_program_g2
 .text.run_fertilizer_mixer_g2
                0x08005108       0xd4 ..\obj\main.o
                0x08005108                run_fertilizer_mixer_g2
 .text.enable_dosing_pump
                0x080051dc       0xfc ..\obj\main.o
                0x080051dc                enable_dosing_pump
 .text.get_fertilizer
                0x080052d8       0x6c ..\obj\main.o
                0x080052d8                get_fertilizer
 .text.watering_program_trigger
                0x08005344      0x218 ..\obj\main.o
 .text.effect11on
                0x0800555c       0x70 ..\obj\main.o
                0x0800555c                effect11on
 .text.effect11off
                0x080055cc       0x70 ..\obj\main.o
                0x080055cc                effect11off
 .text.effect12on
                0x0800563c       0x70 ..\obj\main.o
                0x0800563c                effect12on
 .text.effect12off
                0x080056ac       0x70 ..\obj\main.o
                0x080056ac                effect12off
 .text.effect21on
                0x0800571c       0x54 ..\obj\main.o
                0x0800571c                effect21on
 .text.effect21off
                0x08005770       0x54 ..\obj\main.o
                0x08005770                effect21off
 .text.effect_running_light
                0x080057c4       0xa0 ..\obj\main.o
                0x080057c4                effect_running_light
 .text.effect_running_light_rev
                0x08005864       0xa0 ..\obj\main.o
                0x08005864                effect_running_light_rev
 .text.trig_valve
                0x08005904       0x40 ..\obj\main.o
                0x08005904                trig_valve
 .text.run_demo2
                0x08005944       0xc0 ..\obj\main.o
                0x08005944                run_demo2
 .text.run_demo
                0x08005a04      0x1ac ..\obj\main.o
                0x08005a04                run_demo
 .text.wt_mixing
                0x08005bb0       0x74 ..\obj\main.o
                0x08005bb0                wt_mixing
 .text.wt_mix_in
                0x08005c24       0xc4 ..\obj\main.o
                0x08005c24                wt_mix_in
 .text.wt_watering
                0x08005ce8       0x94 ..\obj\main.o
                0x08005ce8                wt_watering
 .text.wt_watering_x
                0x08005d7c       0x94 ..\obj\main.o
                0x08005d7c                wt_watering_x
 .text.wt_mt_reach_level
                0x08005e10       0x5c ..\obj\main.o
                0x08005e10                wt_mt_reach_level
 .text.wt_mt_add_water
                0x08005e6c       0x74 ..\obj\main.o
                0x08005e6c                wt_mt_add_water
 .text.wt_mt_drain2level
                0x08005ee0       0x64 ..\obj\main.o
                0x08005ee0                wt_mt_drain2level
 .text.run_watering_task
                0x08005f44      0x158 ..\obj\main.o
                0x08005f44                run_watering_task
 .text.TIM1_UP_TIM16_IRQHandler
                0x0800609c        0xc ..\obj\main.o
                0x0800609c                TIM1_UP_TIM16_IRQHandler
 .text.TIM1_TRG_COM_TIM17_IRQHandler
                0x080060a8        0xc ..\obj\main.o
                0x080060a8                TIM1_TRG_COM_TIM17_IRQHandler
 .text.EXTI9_5_IRQHandler
                0x080060b4       0xd4 ..\obj\main.o
                0x080060b4                EXTI9_5_IRQHandler
 .text.TIM4_IRQHandler
                0x08006188       0x38 ..\obj\main.o
                0x08006188                TIM4_IRQHandler
 .text.dht_arr_displayer
                0x080061c0       0xd8 ..\obj\main.o
                0x080061c0                dht_arr_displayer
 .text.readPercentVal
                0x08006298      0x140 ..\obj\main.o
                0x08006298                readPercentVal
 .text.hygroStatSettings
                0x080063d8       0x9c ..\obj\main.o
                0x080063d8                hygroStatSettings
 .text.Delay_us
                0x08006474       0x2c ..\obj\main.o
                0x08006474                Delay_us
 .text.buttonCalibration
                0x080064a0        0xc ..\obj\main.o
                0x080064a0                buttonCalibration
 .text.displayAdcValues
                0x080064ac      0x118 ..\obj\main.o
                0x080064ac                displayAdcValues
 .text.display_usart_rx
                0x080065c4       0xcc ..\obj\main.o
                0x080065c4                display_usart_rx
 .text.display_usart_tx
                0x08006690       0xd4 ..\obj\main.o
                0x08006690                display_usart_tx
 .text.readButtonRanges
                0x08006764       0x40 ..\obj\main.o
                0x08006764                readButtonRanges
 .text.adcAverager
                0x080067a4      0x18c ..\obj\main.o
                0x080067a4                adcAverager
 .text.setPlug  0x08006930       0xa4 ..\obj\main.o
                0x08006930                setPlug
 .text.printOk  0x080069d4       0x2c ..\obj\main.o
                0x080069d4                printOk
 .text.psiOn    0x08006a00       0x60 ..\obj\main.o
                0x08006a00                psiOn
 .text.psiOff   0x08006a60       0x2c ..\obj\main.o
                0x08006a60                psiOff
 .text.psiStab  0x08006a8c       0xc8 ..\obj\main.o
                0x08006a8c                psiStab
 .text.timerStateTrigger
                0x08006b54      0x1cc ..\obj\main.o
 .text.I2C_init2
                0x08006d20       0x5c ..\obj\main.o
                0x08006d20                I2C_init2
 .text.plugTest
                0x08006d7c       0x8c ..\obj\main.o
                0x08006d7c                plugTest
 .text.plugStateSet
                0x08006e08       0x8c ..\obj\main.o
                0x08006e08                plugStateSet
 .text.EE_WriteWord
                0x08006e94       0x38 ..\obj\main.o
                0x08006e94                EE_WriteWord
 .text.programRunner
                0x08006ecc      0x180 ..\obj\main.o
                0x08006ecc                programRunner
 .text.adjust8bit
                0x0800704c       0xac ..\obj\main.o
                0x0800704c                adjust8bit
 .text.adjust16bit
                0x080070f8       0xb8 ..\obj\main.o
                0x080070f8                adjust16bit
 .text.adjust16bit_fast
                0x080071b0       0xc8 ..\obj\main.o
                0x080071b0                adjust16bit_fast
 .text.CTimerAdjust
                0x08007278      0x188 ..\obj\main.o
                0x08007278                CTimerAdjust
 .text.setCTimer
                0x08007400       0xf0 ..\obj\main.o
                0x08007400                setCTimer
 .text.idSelector
                0x080074f0       0x90 ..\obj\main.o
                0x080074f0                idSelector
 .text.setTimer
                0x08007580       0xf4 ..\obj\main.o
                0x08007580                setTimer
 .text.timeAdjust
                0x08007674      0x2d4 ..\obj\main.o
                0x08007674                timeAdjust
 .text.Lcd_write_arr
                0x08007948       0x44 ..\obj\main.o
                0x08007948                Lcd_write_arr
 .text.unix2DateTime
                0x0800798c      0x2fc ..\obj\main.o
                0x0800798c                unix2DateTime
 .text.DateTime2unix
                0x08007c88      0x170 ..\obj\main.o
                0x08007c88                DateTime2unix
 .text.menuSelector
                0x08007df8      0x130 ..\obj\main.o
                0x08007df8                menuSelector
 .text.RTC_GetCounter
                0x08007f28       0x24 ..\obj\main.o
                0x08007f28                RTC_GetCounter
 .text.RTC_SetCounter
                0x08007f4c       0x48 ..\obj\main.o
                0x08007f4c                RTC_SetCounter
 .text.RtcInit  0x08007f94       0xcc ..\obj\main.o
                0x08007f94                RtcInit
 .text.copy_arr
                0x08008060       0x58 ..\obj\main.o
                0x08008060                copy_arr
 .text.skip_button_cal
                0x080080b8       0xa4 ..\obj\main.o
                0x080080b8                skip_button_cal
 .text.displayClock
                0x0800815c      0x284 ..\obj\main.o
 .text.readButtons
                0x080083e0       0xbc ..\obj\main.o
                0x080083e0                readButtons
 .text.Lcd_write_digit
                0x0800849c      0x118 ..\obj\main.o
                0x0800849c                Lcd_write_digit
 .text.vTaskLCDdraw
                0x080085b4       0x70 ..\obj\main.o
                0x080085b4                vTaskLCDdraw
 .text.int32str
                0x08008624      0x1cc ..\obj\main.o
                0x08008624                int32str
 .text.EE_ReadWord
                0x080087f0       0x4c ..\obj\main.o
                0x080087f0                EE_ReadWord
 .text.flush_lcd_buffer
                0x0800883c       0x40 ..\obj\main.o
                0x0800883c                flush_lcd_buffer
 .text.dht_power_control_init
                0x0800887c       0x30 ..\obj\main.o
                0x0800887c                dht_power_control_init
 .text.power_ctrl
                0x080088ac       0x74 ..\obj\main.o
                0x080088ac                power_ctrl
 .text.beep_overload
                0x08008920       0x2c ..\obj\main.o
                0x08008920                beep_overload
 .text.main     0x0800894c      0x218 ..\obj\main.o
                0x0800894c                main
 .text.loadSettings
                0x08008b64      0x170 ..\obj\main.o
                0x08008b64                loadSettings
 .text.Lcd_write_str
                0x08008cd4       0x7c ..\obj\main.o
                0x08008cd4                Lcd_write_str
 .text.Lcd_goto
                0x08008d50       0x48 ..\obj\main.o
                0x08008d50                Lcd_goto
 .text.Lcd_clear
                0x08008d98       0x1c ..\obj\main.o
                0x08008d98                Lcd_clear
 .text.xTimerCreateTimerTask
                0x08008db4       0x58 ..\obj\timers.o
                0x08008db4                xTimerCreateTimerTask
 .text.xTimerGenericCommand
                0x08008e0c       0x8c ..\obj\timers.o
                0x08008e0c                xTimerGenericCommand
 .text.prvProcessExpiredTimer
                0x08008e98       0x70 ..\obj\timers.o
 .text.prvTimerTask
                0x08008f08       0x24 ..\obj\timers.o
 .text.prvProcessTimerOrBlockTask
                0x08008f2c       0x70 ..\obj\timers.o
 .text.prvGetNextExpireTime
                0x08008f9c       0x48 ..\obj\timers.o
 .text.prvSampleTimeNow
                0x08008fe4       0x40 ..\obj\timers.o
 .text.prvInsertTimerInActiveList
                0x08009024       0x84 ..\obj\timers.o
 .text.prvProcessReceivedCommands
                0x080090a8      0x10c ..\obj\timers.o
 .text.prvSwitchTimerLists
                0x080091b4       0xb0 ..\obj\timers.o
 .text.prvCheckForValidListAndQueue
                0x08009264       0x60 ..\obj\timers.o
 .text.RCC_GetClocksFreq
                0x080092c4      0x15c ..\obj\stm32f10x_rcc.o
                0x080092c4                RCC_GetClocksFreq
 .text.RCC_AHBPeriphClockCmd
                0x08009420       0x3c ..\obj\stm32f10x_rcc.o
                0x08009420                RCC_AHBPeriphClockCmd
 .text.RCC_APB2PeriphClockCmd
                0x0800945c       0x3c ..\obj\stm32f10x_rcc.o
                0x0800945c                RCC_APB2PeriphClockCmd
 .text.RCC_APB1PeriphClockCmd
                0x08009498       0x3c ..\obj\stm32f10x_rcc.o
                0x08009498                RCC_APB1PeriphClockCmd
 .text.RCC_APB2PeriphResetCmd
                0x080094d4       0x3c ..\obj\stm32f10x_rcc.o
                0x080094d4                RCC_APB2PeriphResetCmd
 .text.RCC_APB1PeriphResetCmd
                0x08009510       0x3c ..\obj\stm32f10x_rcc.o
                0x08009510                RCC_APB1PeriphResetCmd
 .text.Delay_us_
                0x0800954c       0x2c ..\obj\delays.o
                0x0800954c                Delay_us_
 .text.EXTI_Init
                0x08009578       0xe4 ..\obj\stm32f10x_exti.o
                0x08009578                EXTI_Init
 .text.EXTI_GetITStatus
                0x0800965c       0x48 ..\obj\stm32f10x_exti.o
                0x0800965c                EXTI_GetITStatus
 .text.EXTI_ClearITPendingBit
                0x080096a4       0x1c ..\obj\stm32f10x_exti.o
                0x080096a4                EXTI_ClearITPendingBit
 .text.xTaskGenericCreate
                0x080096c0      0x160 ..\obj\tasks.o
                0x080096c0                xTaskGenericCreate
 .text.vTaskDelay
                0x08009820       0x84 ..\obj\tasks.o
                0x08009820                vTaskDelay
 .text.vTaskStartScheduler
                0x080098a4       0x7c ..\obj\tasks.o
                0x080098a4                vTaskStartScheduler
 .text.vTaskSuspendAll
                0x08009920       0x1c ..\obj\tasks.o
                0x08009920                vTaskSuspendAll
 .text.xTaskResumeAll
                0x0800993c      0x10c ..\obj\tasks.o
                0x0800993c                xTaskResumeAll
 .text.xTaskGetTickCount
                0x08009a48       0x20 ..\obj\tasks.o
                0x08009a48                xTaskGetTickCount
 .text.xTaskIncrementTick
                0x08009a68      0x170 ..\obj\tasks.o
                0x08009a68                xTaskIncrementTick
 .text.vTaskSwitchContext
                0x08009bd8       0xa0 ..\obj\tasks.o
                0x08009bd8                vTaskSwitchContext
 .text.vTaskPlaceOnEventList
                0x08009c78       0x8c ..\obj\tasks.o
                0x08009c78                vTaskPlaceOnEventList
 .text.vTaskPlaceOnEventListRestricted
                0x08009d04       0x8c ..\obj\tasks.o
                0x08009d04                vTaskPlaceOnEventListRestricted
 .text.xTaskRemoveFromEventList
                0x08009d90       0xb8 ..\obj\tasks.o
                0x08009d90                xTaskRemoveFromEventList
 .text.vTaskSetTimeOutState
                0x08009e48       0x34 ..\obj\tasks.o
                0x08009e48                vTaskSetTimeOutState
 .text.xTaskCheckForTimeOut
                0x08009e7c       0xa0 ..\obj\tasks.o
                0x08009e7c                xTaskCheckForTimeOut
 .text.vTaskMissedYield
                0x08009f1c       0x18 ..\obj\tasks.o
                0x08009f1c                vTaskMissedYield
 .text.prvIdleTask
                0x08009f34       0x20 ..\obj\tasks.o
 .text.prvInitialiseTCBVariables
                0x08009f54       0xa4 ..\obj\tasks.o
 .text.prvInitialiseTaskLists
                0x08009ff8       0x7c ..\obj\tasks.o
 .text.prvCheckTasksWaitingTermination
                0x0800a074       0x74 ..\obj\tasks.o
 .text.prvAddCurrentTaskToDelayedList
                0x0800a0e8       0x6c ..\obj\tasks.o
 .text.prvAllocateTCBAndStack
                0x0800a154       0x58 ..\obj\tasks.o
 .text.prvDeleteTCB
                0x0800a1ac       0x20 ..\obj\tasks.o
 .text.prvResetNextTaskUnblockTime
                0x0800a1cc       0x48 ..\obj\tasks.o
 .text.xTaskGetSchedulerState
                0x0800a214       0x3c ..\obj\tasks.o
                0x0800a214                xTaskGetSchedulerState
 .text.vTaskPriorityInherit
                0x0800a250       0xf0 ..\obj\tasks.o
                0x0800a250                vTaskPriorityInherit
 .text.xTaskPriorityDisinherit
                0x0800a340       0xf0 ..\obj\tasks.o
                0x0800a340                xTaskPriorityDisinherit
 .text.pvTaskIncrementMutexHeldCount
                0x0800a430       0x28 ..\obj\tasks.o
                0x0800a430                pvTaskIncrementMutexHeldCount
 .text.USART_DeInit
                0x0800a458       0xb8 ..\obj\stm32f10x_usart.o
                0x0800a458                USART_DeInit
 .text.USART_Init
                0x0800a510      0x174 ..\obj\stm32f10x_usart.o
                0x0800a510                USART_Init
 .text.USART_Cmd
                0x0800a684       0x40 ..\obj\stm32f10x_usart.o
                0x0800a684                USART_Cmd
 .text.USART_ReceiveData
                0x0800a6c4       0x20 ..\obj\stm32f10x_usart.o
                0x0800a6c4                USART_ReceiveData
 .text.USART_ClearFlag
                0x0800a6e4       0x20 ..\obj\stm32f10x_usart.o
                0x0800a6e4                USART_ClearFlag
 .text.USART_GetITStatus
                0x0800a704       0xb8 ..\obj\stm32f10x_usart.o
                0x0800a704                USART_GetITStatus
 .text.init_adg715
                0x0800a7bc       0x5c ..\obj\ad5934.o
                0x0800a7bc                init_adg715
 .text.ad5934_write_data
                0x0800a818       0x34 ..\obj\ad5934.o
                0x0800a818                ad5934_write_data
 .text.ad5934_read_data
                0x0800a84c       0x58 ..\obj\ad5934.o
                0x0800a84c                ad5934_read_data
 .text.mod4int  0x0800a8a4       0x28 ..\obj\ad5934.o
                0x0800a8a4                mod4int
 .text.runSweep
                0x0800a8cc      0x1e0 ..\obj\ad5934.o
                0x0800a8cc                runSweep
 .text.asqrt    0x0800aaac       0x6c ..\obj\ad5934.o
                0x0800aaac                asqrt
 .text.vListInitialise
                0x0800ab18       0x40 ..\obj\list.o
                0x0800ab18                vListInitialise
 .text.vListInitialiseItem
                0x0800ab58       0x18 ..\obj\list.o
                0x0800ab58                vListInitialiseItem
 .text.vListInsertEnd
                0x0800ab70       0x48 ..\obj\list.o
                0x0800ab70                vListInsertEnd
 .text.vListInsert
                0x0800abb8       0x70 ..\obj\list.o
                0x0800abb8                vListInsert
 .text.uxListRemove
                0x0800ac28       0x54 ..\obj\list.o
                0x0800ac28                uxListRemove
 .text.FLASH_Unlock
                0x0800ac7c       0x24 ..\obj\stm32f10x_flash.o
                0x0800ac7c                FLASH_Unlock
 .text.FLASH_ErasePage
                0x0800aca0       0x64 ..\obj\stm32f10x_flash.o
                0x0800aca0                FLASH_ErasePage
 .text.FLASH_ProgramHalfWord
                0x0800ad04       0x5c ..\obj\stm32f10x_flash.o
                0x0800ad04                FLASH_ProgramHalfWord
 .text.FLASH_GetBank1Status
                0x0800ad60       0x58 ..\obj\stm32f10x_flash.o
                0x0800ad60                FLASH_GetBank1Status
 .text.FLASH_WaitForLastOperation
                0x0800adb8       0x44 ..\obj\stm32f10x_flash.o
                0x0800adb8                FLASH_WaitForLastOperation
 .text.NMI_Handler
                0x0800adfc        0xc ..\obj\stm32f10x_it.o
                0x0800adfc                NMI_Handler
 .text.HardFault_Handler
                0x0800ae08        0x8 ..\obj\stm32f10x_it.o
                0x0800ae08                HardFault_Handler
 .text.MemManage_Handler
                0x0800ae10        0x8 ..\obj\stm32f10x_it.o
                0x0800ae10                MemManage_Handler
 .text.BusFault_Handler
                0x0800ae18        0x8 ..\obj\stm32f10x_it.o
                0x0800ae18                BusFault_Handler
 .text.UsageFault_Handler
                0x0800ae20        0x8 ..\obj\stm32f10x_it.o
                0x0800ae20                UsageFault_Handler
 .text.DebugMon_Handler
                0x0800ae28        0xc ..\obj\stm32f10x_it.o
                0x0800ae28                DebugMon_Handler
 .text.I2C1_EV_IRQHandler
                0x0800ae34      0x294 ..\obj\stm32f10x_it.o
                0x0800ae34                I2C1_EV_IRQHandler
 .text.I2C2_EV_IRQHandler
                0x0800b0c8      0x28c ..\obj\stm32f10x_it.o
                0x0800b0c8                I2C2_EV_IRQHandler
 .text.I2C2_ER_IRQHandler
                0x0800b354       0x98 ..\obj\stm32f10x_it.o
                0x0800b354                I2C2_ER_IRQHandler
 .text.I2C1_ER_IRQHandler
                0x0800b3ec       0x98 ..\obj\stm32f10x_it.o
                0x0800b3ec                I2C1_ER_IRQHandler
 .text.xQueueGenericReset
                0x0800b484       0xb0 ..\obj\queue.o
                0x0800b484                xQueueGenericReset
 .text.xQueueGenericCreate
                0x0800b534       0x90 ..\obj\queue.o
                0x0800b534                xQueueGenericCreate
 .text.xQueueGenericSend
                0x0800b5c4      0x18c ..\obj\queue.o
                0x0800b5c4                xQueueGenericSend
 .text.xQueueGenericSendFromISR
                0x0800b750       0xd4 ..\obj\queue.o
                0x0800b750                xQueueGenericSendFromISR
 .text.xQueueGenericReceive
                0x0800b824      0x1bc ..\obj\queue.o
                0x0800b824                xQueueGenericReceive
 .text.prvCopyDataToQueue
                0x0800b9e0       0xdc ..\obj\queue.o
 .text.prvCopyDataFromQueue
                0x0800babc       0x4c ..\obj\queue.o
 .text.prvUnlockQueue
                0x0800bb08       0x98 ..\obj\queue.o
 .text.prvIsQueueEmpty
                0x0800bba0       0x2c ..\obj\queue.o
 .text.prvIsQueueFull
                0x0800bbcc       0x30 ..\obj\queue.o
 .text.vQueueWaitForMessageRestricted
                0x0800bbfc       0x5c ..\obj\queue.o
                0x0800bbfc                vQueueWaitForMessageRestricted
 .text.pxPortInitialiseStack
                0x0800bc58       0x58 ..\obj\port.o
                0x0800bc58                pxPortInitialiseStack
 .text.prvTaskExitError
                0x0800bcb0       0x20 ..\obj\port.o
 .text.SVC_Handler
                0x0800bcd0       0x24 ..\obj\port.o
                0x0800bcd0                SVC_Handler
 .text.prvPortStartFirstTask
                0x0800bcf4       0x20 ..\obj\port.o
 .text.xPortStartScheduler
                0x0800bd14       0xbc ..\obj\port.o
                0x0800bd14                xPortStartScheduler
 .text.vPortYield
                0x0800bdd0       0x20 ..\obj\port.o
                0x0800bdd0                vPortYield
 .text.vPortEnterCritical
                0x0800bdf0       0x3c ..\obj\port.o
                0x0800bdf0                vPortEnterCritical
 .text.vPortExitCritical
                0x0800be2c       0x30 ..\obj\port.o
                0x0800be2c                vPortExitCritical
 .text.ulPortSetInterruptMask
                0x0800be5c       0x14 ..\obj\port.o
                0x0800be5c                ulPortSetInterruptMask
 .text.vPortClearInterruptMask
                0x0800be70        0x8 ..\obj\port.o
                0x0800be70                vPortClearInterruptMask
 .text.PendSV_Handler
                0x0800be78       0x44 ..\obj\port.o
                0x0800be78                PendSV_Handler
 .text.SysTick_Handler
                0x0800bebc       0x28 ..\obj\port.o
                0x0800bebc                SysTick_Handler
 .text.vPortSetupTimerInterrupt
                0x0800bee4       0x24 ..\obj\port.o
                0x0800bee4                vPortSetupTimerInterrupt
 .text.vPortValidateInterruptPriority
                0x0800bf08       0x58 ..\obj\port.o
                0x0800bf08                vPortValidateInterruptPriority
 .text.DMA_DeInit
                0x0800bf60      0x178 ..\obj\stm32f10x_dma.o
                0x0800bf60                DMA_DeInit
 .text.DMA_Init
                0x0800c0d8       0x7c ..\obj\stm32f10x_dma.o
                0x0800c0d8                DMA_Init
 .text.DMA_Cmd  0x0800c154       0x38 ..\obj\stm32f10x_dma.o
                0x0800c154                DMA_Cmd
 .text.DMA_GetFlagStatus
                0x0800c18c       0x54 ..\obj\stm32f10x_dma.o
                0x0800c18c                DMA_GetFlagStatus
 .text.DMA_ClearFlag
                0x0800c1e0       0x34 ..\obj\stm32f10x_dma.o
                0x0800c1e0                DMA_ClearFlag
 .text.DMA_ClearITPendingBit
                0x0800c214       0x34 ..\obj\stm32f10x_dma.o
                0x0800c214                DMA_ClearITPendingBit
 .text.NVIC_PriorityGroupConfig
                0x0800c248       0x24 ..\obj\misc.o
                0x0800c248                NVIC_PriorityGroupConfig
 .text.NVIC_Init
                0x0800c26c       0xc4 ..\obj\misc.o
                0x0800c26c                NVIC_Init
 .text.I2C_DeInit
                0x0800c330       0x44 ..\obj\stm32f10x_i2c.o
                0x0800c330                I2C_DeInit
 .text.I2C_Init
                0x0800c374      0x184 ..\obj\stm32f10x_i2c.o
                0x0800c374                I2C_Init
 .text.I2C_GenerateSTOP
                0x0800c4f8       0x40 ..\obj\stm32f10x_i2c.o
                0x0800c4f8                I2C_GenerateSTOP
 .text.pvPortMalloc
                0x0800c538      0x11c ..\obj\heap_2.o
                0x0800c538                pvPortMalloc
 .text.vPortFree
                0x0800c654       0x70 ..\obj\heap_2.o
                0x0800c654                vPortFree
 .text.prvHeapInit
                0x0800c6c4       0x50 ..\obj\heap_2.o
 .text.EE_Init  0x0800c714      0x28c ..\obj\eeprom.o
                0x0800c714                EE_Init
 .text.EE_ReadVariable
                0x0800c9a0       0x98 ..\obj\eeprom.o
                0x0800c9a0                EE_ReadVariable
 .text.EE_WriteVariable
                0x0800ca38       0x44 ..\obj\eeprom.o
                0x0800ca38                EE_WriteVariable
 .text.EE_Format
                0x0800ca7c       0x50 ..\obj\eeprom.o
 .text.EE_FindValidPage
                0x0800cacc       0x8c ..\obj\eeprom.o
 .text.EE_VerifyPageFullWriteVariable
                0x0800cb58       0xb4 ..\obj\eeprom.o
 .text.EE_PageTransfer
                0x0800cc0c      0x134 ..\obj\eeprom.o
 .text.sonar_init
                0x0800cd40       0xdc ..\obj\driver_sonar.o
                0x0800cd40                sonar_init
 .text.IWDG_ReloadCounter
                0x0800ce1c       0x18 ..\obj\stm32f10x_iwdg.o
                0x0800ce1c                IWDG_ReloadCounter
 .text          0x0800ce34       0xec c:/coocox/toolchain/bin/../lib/gcc/arm-none-eabi/4.9.3/../../../../arm-none-eabi/lib/armv7-m\libg.a(lib_a-memcpy.o)
                0x0800ce34                memcpy
 *(.init)
 *(.fini)
 *crtbegin.o(.ctors)
 *crtbegin?.o(.ctors)
 *(EXCLUDE_FILE(*crtend.o *crtend?.o) .ctors)
 *(SORT(.ctors.*))
 *(.ctors)
 *crtbegin.o(.dtors)
 *crtbegin?.o(.dtors)
 *(EXCLUDE_FILE(*crtend.o *crtend?.o) .dtors)
 *(SORT(.dtors.*))
 *(.dtors)
 *(.rodata*)
 .rodata        0x0800cf20      0x6e4 ..\obj\main.o
                0x0800d110                menuItemArray
                0x0800d374                fatArray
 .rodata        0x0800d604        0x8 ..\obj\timers.o
 .rodata        0x0800d60c        0x8 ..\obj\tasks.o
 *(.eh_fram e*)

.glue_7         0x0800d614        0x0
 .glue_7        0x00000000        0x0 linker stubs

.glue_7t        0x0800d614        0x0
 .glue_7t       0x00000000        0x0 linker stubs

.vfp11_veneer   0x0800d614        0x0
 .vfp11_veneer  0x00000000        0x0 linker stubs

.v4_bx          0x0800d614        0x0
 .v4_bx         0x00000000        0x0 linker stubs

.iplt           0x0800d614        0x0
 .iplt          0x00000000        0x0 ..\obj\delay.o

.rel.dyn        0x0800d614        0x0
 .rel.iplt      0x00000000        0x0 ..\obj\delay.o

.ARM.extab
 *(.ARM.extab* .gnu.linkonce.armextab.*)
                0x0800d614                __exidx_start = .

.ARM.exidx
 *(.ARM.exidx* .gnu.linkonce.armexidx.*)
                0x0800d614                __exidx_end = .
                0x0800d614                __etext = .
                0x0800d614                _sidata = __etext

.data           0x20000000       0x8c load address 0x0800d614
                0x20000000                __data_start__ = .
                0x20000000                _sdata = __data_start__
 *(vtable)
 *(.data*)
 .data          0x20000000       0x24 ..\obj\LiquidCrystal_I2C.o
                0x20000000                Buffer_Tx1
                0x20000008                Buffer_Tx2
                0x20000010                Buffer_Rx1
                0x20000018                Buffer_Rx2
 .data          0x20000024       0x40 ..\obj\main.o
                0x20000034                x
                0x20000038                psi_sw_speed
 .data          0x20000064       0x14 ..\obj\stm32f10x_rcc.o
 .data          0x20000078        0xc ..\obj\ad5934.o
                0x20000078                range_mode
                0x2000007c                start_freq
                0x20000080                incre_freq
 .data          0x20000084        0x4 ..\obj\port.o
 .data          0x20000088        0x4 ..\obj\heap_2.o
                0x2000008c                . = ALIGN (0x4)
                0x2000008c                PROVIDE (__preinit_array_start, .)
 *(.preinit_array)
                0x2000008c                PROVIDE (__preinit_array_end, .)
                0x2000008c                . = ALIGN (0x4)
                0x2000008c                PROVIDE (__init_array_start, .)
 *(SORT(.init_array.*))
 *(.init_array)
                0x2000008c                PROVIDE (__init_array_end, .)
                0x2000008c                . = ALIGN (0x4)
                0x2000008c                PROVIDE (__fini_array_start, .)
 *(SORT(.fini_array.*))
 *(.fini_array)
                0x2000008c                PROVIDE (__fini_array_end, .)
 *(.jcr*)
                0x2000008c                . = ALIGN (0x4)
                0x2000008c                __data_end__ = .
                0x2000008c                _edata = __data_end__

.igot.plt       0x2000008c        0x0 load address 0x0800d6a0
 .igot.plt      0x00000000        0x0 ..\obj\delay.o

.bss            0x2000008c     0x18ac load address 0x0800d6a0
                0x2000008c                . = ALIGN (0x4)
                0x2000008c                __bss_start__ = .
                0x2000008c                _sbss = __bss_start__
 *(.bss*)
 .bss           0x2000008c        0x4 ..\obj\I2CRoutines.o
                0x2000008c                I2CDirection
 .bss           0x20000090       0xf8 ..\obj\main.o
                0x200000c7                dht_byte_pointer
                0x200000d8                rxcntr
                0x200000da                icval
                0x200000dc                icval2
                0x200000de                phval_v
                0x200000e0                tmpexti
                0x20000122                wpProgress
                0x20000161                pending_wt
                0x20000170                ph1_adc_val
                0x20000172                ec1_adc_val
                0x20000174                last_cmd
 .bss           0x20000188       0x38 ..\obj\timers.o
 .bss           0x200001c0      0x100 ..\obj\tasks.o
                0x200001c0                pxCurrentTCB
 .bss           0x200002c0        0x4 ..\obj\stm32f10x_it.o
                0x200002c0                Tx_Idx1
                0x200002c1                Rx_Idx1
                0x200002c2                Tx_Idx2
                0x200002c3                Rx_Idx2
 .bss           0x200002c4        0x8 ..\obj\port.o
 .bss           0x200002cc     0x1590 ..\obj\heap_2.o
 .bss           0x2000185c        0x2 ..\obj\eeprom.o
                0x2000185c                DataVar
 *(COMMON)
 *fill*         0x2000185e        0x2 
 COMMON         0x20001860       0x38 ..\obj\I2CRoutines.o
                0x20001860                I2CDMA_InitStructure
                0x2000188c                Address
                0x20001890                NumbOfBytes2
                0x20001894                NumbOfBytes1
 COMMON         0x20001898       0x99 ..\obj\main.o
                0x20001898                tmpdata
                0x20001899                HSEStartUpStatus
                0x2000189c                water_counter
                0x200018ac                wt_args
                0x200018b3                FlashStatus
                0x200018b4                wfCalArray
                0x200018bc                toAdjust
                0x200018c0                RxBuffer
                0x200018e8                ds_buf
                0x200018f4                TxBuffer
                0x20001920                TIM_ICInitStructure
                0x2000192c                dht_byte_buf
 *fill*         0x20001931        0x3 
 COMMON         0x20001934        0x2 ..\obj\ad5934.o
                0x20001934                adg_conf
                0x20001938                . = ALIGN (0x4)
 *fill*         0x20001936        0x2 
                0x20001938                __bss_end__ = .
                0x20001938                _ebss = __bss_end__

.heap           0x20001938        0x0
                0x20001938                __end__ = .
                0x20001938                _end = __end__
                0x20001938                end = __end__
 *(.heap*)
                0x20001938                __HeapLimit = .

.co_stack       0x20001938      0x400 load address 0x0800ef4c
                0x20001938                . = ALIGN (0x8)
 *(.co_stack .co_stack.*)
 .co_stack      0x20001938      0x400 ..\obj\startup_stm32f10x_md_vl.o
                0x20001938                pulStack
                0x20002000                __StackTop = (ORIGIN (ram) + 0x2000)
                0x20001c00                __StackLimit = (__StackTop - SIZEOF (.co_stack))
                0x20002000                PROVIDE (__stack, __StackTop)
                0x00000001                ASSERT ((__StackLimit >= __HeapLimit), region ram  overflowed with stack)
LOAD ..\obj\delay.o
LOAD ..\obj\stm32f10x_tim.o
LOAD ..\obj\startup_stm32f10x_md_vl.o
LOAD ..\obj\core_cm3.o
LOAD ..\obj\I2CRoutines.o
LOAD ..\obj\system_stm32f10x.o
LOAD ..\obj\stm32f10x_pwr.o
LOAD ..\obj\LiquidCrystal_I2C.o
LOAD ..\obj\stm32f10x_gpio.o
LOAD ..\obj\main.o
LOAD ..\obj\timers.o
LOAD ..\obj\stm32f10x_rcc.o
LOAD ..\obj\delays.o
LOAD ..\obj\I2C.o
LOAD ..\obj\stm32f10x_exti.o
LOAD ..\obj\tasks.o
LOAD ..\obj\stm32f10x_adc.o
LOAD ..\obj\stm32f10x_usart.o
LOAD ..\obj\ad5934.o
LOAD ..\obj\list.o
LOAD ..\obj\stm32f10x_flash.o
LOAD ..\obj\stm32f10x_it.o
LOAD ..\obj\queue.o
LOAD ..\obj\port.o
LOAD ..\obj\stm32f10x_dma.o
LOAD ..\obj\croutine.o
LOAD ..\obj\dht22.o
LOAD ..\obj\misc.o
LOAD ..\obj\stm32f10x_spi.o
LOAD ..\obj\stm32f10x_i2c.o
LOAD ..\obj\heap_2.o
LOAD ..\obj\eeprom.o
LOAD ..\obj\driver_sonar.o
LOAD ..\obj\stm32f10x_iwdg.o
START GROUP
LOAD c:/coocox/toolchain/bin/../lib/gcc/arm-none-eabi/4.9.3/armv7-m\libgcc.a
LOAD c:/coocox/toolchain/bin/../lib/gcc/arm-none-eabi/4.9.3/../../../../arm-none-eabi/lib/armv7-m\libg.a
LOAD c:/coocox/toolchain/bin/../lib/gcc/arm-none-eabi/4.9.3/../../../../arm-none-eabi/lib/armv7-m\libc.a
END GROUP
OUTPUT(Grolly 2.elf elf32-littlearm)

.debug_info     0x00000000     0xfa9b
 .debug_info    0x00000000      0x169 ..\obj\delay.o
 .debug_info    0x00000169     0x1c42 ..\obj\stm32f10x_tim.o
 .debug_info    0x00001dab       0xe9 ..\obj\startup_stm32f10x_md_vl.o
 .debug_info    0x00001e94      0x7da ..\obj\I2CRoutines.o
 .debug_info    0x0000266e      0x3d5 ..\obj\system_stm32f10x.o
 .debug_info    0x00002a43      0x63d ..\obj\LiquidCrystal_I2C.o
 .debug_info    0x00003080      0x6d1 ..\obj\stm32f10x_gpio.o
 .debug_info    0x00003751     0x4d1a ..\obj\main.o
 .debug_info    0x0000846b      0x834 ..\obj\timers.o
 .debug_info    0x00008c9f      0x8e4 ..\obj\stm32f10x_rcc.o
 .debug_info    0x00009583       0xcd ..\obj\delays.o
 .debug_info    0x00009650      0x32b ..\obj\stm32f10x_exti.o
 .debug_info    0x0000997b     0x12d5 ..\obj\tasks.o
 .debug_info    0x0000ac50      0x9d2 ..\obj\stm32f10x_usart.o
 .debug_info    0x0000b622      0x4ad ..\obj\ad5934.o
 .debug_info    0x0000bacf      0x299 ..\obj\list.o
 .debug_info    0x0000bd68      0x79b ..\obj\stm32f10x_flash.o
 .debug_info    0x0000c503      0x401 ..\obj\stm32f10x_it.o
 .debug_info    0x0000c904      0x9d7 ..\obj\queue.o
 .debug_info    0x0000d2db      0x313 ..\obj\port.o
 .debug_info    0x0000d5ee      0x45d ..\obj\stm32f10x_dma.o
 .debug_info    0x0000da4b      0x4e9 ..\obj\misc.o
 .debug_info    0x0000df34      0xaea ..\obj\stm32f10x_i2c.o
 .debug_info    0x0000ea1e      0x2d8 ..\obj\heap_2.o
 .debug_info    0x0000ecf6      0x433 ..\obj\eeprom.o
 .debug_info    0x0000f129      0x77e ..\obj\driver_sonar.o
 .debug_info    0x0000f8a7      0x1f4 ..\obj\stm32f10x_iwdg.o

.debug_abbrev   0x00000000     0x2668
 .debug_abbrev  0x00000000       0xa1 ..\obj\delay.o
 .debug_abbrev  0x000000a1      0x1b0 ..\obj\stm32f10x_tim.o
 .debug_abbrev  0x00000251       0xa7 ..\obj\startup_stm32f10x_md_vl.o
 .debug_abbrev  0x000002f8      0x1dc ..\obj\I2CRoutines.o
 .debug_abbrev  0x000004d4      0x177 ..\obj\system_stm32f10x.o
 .debug_abbrev  0x0000064b      0x1d4 ..\obj\LiquidCrystal_I2C.o
 .debug_abbrev  0x0000081f      0x1c8 ..\obj\stm32f10x_gpio.o
 .debug_abbrev  0x000009e7      0x348 ..\obj\main.o
 .debug_abbrev  0x00000d2f      0x1a0 ..\obj\timers.o
 .debug_abbrev  0x00000ecf      0x1ba ..\obj\stm32f10x_rcc.o
 .debug_abbrev  0x00001089       0x85 ..\obj\delays.o
 .debug_abbrev  0x0000110e      0x151 ..\obj\stm32f10x_exti.o
 .debug_abbrev  0x0000125f      0x23c ..\obj\tasks.o
 .debug_abbrev  0x0000149b      0x162 ..\obj\stm32f10x_usart.o
 .debug_abbrev  0x000015fd      0x16b ..\obj\ad5934.o
 .debug_abbrev  0x00001768       0xbc ..\obj\list.o
 .debug_abbrev  0x00001824      0x18b ..\obj\stm32f10x_flash.o
 .debug_abbrev  0x000019af      0x11f ..\obj\stm32f10x_it.o
 .debug_abbrev  0x00001ace      0x13d ..\obj\queue.o
 .debug_abbrev  0x00001c0b      0x1a2 ..\obj\port.o
 .debug_abbrev  0x00001dad      0x155 ..\obj\stm32f10x_dma.o
 .debug_abbrev  0x00001f02      0x154 ..\obj\misc.o
 .debug_abbrev  0x00002056      0x164 ..\obj\stm32f10x_i2c.o
 .debug_abbrev  0x000021ba      0x150 ..\obj\heap_2.o
 .debug_abbrev  0x0000230a      0x139 ..\obj\eeprom.o
 .debug_abbrev  0x00002443      0x124 ..\obj\driver_sonar.o
 .debug_abbrev  0x00002567      0x101 ..\obj\stm32f10x_iwdg.o

.debug_aranges  0x00000000     0x1750
 .debug_aranges
                0x00000000       0x28 ..\obj\delay.o
 .debug_aranges
                0x00000028      0x2f0 ..\obj\stm32f10x_tim.o
 .debug_aranges
                0x00000318       0x28 ..\obj\startup_stm32f10x_md_vl.o
 .debug_aranges
                0x00000340       0x58 ..\obj\I2CRoutines.o
 .debug_aranges
                0x00000398       0x38 ..\obj\system_stm32f10x.o
 .debug_aranges
                0x000003d0      0x130 ..\obj\LiquidCrystal_I2C.o
 .debug_aranges
                0x00000500       0xa8 ..\obj\stm32f10x_gpio.o
 .debug_aranges
                0x000005a8      0x6d8 ..\obj\main.o
 .debug_aranges
                0x00000c80       0x98 ..\obj\timers.o
 .debug_aranges
                0x00000d18      0x120 ..\obj\stm32f10x_rcc.o
 .debug_aranges
                0x00000e38       0x20 ..\obj\delays.o
 .debug_aranges
                0x00000e58       0x58 ..\obj\stm32f10x_exti.o
 .debug_aranges
                0x00000eb0      0x190 ..\obj\tasks.o
 .debug_aranges
                0x00001040      0x100 ..\obj\stm32f10x_usart.o
 .debug_aranges
                0x00001140       0x50 ..\obj\ad5934.o
 .debug_aranges
                0x00001190       0x40 ..\obj\list.o
 .debug_aranges
                0x000011d0       0xf8 ..\obj\stm32f10x_flash.o
 .debug_aranges
                0x000012c8       0x68 ..\obj\stm32f10x_it.o
 .debug_aranges
                0x00001330       0xc0 ..\obj\queue.o
 .debug_aranges
                0x000013f0       0x90 ..\obj\port.o
 .debug_aranges
                0x00001480       0x70 ..\obj\stm32f10x_dma.o
 .debug_aranges
                0x000014f0       0x40 ..\obj\misc.o
 .debug_aranges
                0x00001530      0x120 ..\obj\stm32f10x_i2c.o
 .debug_aranges
                0x00001650       0x40 ..\obj\heap_2.o
 .debug_aranges
                0x00001690       0x50 ..\obj\eeprom.o
 .debug_aranges
                0x000016e0       0x28 ..\obj\driver_sonar.o
 .debug_aranges
                0x00001708       0x48 ..\obj\stm32f10x_iwdg.o

.debug_ranges   0x00000000     0x15b8
 .debug_ranges  0x00000000       0x18 ..\obj\delay.o
 .debug_ranges  0x00000018      0x2e0 ..\obj\stm32f10x_tim.o
 .debug_ranges  0x000002f8       0x18 ..\obj\startup_stm32f10x_md_vl.o
 .debug_ranges  0x00000310       0x48 ..\obj\I2CRoutines.o
 .debug_ranges  0x00000358       0x28 ..\obj\system_stm32f10x.o
 .debug_ranges  0x00000380      0x120 ..\obj\LiquidCrystal_I2C.o
 .debug_ranges  0x000004a0       0x98 ..\obj\stm32f10x_gpio.o
 .debug_ranges  0x00000538      0x6c8 ..\obj\main.o
 .debug_ranges  0x00000c00       0x88 ..\obj\timers.o
 .debug_ranges  0x00000c88      0x110 ..\obj\stm32f10x_rcc.o
 .debug_ranges  0x00000d98       0x10 ..\obj\delays.o
 .debug_ranges  0x00000da8       0x48 ..\obj\stm32f10x_exti.o
 .debug_ranges  0x00000df0      0x198 ..\obj\tasks.o
 .debug_ranges  0x00000f88       0xf0 ..\obj\stm32f10x_usart.o
 .debug_ranges  0x00001078       0x40 ..\obj\ad5934.o
 .debug_ranges  0x000010b8       0x30 ..\obj\list.o
 .debug_ranges  0x000010e8       0xe8 ..\obj\stm32f10x_flash.o
 .debug_ranges  0x000011d0       0x58 ..\obj\stm32f10x_it.o
 .debug_ranges  0x00001228       0xb0 ..\obj\queue.o
 .debug_ranges  0x000012d8       0x80 ..\obj\port.o
 .debug_ranges  0x00001358       0x60 ..\obj\stm32f10x_dma.o
 .debug_ranges  0x000013b8       0x30 ..\obj\misc.o
 .debug_ranges  0x000013e8      0x110 ..\obj\stm32f10x_i2c.o
 .debug_ranges  0x000014f8       0x30 ..\obj\heap_2.o
 .debug_ranges  0x00001528       0x40 ..\obj\eeprom.o
 .debug_ranges  0x00001568       0x18 ..\obj\driver_sonar.o
 .debug_ranges  0x00001580       0x38 ..\obj\stm32f10x_iwdg.o

.debug_line     0x00000000     0x8301
 .debug_line    0x00000000      0x172 ..\obj\delay.o
 .debug_line    0x00000172      0xa6d ..\obj\stm32f10x_tim.o
 .debug_line    0x00000bdf       0x9d ..\obj\startup_stm32f10x_md_vl.o
 .debug_line    0x00000c7c      0x446 ..\obj\I2CRoutines.o
 .debug_line    0x000010c2      0x1be ..\obj\system_stm32f10x.o
 .debug_line    0x00001280      0x3d9 ..\obj\LiquidCrystal_I2C.o
 .debug_line    0x00001659      0x345 ..\obj\stm32f10x_gpio.o
 .debug_line    0x0000199e     0x299c ..\obj\main.o
 .debug_line    0x0000433a      0x39e ..\obj\timers.o
 .debug_line    0x000046d8      0x46a ..\obj\stm32f10x_rcc.o
 .debug_line    0x00004b42      0x119 ..\obj\delays.o
 .debug_line    0x00004c5b      0x233 ..\obj\stm32f10x_exti.o
 .debug_line    0x00004e8e      0xa4b ..\obj\tasks.o
 .debug_line    0x000058d9      0x428 ..\obj\stm32f10x_usart.o
 .debug_line    0x00005d01      0x266 ..\obj\ad5934.o
 .debug_line    0x00005f67      0x1e2 ..\obj\list.o
 .debug_line    0x00006149      0x460 ..\obj\stm32f10x_flash.o
 .debug_line    0x000065a9      0x293 ..\obj\stm32f10x_it.o
 .debug_line    0x0000683c      0x6bd ..\obj\queue.o
 .debug_line    0x00006ef9      0x2ae ..\obj\port.o
 .debug_line    0x000071a7      0x292 ..\obj\stm32f10x_dma.o
 .debug_line    0x00007439      0x1d3 ..\obj\misc.o
 .debug_line    0x0000760c      0x465 ..\obj\stm32f10x_i2c.o
 .debug_line    0x00007a71      0x217 ..\obj\heap_2.o
 .debug_line    0x00007c88      0x2af ..\obj\eeprom.o
 .debug_line    0x00007f37      0x21c ..\obj\driver_sonar.o
 .debug_line    0x00008153      0x1ae ..\obj\stm32f10x_iwdg.o

.debug_str      0x00000000     0x6311
 .debug_str     0x00000000      0x197 ..\obj\delay.o
                                0x1da (size before relaxing)
 .debug_str     0x00000197      0xc23 ..\obj\stm32f10x_tim.o
                                0xdcb (size before relaxing)
 .debug_str     0x00000dba       0xab ..\obj\startup_stm32f10x_md_vl.o
                                0x142 (size before relaxing)
 .debug_str     0x00000e65      0x42a ..\obj\I2CRoutines.o
                                0x61c (size before relaxing)
 .debug_str     0x0000128f      0x154 ..\obj\system_stm32f10x.o
                                0x2c2 (size before relaxing)
 .debug_str     0x000013e3      0x382 ..\obj\LiquidCrystal_I2C.o
                                0x4eb (size before relaxing)
 .debug_str     0x00001765      0x259 ..\obj\stm32f10x_gpio.o
                                0x507 (size before relaxing)
 .debug_str     0x000019be     0x1cea ..\obj\main.o
                               0x24a2 (size before relaxing)
 .debug_str     0x000036a8      0x49d ..\obj\timers.o
                                0x656 (size before relaxing)
 .debug_str     0x00003b45      0x38d ..\obj\stm32f10x_rcc.o
                                0x65b (size before relaxing)
 .debug_str     0x00003ed2       0x34 ..\obj\delays.o
                                0x16e (size before relaxing)
 .debug_str     0x00003f06       0xfd ..\obj\stm32f10x_exti.o
                                0x337 (size before relaxing)
 .debug_str     0x00004003      0xa3c ..\obj\tasks.o
                                0xc97 (size before relaxing)
 .debug_str     0x00004a3f      0x3a1 ..\obj\stm32f10x_usart.o
                                0x67e (size before relaxing)
 .debug_str     0x00004de0       0xcc ..\obj\ad5934.o
                                0x2eb (size before relaxing)
 .debug_str     0x00004eac       0xc8 ..\obj\list.o
                                0x295 (size before relaxing)
 .debug_str     0x00004f74      0x3c7 ..\obj\stm32f10x_flash.o
                                0x5d6 (size before relaxing)
 .debug_str     0x0000533b      0x121 ..\obj\stm32f10x_it.o
                                0x359 (size before relaxing)
 .debug_str     0x0000545c      0x349 ..\obj\queue.o
                                0x60c (size before relaxing)
 .debug_str     0x000057a5      0x23f ..\obj\port.o
                                0x3ca (size before relaxing)
 .debug_str     0x000059e4      0x126 ..\obj\stm32f10x_dma.o
                                0x3a5 (size before relaxing)
 .debug_str     0x00005b0a      0x120 ..\obj\misc.o
                                0x3a6 (size before relaxing)
 .debug_str     0x00005c2a      0x32b ..\obj\stm32f10x_i2c.o
                                0x654 (size before relaxing)
 .debug_str     0x00005f55      0x15a ..\obj\heap_2.o
                                0x2c8 (size before relaxing)
 .debug_str     0x000060af      0x14d ..\obj\eeprom.o
                                0x32d (size before relaxing)
 .debug_str     0x000061fc       0x50 ..\obj\driver_sonar.o
                                0x87e (size before relaxing)
 .debug_str     0x0000624c       0xc5 ..\obj\stm32f10x_iwdg.o
                                0x24a (size before relaxing)

.comment        0x00000000       0x70
 .comment       0x00000000       0x70 ..\obj\delay.o
                                 0x71 (size before relaxing)
 .comment       0x00000000       0x71 ..\obj\stm32f10x_tim.o
 .comment       0x00000000       0x71 ..\obj\startup_stm32f10x_md_vl.o
 .comment       0x00000000       0x71 ..\obj\I2CRoutines.o
 .comment       0x00000000       0x71 ..\obj\system_stm32f10x.o
 .comment       0x00000000       0x71 ..\obj\LiquidCrystal_I2C.o
 .comment       0x00000000       0x71 ..\obj\stm32f10x_gpio.o
 .comment       0x00000000       0x71 ..\obj\main.o
 .comment       0x00000000       0x71 ..\obj\timers.o
 .comment       0x00000000       0x71 ..\obj\stm32f10x_rcc.o
 .comment       0x00000000       0x71 ..\obj\delays.o
 .comment       0x00000000       0x71 ..\obj\stm32f10x_exti.o
 .comment       0x00000000       0x71 ..\obj\tasks.o
 .comment       0x00000000       0x71 ..\obj\stm32f10x_usart.o
 .comment       0x00000000       0x71 ..\obj\ad5934.o
 .comment       0x00000000       0x71 ..\obj\list.o
 .comment       0x00000000       0x71 ..\obj\stm32f10x_flash.o
 .comment       0x00000000       0x71 ..\obj\stm32f10x_it.o
 .comment       0x00000000       0x71 ..\obj\queue.o
 .comment       0x00000000       0x71 ..\obj\port.o
 .comment       0x00000000       0x71 ..\obj\stm32f10x_dma.o
 .comment       0x00000000       0x71 ..\obj\misc.o
 .comment       0x00000000       0x71 ..\obj\stm32f10x_i2c.o
 .comment       0x00000000       0x71 ..\obj\heap_2.o
 .comment       0x00000000       0x71 ..\obj\eeprom.o
 .comment       0x00000000       0x71 ..\obj\driver_sonar.o
 .comment       0x00000000       0x71 ..\obj\stm32f10x_iwdg.o

.ARM.attributes
                0x00000000       0x31
 .ARM.attributes
                0x00000000       0x33 ..\obj\delay.o
 .ARM.attributes
                0x00000033       0x33 ..\obj\stm32f10x_tim.o
 .ARM.attributes
                0x00000066       0x33 ..\obj\startup_stm32f10x_md_vl.o
 .ARM.attributes
                0x00000099       0x33 ..\obj\I2CRoutines.o
 .ARM.attributes
                0x000000cc       0x33 ..\obj\system_stm32f10x.o
 .ARM.attributes
                0x000000ff       0x33 ..\obj\LiquidCrystal_I2C.o
 .ARM.attributes
                0x00000132       0x33 ..\obj\stm32f10x_gpio.o
 .ARM.attributes
                0x00000165       0x33 ..\obj\main.o
 .ARM.attributes
                0x00000198       0x33 ..\obj\timers.o
 .ARM.attributes
                0x000001cb       0x33 ..\obj\stm32f10x_rcc.o
 .ARM.attributes
                0x000001fe       0x33 ..\obj\delays.o
 .ARM.attributes
                0x00000231       0x33 ..\obj\stm32f10x_exti.o
 .ARM.attributes
                0x00000264       0x33 ..\obj\tasks.o
 .ARM.attributes
                0x00000297       0x33 ..\obj\stm32f10x_usart.o
 .ARM.attributes
                0x000002ca       0x33 ..\obj\ad5934.o
 .ARM.attributes
                0x000002fd       0x33 ..\obj\list.o
 .ARM.attributes
                0x00000330       0x33 ..\obj\stm32f10x_flash.o
 .ARM.attributes
                0x00000363       0x33 ..\obj\stm32f10x_it.o
 .ARM.attributes
                0x00000396       0x33 ..\obj\queue.o
 .ARM.attributes
                0x000003c9       0x33 ..\obj\port.o
 .ARM.attributes
                0x000003fc       0x33 ..\obj\stm32f10x_dma.o
 .ARM.attributes
                0x0000042f       0x33 ..\obj\misc.o
 .ARM.attributes
                0x00000462       0x33 ..\obj\stm32f10x_i2c.o
 .ARM.attributes
                0x00000495       0x33 ..\obj\heap_2.o
 .ARM.attributes
                0x000004c8       0x33 ..\obj\eeprom.o
 .ARM.attributes
                0x000004fb       0x33 ..\obj\driver_sonar.o
 .ARM.attributes
                0x0000052e       0x33 ..\obj\stm32f10x_iwdg.o
 .ARM.attributes
                0x00000561       0x1b c:/coocox/toolchain/bin/../lib/gcc/arm-none-eabi/4.9.3/../../../../arm-none-eabi/lib/armv7-m\libg.a(lib_a-memcpy.o)

.debug_frame    0x00000000     0x612c
 .debug_frame   0x00000000       0x58 ..\obj\delay.o
 .debug_frame   0x00000058      0xe2c ..\obj\stm32f10x_tim.o
 .debug_frame   0x00000e84       0x4c ..\obj\startup_stm32f10x_md_vl.o
 .debug_frame   0x00000ed0      0x134 ..\obj\I2CRoutines.o
 .debug_frame   0x00001004       0x98 ..\obj\system_stm32f10x.o
 .debug_frame   0x0000109c      0x46c ..\obj\LiquidCrystal_I2C.o
 .debug_frame   0x00001508      0x2d0 ..\obj\stm32f10x_gpio.o
 .debug_frame   0x000017d8     0x1e64 ..\obj\main.o
 .debug_frame   0x0000363c      0x254 ..\obj\timers.o
 .debug_frame   0x00003890      0x51c ..\obj\stm32f10x_rcc.o
 .debug_frame   0x00003dac       0x38 ..\obj\delays.o
 .debug_frame   0x00003de4      0x148 ..\obj\stm32f10x_exti.o
 .debug_frame   0x00003f2c      0x6a8 ..\obj\tasks.o
 .debug_frame   0x000045d4      0x490 ..\obj\stm32f10x_usart.o
 .debug_frame   0x00004a64      0x10c ..\obj\ad5934.o
 .debug_frame   0x00004b70       0xd8 ..\obj\list.o
 .debug_frame   0x00004c48      0x410 ..\obj\stm32f10x_flash.o
 .debug_frame   0x00005058      0x150 ..\obj\stm32f10x_it.o
 .debug_frame   0x000051a8      0x304 ..\obj\queue.o
 .debug_frame   0x000054ac      0x19c ..\obj\port.o
 .debug_frame   0x00005648      0x1c8 ..\obj\stm32f10x_dma.o
 .debug_frame   0x00005810       0xd8 ..\obj\misc.o
 .debug_frame   0x000058e8      0x530 ..\obj\stm32f10x_i2c.o
 .debug_frame   0x00005e18       0xc0 ..\obj\heap_2.o
 .debug_frame   0x00005ed8      0x114 ..\obj\eeprom.o
 .debug_frame   0x00005fec       0x50 ..\obj\driver_sonar.o
 .debug_frame   0x0000603c       0xf0 ..\obj\stm32f10x_iwdg.o
