Archive member included because of file (symbol)

c:/coocox/toolchain/bin/../lib/gcc/arm-none-eabi/4.9.3/../../../../arm-none-eabi/lib/armv7-m\libg.a(lib_a-memcpy.o)
                              ..\obj\queue.o (memcpy)
c:/coocox/toolchain/bin/../lib/gcc/arm-none-eabi/4.9.3/../../../../arm-none-eabi/lib/armv7-m\libg.a(lib_a-memset.o)
                              ..\obj\tasks.o (memset)
c:/coocox/toolchain/bin/../lib/gcc/arm-none-eabi/4.9.3/../../../../arm-none-eabi/lib/armv7-m\libg.a(lib_a-strncpy.o)
                              ..\obj\tasks.o (strncpy)

Allocating common symbols
Common symbol       size              file

tmpdata             0x1               ..\obj\main.o
HSEStartUpStatus    0x1               ..\obj\main.o
water_counter       0x10              ..\obj\main.o
wt_args             0x7               ..\obj\main.o
I2CDMA_InitStructure
                    0x2c              ..\obj\I2CRoutines.o
FlashStatus         0x1               ..\obj\main.o
wfCalArray          0x8               ..\obj\main.o
i2c                 0x10              ..\obj\I2C.o
Address             0x1               ..\obj\I2CRoutines.o
toAdjust            0x3               ..\obj\main.o
RxBuffer            0x28              ..\obj\main.o
ds_buf              0x9               ..\obj\main.o
TxBuffer            0x2a              ..\obj\main.o
TIM_ICInitStructure
                    0xa               ..\obj\main.o
i2c_gpio            0x4               ..\obj\I2C.o
NumbOfBytes2        0x4               ..\obj\I2CRoutines.o
NumbOfBytes1        0x4               ..\obj\I2CRoutines.o
dht_byte_buf        0x5               ..\obj\main.o

Discarded input sections

 .text          0x00000000        0x0 ..\obj\delay.o
 .data          0x00000000        0x0 ..\obj\delay.o
 .bss           0x00000000        0x0 ..\obj\delay.o
 .text          0x00000000        0x0 ..\obj\stm32f10x_tim.o
 .data          0x00000000        0x0 ..\obj\stm32f10x_tim.o
 .bss           0x00000000        0x0 ..\obj\stm32f10x_tim.o
 .text.TIM_DeInit
                0x00000000      0x22c ..\obj\stm32f10x_tim.o
 .text.TIM_ICInit
                0x00000000       0xa8 ..\obj\stm32f10x_tim.o
 .text.TIM_PWMIConfig
                0x00000000       0xb8 ..\obj\stm32f10x_tim.o
 .text.TIM_BDTRConfig
                0x00000000       0x50 ..\obj\stm32f10x_tim.o
 .text.TIM_ICStructInit
                0x00000000       0x30 ..\obj\stm32f10x_tim.o
 .text.TIM_BDTRStructInit
                0x00000000       0x3c ..\obj\stm32f10x_tim.o
 .text.TIM_ITConfig
                0x00000000       0x48 ..\obj\stm32f10x_tim.o
 .text.TIM_GenerateEvent
                0x00000000       0x1c ..\obj\stm32f10x_tim.o
 .text.TIM_DMAConfig
                0x00000000       0x28 ..\obj\stm32f10x_tim.o
 .text.TIM_DMACmd
                0x00000000       0x48 ..\obj\stm32f10x_tim.o
 .text.TIM_InternalClockConfig
                0x00000000       0x24 ..\obj\stm32f10x_tim.o
 .text.TIM_ITRxExternalClockConfig
                0x00000000       0x2c ..\obj\stm32f10x_tim.o
 .text.TIM_TIxExternalClockConfig
                0x00000000       0x60 ..\obj\stm32f10x_tim.o
 .text.TIM_ETRClockMode1Config
                0x00000000       0x5c ..\obj\stm32f10x_tim.o
 .text.TIM_ETRClockMode2Config
                0x00000000       0x3c ..\obj\stm32f10x_tim.o
 .text.TIM_ETRConfig
                0x00000000       0x54 ..\obj\stm32f10x_tim.o
 .text.TIM_PrescalerConfig
                0x00000000       0x28 ..\obj\stm32f10x_tim.o
 .text.TIM_CounterModeConfig
                0x00000000       0x38 ..\obj\stm32f10x_tim.o
 .text.TIM_SelectInputTrigger
                0x00000000       0x38 ..\obj\stm32f10x_tim.o
 .text.TIM_EncoderInterfaceConfig
                0x00000000       0x98 ..\obj\stm32f10x_tim.o
 .text.TIM_ForcedOC1Config
                0x00000000       0x38 ..\obj\stm32f10x_tim.o
 .text.TIM_ForcedOC2Config
                0x00000000       0x3c ..\obj\stm32f10x_tim.o
 .text.TIM_ForcedOC3Config
                0x00000000       0x38 ..\obj\stm32f10x_tim.o
 .text.TIM_ForcedOC4Config
                0x00000000       0x3c ..\obj\stm32f10x_tim.o
 .text.TIM_ARRPreloadConfig
                0x00000000       0x40 ..\obj\stm32f10x_tim.o
 .text.TIM_SelectCOM
                0x00000000       0x40 ..\obj\stm32f10x_tim.o
 .text.TIM_SelectCCDMA
                0x00000000       0x40 ..\obj\stm32f10x_tim.o
 .text.TIM_CCPreloadControl
                0x00000000       0x40 ..\obj\stm32f10x_tim.o
 .text.TIM_OC1PreloadConfig
                0x00000000       0x38 ..\obj\stm32f10x_tim.o
 .text.TIM_OC2PreloadConfig
                0x00000000       0x3c ..\obj\stm32f10x_tim.o
 .text.TIM_OC3PreloadConfig
                0x00000000       0x38 ..\obj\stm32f10x_tim.o
 .text.TIM_OC4PreloadConfig
                0x00000000       0x3c ..\obj\stm32f10x_tim.o
 .text.TIM_OC1FastConfig
                0x00000000       0x38 ..\obj\stm32f10x_tim.o
 .text.TIM_OC2FastConfig
                0x00000000       0x3c ..\obj\stm32f10x_tim.o
 .text.TIM_OC3FastConfig
[...]
Memory Configuration

Name             Origin             Length             Attributes
rom              0x08000000         0x00020000         xr
ram              0x20000000         0x00002000         xrw
*default*        0x00000000         0xffffffff

Linker script and memory map

                0x20002000                _eram = 0x20002000

.text           0x08000000     0xe3c0
 *(.isr_vector)
 .isr_vector    0x08000000      0x124 ..\obj\startup_stm32f10x_md_vl.o
                0x08000000                g_pfnVectors
 *(.text*)
 .text.Delay    0x08000124       0x40 ..\obj\delay.o
                0x08000124                Delay
 .text.DelayMC  0x08000164       0x40 ..\obj\delay.o
                0x08000164                DelayMC
 .text.TIM_TimeBaseInit
                0x080001a4       0xf8 ..\obj\stm32f10x_tim.o
                0x080001a4                TIM_TimeBaseInit
 .text.TIM_OC1Init
                0x0800029c      0x118 ..\obj\stm32f10x_tim.o
                0x0800029c                TIM_OC1Init
 .text.TIM_OC2Init
                0x080003b4      0x110 ..\obj\stm32f10x_tim.o
                0x080003b4                TIM_OC2Init
 .text.TIM_OC3Init
                0x080004c4      0x10c ..\obj\stm32f10x_tim.o
                0x080004c4                TIM_OC3Init
 .text.TIM_OC4Init
                0x080005d0       0xd0 ..\obj\stm32f10x_tim.o
                0x080005d0                TIM_OC4Init
 .text.TIM_TimeBaseStructInit
                0x080006a0       0x34 ..\obj\stm32f10x_tim.o
                0x080006a0                TIM_TimeBaseStructInit
 .text.TIM_OCStructInit
                0x080006d4       0x44 ..\obj\stm32f10x_tim.o
                0x080006d4                TIM_OCStructInit
 .text.TIM_Cmd  0x08000718       0x40 ..\obj\stm32f10x_tim.o
                0x08000718                TIM_Cmd
 .text.TIM_CtrlPWMOutputs
                0x08000758       0x4c ..\obj\stm32f10x_tim.o
                0x08000758                TIM_CtrlPWMOutputs
 .text.TIM_GetITStatus
                0x080007a4       0x54 ..\obj\stm32f10x_tim.o
                0x080007a4                TIM_GetITStatus
 .text.TIM_ClearITPendingBit
                0x080007f8       0x20 ..\obj\stm32f10x_tim.o
                0x080007f8                TIM_ClearITPendingBit
 .text.Default_Reset_Handler
                0x08000818       0x5c ..\obj\startup_stm32f10x_md_vl.o
                0x08000818                Default_Reset_Handler
                0x08000818                Reset_Handler
 .text.Default_Handler
                0x08000874        0x8 ..\obj\startup_stm32f10x_md_vl.o
                0x08000874                TIM1_CC_IRQHandler
                0x08000874                PVD_IRQHandler
                0x08000874                EXTI3_IRQHandler
                0x08000874                SPI1_IRQHandler
                0x08000874                TAMPER_IRQHandler
                0x08000874                TIM6_DAC_IRQHandler
                0x08000874                ADC1_IRQHandler
                0x08000874                USART3_IRQHandler
                0x08000874                RTC_IRQHandler
                0x08000874                DMA1_Channel7_IRQHandler
                0x08000874                DMA1_Channel6_IRQHandler
                0x08000874                TIM3_IRQHandler
                0x08000874                RCC_IRQHandler
                0x08000874                DMA1_Channel1_IRQHandler
                0x08000874                CEC_IRQHandler
                0x08000874                TIM7_IRQHandler
                0x08000874                SPI2_IRQHandler
                0x08000874                EXTI4_IRQHandler
                0x08000874                DMA1_Channel3_IRQHandler
                0x08000874                WWDG_IRQHandler
                0x08000874                TIM2_IRQHandler
                0x08000874                RTCAlarm_IRQHandler
                0x08000874                USART2_IRQHandler
                0x08000874                DMA1_Channel2_IRQHandler
                0x08000874                FLASH_IRQHandler
                0x08000874                TIM1_BRK_TIM15_IRQHandler
 .text.__enable_irq
                0x0800087c       0x10 ..\obj\I2CRoutines.o
 .text.__disable_irq
                0x0800088c       0x10 ..\obj\I2CRoutines.o
 .text.I2C_Master_BufferRead
                0x0800089c      0x590 ..\obj\I2CRoutines.o
                0x0800089c                I2C_Master_BufferRead
 .text.I2C_Master_BufferWrite
                0x08000e2c      0x334 ..\obj\I2CRoutines.o
                0x08000e2c                I2C_Master_BufferWrite
 .text.terminate_i2c
                0x08001160       0x70 ..\obj\I2CRoutines.o
                0x08001160                terminate_i2c
 .text.I2C_LowLevel_Init
                0x080011d0      0x220 ..\obj\I2CRoutines.o
                0x080011d0                I2C_LowLevel_Init
 .text.I2C_DMAConfig
                0x080013f0       0xec ..\obj\I2CRoutines.o
                0x080013f0                I2C_DMAConfig
 .text.SystemInit
                0x080014dc       0x6c ..\obj\system_stm32f10x.o
                0x080014dc                SystemInit
 .text.SetSysClock
                0x08001548        0xc ..\obj\system_stm32f10x.o
 .text.SetSysClockTo24
                0x08001554       0xd4 ..\obj\system_stm32f10x.o
 .text.LCDI2C_write
                0x08001628       0x1c ..\obj\LiquidCrystal_I2C.o
                0x08001628                LCDI2C_write
 .text.LCDI2C_init
                0x08001644       0x48 ..\obj\LiquidCrystal_I2C.o
                0x08001644                LCDI2C_init
 .text.LCDI2C_simple_send
                0x0800168c       0x9c ..\obj\LiquidCrystal_I2C.o
                0x0800168c                LCDI2C_simple_send
 .text.LCDI2C_send
                0x08001728      0x118 ..\obj\LiquidCrystal_I2C.o
                0x08001728                LCDI2C_send
 .text.LCDI2C_begin
                0x08001840       0xbc ..\obj\LiquidCrystal_I2C.o
                0x08001840                LCDI2C_begin
 .text.LCDI2C_clear
                0x080018fc       0x14 ..\obj\LiquidCrystal_I2C.o
                0x080018fc                LCDI2C_clear
 .text.LCDI2C_backlight
                0x08001910       0x18 ..\obj\LiquidCrystal_I2C.o
                0x08001910                LCDI2C_backlight
 .text.LCDI2C_command
                0x08001928       0x1c ..\obj\LiquidCrystal_I2C.o
                0x08001928                LCDI2C_command
 .text.LCDI2C_expanderWrite
                0x08001944       0x44 ..\obj\LiquidCrystal_I2C.o
                0x08001944                LCDI2C_expanderWrite
 .text.LCDI2C_write_String
                0x08001988       0x34 ..\obj\LiquidCrystal_I2C.o
                0x08001988                LCDI2C_write_String
 .text.GPIO_Init
                0x080019bc      0x180 ..\obj\stm32f10x_gpio.o
                0x080019bc                GPIO_Init
 .text.GPIO_StructInit
                0x08001b3c       0x28 ..\obj\stm32f10x_gpio.o
                0x08001b3c                GPIO_StructInit
 .text.GPIO_PinRemapConfig
                0x08001b64       0xe0 ..\obj\stm32f10x_gpio.o
                0x08001b64                GPIO_PinRemapConfig
 .text.GPIO_EXTILineConfig
                0x08001c44       0x84 ..\obj\stm32f10x_gpio.o
                0x08001c44                GPIO_EXTILineConfig
 .text.NVIC_EnableIRQ
                0x08001cc8       0x30 ..\obj\main.o
 .text.NVIC_DisableIRQ
                0x08001cf8       0x34 ..\obj\main.o
 .text.NVIC_SetPriority
                0x08001d2c       0x54 ..\obj\main.o
 .text.dht_0    0x08001d80       0x38 ..\obj\main.o
                0x08001d80                dht_0
 .text.dht_1    0x08001db8       0x38 ..\obj\main.o
                0x08001db8                dht_1
 .text.dht_req_x
                0x08001df0       0x6c ..\obj\main.o
                0x08001df0                dht_req_x
 .text.dht_get_data_x
                0x08001e5c       0x64 ..\obj\main.o
                0x08001e5c                dht_get_data_x
 .text.dht_conv_data
                0x08001ec0      0x3a8 ..\obj\main.o
                0x08001ec0                dht_conv_data
 .text.dht_init_x
                0x08002268       0xd0 ..\obj\main.o
                0x08002268                dht_init_x
 .text.dht_init_out_x
                0x08002338       0x70 ..\obj\main.o
                0x08002338                dht_init_out_x
 .text.crc8     0x080023a8       0x50 ..\obj\main.o
                0x080023a8                crc8
 .text.autoSafe
                0x080023f8      0x130 ..\obj\main.o
                0x080023f8                autoSafe
 .text.open_valves
                0x08002528       0x48 ..\obj\main.o
                0x08002528                open_valves
 .text.close_valves
                0x08002570       0x2c ..\obj\main.o
                0x08002570                close_valves
 .text.psi_stab_secs
                0x0800259c       0xb8 ..\obj\main.o
                0x0800259c                psi_stab_secs
 .text.mix_solution
                0x08002654       0x34 ..\obj\main.o
                0x08002654                mix_solution
 .text.Lcd_write_8b
                0x08002688       0x94 ..\obj\main.o
                0x08002688                Lcd_write_8b
 .text.calibrateFlowMeter
                0x0800271c      0x22c ..\obj\main.o
                0x0800271c                calibrateFlowMeter
 .text.get_water_cl
                0x08002948       0x68 ..\obj\main.o
                0x08002948                get_water_cl
 .text.get_water
                0x080029b0      0x1a4 ..\obj\main.o
                0x080029b0                get_water
 .text.Lcd_write_16b
                0x08002b54       0x70 ..\obj\main.o
                0x08002b54                Lcd_write_16b
 .text.crc_block
                0x08002bc4       0x48 ..\obj\main.o
                0x08002bc4                crc_block
 .text.USART1_IRQHandler
                0x08002c0c      0x22c ..\obj\main.o
                0x08002c0c                USART1_IRQHandler
 .text.lstasks  0x08002e38       0xf4 ..\obj\main.o
 .text.uart_task
                0x08002f2c       0xb0 ..\obj\main.o
 .text.rx_flush
                0x08002fdc       0x34 ..\obj\main.o
                0x08002fdc                rx_flush
 .text.tx_flush
                0x08003010       0x40 ..\obj\main.o
                0x08003010                tx_flush
 .text.push_tx  0x08003050       0x90 ..\obj\main.o
                0x08003050                push_tx
 .text.send_resp_x
                0x080030e0       0x40 ..\obj\main.o
                0x080030e0                send_resp_x
 .text.send_resp
                0x08003120       0x90 ..\obj\main.o
                0x08003120                send_resp
 .text.water_lines
                0x080031b0       0x2c ..\obj\main.o
                0x080031b0                water_lines
 .text.send_ee_dump
                0x080031dc       0x38 ..\obj\main.o
                0x080031dc                send_ee_dump
 .text.run_uart_cmd
                0x08003214      0x6b8 ..\obj\main.o
                0x08003214                run_uart_cmd
 .text.run_watering_pump
                0x080038cc       0x48 ..\obj\main.o
                0x080038cc                run_watering_pump
 .text.settings2tx_buff
                0x08003914       0xa4 ..\obj\main.o
                0x08003914                settings2tx_buff
 .text.get_settings_dump
                0x080039b8      0x1c8 ..\obj\main.o
                0x080039b8                get_settings_dump
 .text.get_settings_dump_
                0x08003b80      0x220 ..\obj\main.o
                0x08003b80                get_settings_dump_
 .text.run_doser_for
                0x08003da0       0x7c ..\obj\main.o
                0x08003da0                run_doser_for
 .text.rx_ee    0x08003e1c      0x16c ..\obj\main.o
                0x08003e1c                rx_ee
 .text.send_ee_addr
                0x08003f88      0x128 ..\obj\main.o
                0x08003f88                send_ee_addr
 .text.send_ee_block
                0x080040b0      0x120 ..\obj\main.o
                0x080040b0                send_ee_block
 .text.get_settings_block
                0x080041d0       0xac ..\obj\main.o
                0x080041d0                get_settings_block
 .text.get_status_block
                0x0800427c      0x504 ..\obj\main.o
                0x0800427c                get_status_block
 .text.DMA1_Channel4_IRQHandler
                0x08004780       0x14 ..\obj\main.o
                0x08004780                DMA1_Channel4_IRQHandler
 .text.DMA1_Channel5_IRQHandler
                0x08004794       0x14 ..\obj\main.o
                0x08004794                DMA1_Channel5_IRQHandler
 .text.bluetooth_init
                0x080047a8       0xdc ..\obj\main.o
                0x080047a8                bluetooth_init
 .text.dosing_motor_control_init
                0x08004884       0xc4 ..\obj\main.o
                0x08004884                dosing_motor_control_init
 .text.stop_dosers
                0x08004948       0x2c ..\obj\main.o
                0x08004948                stop_dosers
 .text.psi_motor_init
                0x08004974       0xcc ..\obj\main.o
                0x08004974                psi_motor_init
 .text.tankLevelStabSetup
                0x08004a40       0xc4 ..\obj\main.o
                0x08004a40                tankLevelStabSetup
 .text.open_valve
                0x08004b04       0xb4 ..\obj\main.o
                0x08004b04                open_valve
 .text.close_valve
                0x08004bb8       0xb8 ..\obj\main.o
                0x08004bb8                close_valve
 .text.EXTI0_IRQHandler
                0x08004c70       0x1c ..\obj\main.o
                0x08004c70                EXTI0_IRQHandler
 .text.EXTI1_IRQHandler
                0x08004c8c       0x1c ..\obj\main.o
                0x08004c8c                EXTI1_IRQHandler
 .text.EXTI2_IRQHandler
                0x08004ca8        0xc ..\obj\main.o
                0x08004ca8                EXTI2_IRQHandler
 .text.EXTI15_10_IRQHandler
                0x08004cb4      0x2f0 ..\obj\main.o
                0x08004cb4                EXTI15_10_IRQHandler
 .text.eeprom_test
                0x08004fa4       0xc4 ..\obj\main.o
                0x08004fa4                eeprom_test
 .text.valve_test2
                0x08005068      0x150 ..\obj\main.o
                0x08005068                valve_test2
 .text.adjustFlags
                0x080051b8      0x188 ..\obj\main.o
                0x080051b8                adjustFlags
 .text.water_program_setup
                0x08005340      0x1c0 ..\obj\main.o
                0x08005340                water_program_setup
 .text.fertilization_setup
                0x08005500       0x38 ..\obj\main.o
                0x08005500                fertilization_setup
 .text.watering_setup
                0x08005538       0x38 ..\obj\main.o
                0x08005538                watering_setup
 .text.fertilizer_mixing_program_setup
                0x08005570      0x1ac ..\obj\main.o
                0x08005570                fertilizer_mixing_program_setup
 .text.startWp  0x0800571c       0xf4 ..\obj\main.o
                0x0800571c                startWp
 .text.run_watering_program_g2
                0x08005810      0x444 ..\obj\main.o
                0x08005810                run_watering_program_g2
 .text.run_fertilizer_mixer_g2
                0x08005c54       0xd4 ..\obj\main.o
                0x08005c54                run_fertilizer_mixer_g2
 .text.enable_dosing_pump
                0x08005d28       0xfc ..\obj\main.o
                0x08005d28                enable_dosing_pump
 .text.get_fertilizer
                0x08005e24       0x6c ..\obj\main.o
                0x08005e24                get_fertilizer
 .text.watering_program_trigger
                0x08005e90      0x218 ..\obj\main.o
 .text.effect11on
                0x080060a8       0x70 ..\obj\main.o
                0x080060a8                effect11on
 .text.effect11off
                0x08006118       0x70 ..\obj\main.o
                0x08006118                effect11off
 .text.effect12on
                0x08006188       0x70 ..\obj\main.o
                0x08006188                effect12on
 .text.effect12off
                0x080061f8       0x70 ..\obj\main.o
                0x080061f8                effect12off
 .text.effect21on
                0x08006268       0x54 ..\obj\main.o
                0x08006268                effect21on
 .text.effect21off
                0x080062bc       0x54 ..\obj\main.o
                0x080062bc                effect21off
 .text.effect_running_light
                0x08006310       0xa0 ..\obj\main.o
                0x08006310                effect_running_light
 .text.effect_running_light_rev
                0x080063b0       0xa0 ..\obj\main.o
                0x080063b0                effect_running_light_rev
 .text.trig_valve
                0x08006450       0x40 ..\obj\main.o
                0x08006450                trig_valve
 .text.run_demo2
                0x08006490       0xc0 ..\obj\main.o
                0x08006490                run_demo2
 .text.run_demo
                0x08006550      0x1ac ..\obj\main.o
                0x08006550                run_demo
 .text.wt_mixing
                0x080066fc       0x74 ..\obj\main.o
                0x080066fc                wt_mixing
 .text.wt_mix_in
                0x08006770       0xc8 ..\obj\main.o
                0x08006770                wt_mix_in
 .text.wt_watering
                0x08006838       0x78 ..\obj\main.o
                0x08006838                wt_watering
 .text.wt_watering_x
                0x080068b0       0x78 ..\obj\main.o
                0x080068b0                wt_watering_x
 .text.wt_mt_reach_level
                0x08006928       0x5c ..\obj\main.o
                0x08006928                wt_mt_reach_level
 .text.wt_mt_add_water
                0x08006984       0x74 ..\obj\main.o
                0x08006984                wt_mt_add_water
 .text.wt_mt_drain2level
                0x080069f8       0x64 ..\obj\main.o
                0x080069f8                wt_mt_drain2level
 .text.run_watering_task
                0x08006a5c      0x158 ..\obj\main.o
                0x08006a5c                run_watering_task
 .text.TIM1_UP_TIM16_IRQHandler
                0x08006bb4        0xc ..\obj\main.o
                0x08006bb4                TIM1_UP_TIM16_IRQHandler
 .text.TIM1_TRG_COM_TIM17_IRQHandler
                0x08006bc0        0xc ..\obj\main.o
                0x08006bc0                TIM1_TRG_COM_TIM17_IRQHandler
 .text.EXTI9_5_IRQHandler
                0x08006bcc       0xa4 ..\obj\main.o
                0x08006bcc                EXTI9_5_IRQHandler
 .text.TIM4_IRQHandler
                0x08006c70       0x38 ..\obj\main.o
                0x08006c70                TIM4_IRQHandler
 .text.dht_arr_displayer
                0x08006ca8       0xd8 ..\obj\main.o
                0x08006ca8                dht_arr_displayer
 .text.readPercentVal
                0x08006d80      0x140 ..\obj\main.o
                0x08006d80                readPercentVal
 .text.hygroStatSettings
                0x08006ec0       0x9c ..\obj\main.o
                0x08006ec0                hygroStatSettings
 .text.Delay_us_
                0x08006f5c       0x2c ..\obj\main.o
                0x08006f5c                Delay_us_
 .text.Delay_us
                0x08006f88       0x2c ..\obj\main.o
                0x08006f88                Delay_us
 .text.buttonCalibration
                0x08006fb4      0x328 ..\obj\main.o
                0x08006fb4                buttonCalibration
 .text.displayAdcValues
                0x080072dc      0x118 ..\obj\main.o
                0x080072dc                displayAdcValues
 .text.display_usart_rx
                0x080073f4       0xcc ..\obj\main.o
                0x080073f4                display_usart_rx
 .text.display_usart_tx
                0x080074c0       0xd4 ..\obj\main.o
                0x080074c0                display_usart_tx
 .text.saveButtonRanges
                0x08007594       0x44 ..\obj\main.o
                0x08007594                saveButtonRanges
 .text.readButtonRanges
                0x080075d8       0x40 ..\obj\main.o
                0x080075d8                readButtonRanges
 .text.adcAverager
                0x08007618      0x18c ..\obj\main.o
                0x08007618                adcAverager
 .text.setPlug  0x080077a4       0xa4 ..\obj\main.o
                0x080077a4                setPlug
 .text.printOk  0x08007848       0x2c ..\obj\main.o
                0x08007848                printOk
 .text.psiOn    0x08007874       0x60 ..\obj\main.o
                0x08007874                psiOn
 .text.psiOff   0x080078d4       0x2c ..\obj\main.o
                0x080078d4                psiOff
 .text.psiStab  0x08007900       0xc8 ..\obj\main.o
                0x08007900                psiStab
 .text.timerStateTrigger
                0x080079c8      0x1cc ..\obj\main.o
 .text.plugStateTrigger
                0x08007b94      0x220 ..\obj\main.o
 .text.I2C_init2
                0x08007db4       0x5c ..\obj\main.o
                0x08007db4                I2C_init2
 .text.plugTest
                0x08007e10       0x8c ..\obj\main.o
                0x08007e10                plugTest
 .text.plugStateSet
                0x08007e9c       0x8c ..\obj\main.o
                0x08007e9c                plugStateSet
 .text.EE_WriteWord
                0x08007f28       0x38 ..\obj\main.o
                0x08007f28                EE_WriteWord
 .text.programRunner
                0x08007f60      0x180 ..\obj\main.o
                0x08007f60                programRunner
 .text.adjust8bit
                0x080080e0       0xac ..\obj\main.o
                0x080080e0                adjust8bit
 .text.adjust16bit
                0x0800818c       0xb8 ..\obj\main.o
                0x0800818c                adjust16bit
 .text.adjust16bit_fast
                0x08008244       0xc8 ..\obj\main.o
                0x08008244                adjust16bit_fast
 .text.CTimerAdjust
                0x0800830c      0x188 ..\obj\main.o
                0x0800830c                CTimerAdjust
 .text.setCTimer
                0x08008494       0xf0 ..\obj\main.o
                0x08008494                setCTimer
 .text.idSelector
                0x08008584       0x90 ..\obj\main.o
                0x08008584                idSelector
 .text.setTimer
                0x08008614       0xf4 ..\obj\main.o
                0x08008614                setTimer
 .text.timeAdjust
                0x08008708      0x2d4 ..\obj\main.o
                0x08008708                timeAdjust
 .text.Lcd_write_arr
                0x080089dc       0x44 ..\obj\main.o
                0x080089dc                Lcd_write_arr
 .text.unix2DateTime
                0x08008a20      0x2fc ..\obj\main.o
                0x08008a20                unix2DateTime
 .text.DateTime2unix
                0x08008d1c      0x170 ..\obj\main.o
                0x08008d1c                DateTime2unix
 .text.menuSelector
                0x08008e8c      0x130 ..\obj\main.o
                0x08008e8c                menuSelector
 .text.RTC_GetCounter
                0x08008fbc       0x24 ..\obj\main.o
                0x08008fbc                RTC_GetCounter
 .text.RTC_SetCounter
                0x08008fe0       0x48 ..\obj\main.o
                0x08008fe0                RTC_SetCounter
 .text.RtcInit  0x08009028       0xcc ..\obj\main.o
                0x08009028                RtcInit
 .text.copy_arr
                0x080090f4       0x58 ..\obj\main.o
                0x080090f4                copy_arr
 .text.skip_button_cal
                0x0800914c       0xa4 ..\obj\main.o
                0x0800914c                skip_button_cal
 .text.displayClock
                0x080091f0      0x284 ..\obj\main.o
 .text.readButtons
                0x08009474       0xbc ..\obj\main.o
                0x08009474                readButtons
 .text.AdcInit  0x08009530      0x184 ..\obj\main.o
                0x08009530                AdcInit
 .text.Lcd_write_digit
                0x080096b4      0x118 ..\obj\main.o
                0x080096b4                Lcd_write_digit
 .text.vTaskLCDdraw
                0x080097cc       0x70 ..\obj\main.o
                0x080097cc                vTaskLCDdraw
 .text.int32str
                0x0800983c      0x1cc ..\obj\main.o
                0x0800983c                int32str
 .text.EE_ReadWord
                0x08009a08       0x4c ..\obj\main.o
                0x08009a08                EE_ReadWord
 .text.flush_lcd_buffer
                0x08009a54       0x40 ..\obj\main.o
                0x08009a54                flush_lcd_buffer
 .text.watchdog_init
                0x08009a94       0x44 ..\obj\main.o
                0x08009a94                watchdog_init
 .text.dht_power_control_init
                0x08009ad8       0x30 ..\obj\main.o
                0x08009ad8                dht_power_control_init
 .text.power_ctrl
                0x08009b08       0x74 ..\obj\main.o
                0x08009b08                power_ctrl
 .text.beep_overload
                0x08009b7c       0x2c ..\obj\main.o
                0x08009b7c                beep_overload
 .text.main     0x08009ba8      0x29c ..\obj\main.o
                0x08009ba8                main
 .text.loadSettings
                0x08009e44      0x170 ..\obj\main.o
                0x08009e44                loadSettings
 .text.Lcd_write_str
                0x08009fb4       0x7c ..\obj\main.o
                0x08009fb4                Lcd_write_str
 .text.Lcd_goto
                0x0800a030       0x48 ..\obj\main.o
                0x0800a030                Lcd_goto
 .text.Lcd_clear
                0x0800a078       0x1c ..\obj\main.o
                0x0800a078                Lcd_clear
 .text.xTimerCreateTimerTask
                0x0800a094       0x5c ..\obj\timers.o
                0x0800a094                xTimerCreateTimerTask
 .text.xTimerGenericCommand
                0x0800a0f0       0x8c ..\obj\timers.o
                0x0800a0f0                xTimerGenericCommand
 .text.prvProcessExpiredTimer
                0x0800a17c       0x74 ..\obj\timers.o
 .text.prvTimerTask
                0x0800a1f0       0x24 ..\obj\timers.o
 .text.prvProcessTimerOrBlockTask
                0x0800a214       0x6c ..\obj\timers.o
 .text.prvGetNextExpireTime
                0x0800a280       0x48 ..\obj\timers.o
 .text.prvSampleTimeNow
                0x0800a2c8       0x44 ..\obj\timers.o
 .text.prvInsertTimerInActiveList
                0x0800a30c       0x84 ..\obj\timers.o
 .text.prvProcessReceivedCommands
                0x0800a390       0xfc ..\obj\timers.o
 .text.prvSwitchTimerLists
                0x0800a48c       0xb8 ..\obj\timers.o
 .text.prvCheckForValidListAndQueue
                0x0800a544       0x54 ..\obj\timers.o
 .text.RCC_GetClocksFreq
                0x0800a598      0x15c ..\obj\stm32f10x_rcc.o
                0x0800a598                RCC_GetClocksFreq
 .text.RCC_AHBPeriphClockCmd
                0x0800a6f4       0x3c ..\obj\stm32f10x_rcc.o
                0x0800a6f4                RCC_AHBPeriphClockCmd
 .text.RCC_APB2PeriphClockCmd
                0x0800a730       0x3c ..\obj\stm32f10x_rcc.o
                0x0800a730                RCC_APB2PeriphClockCmd
 .text.RCC_APB1PeriphClockCmd
                0x0800a76c       0x3c ..\obj\stm32f10x_rcc.o
                0x0800a76c                RCC_APB1PeriphClockCmd
 .text.RCC_APB2PeriphResetCmd
                0x0800a7a8       0x3c ..\obj\stm32f10x_rcc.o
                0x0800a7a8                RCC_APB2PeriphResetCmd
 .text.RCC_APB1PeriphResetCmd
                0x0800a7e4       0x3c ..\obj\stm32f10x_rcc.o
                0x0800a7e4                RCC_APB1PeriphResetCmd
 .text.RCC_GetFlagStatus
                0x0800a820       0x74 ..\obj\stm32f10x_rcc.o
                0x0800a820                RCC_GetFlagStatus
 .text.RCC_ClearFlag
                0x0800a894       0x1c ..\obj\stm32f10x_rcc.o
                0x0800a894                RCC_ClearFlag
 .text.EXTI_Init
                0x0800a8b0       0xe4 ..\obj\stm32f10x_exti.o
                0x0800a8b0                EXTI_Init
 .text.EXTI_GetITStatus
                0x0800a994       0x48 ..\obj\stm32f10x_exti.o
                0x0800a994                EXTI_GetITStatus
 .text.EXTI_ClearITPendingBit
                0x0800a9dc       0x1c ..\obj\stm32f10x_exti.o
                0x0800a9dc                EXTI_ClearITPendingBit
 .text.xTaskGenericCreate
                0x0800a9f8      0x19c ..\obj\tasks.o
                0x0800a9f8                xTaskGenericCreate
 .text.vTaskDelay
                0x0800ab94       0x50 ..\obj\tasks.o
                0x0800ab94                vTaskDelay
 .text.vTaskStartScheduler
                0x0800abe4       0x74 ..\obj\tasks.o
                0x0800abe4                vTaskStartScheduler
 .text.vTaskSuspendAll
                0x0800ac58       0x1c ..\obj\tasks.o
                0x0800ac58                vTaskSuspendAll
 .text.xTaskResumeAll
                0x0800ac74      0x108 ..\obj\tasks.o
                0x0800ac74                xTaskResumeAll
 .text.xTaskGetTickCount
                0x0800ad7c       0x24 ..\obj\tasks.o
                0x0800ad7c                xTaskGetTickCount
 .text.vTaskIncrementTick
                0x0800ada0      0x140 ..\obj\tasks.o
                0x0800ada0                vTaskIncrementTick
 .text.vTaskSwitchContext
                0x0800aee0       0xa4 ..\obj\tasks.o
                0x0800aee0                vTaskSwitchContext
 .text.vTaskPlaceOnEventList
                0x0800af84       0x70 ..\obj\tasks.o
                0x0800af84                vTaskPlaceOnEventList
 .text.vTaskPlaceOnEventListRestricted
                0x0800aff4       0x54 ..\obj\tasks.o
                0x0800aff4                vTaskPlaceOnEventListRestricted
 .text.xTaskRemoveFromEventList
                0x0800b048       0xb0 ..\obj\tasks.o
                0x0800b048                xTaskRemoveFromEventList
 .text.vTaskSetTimeOutState
                0x0800b0f8       0x3c ..\obj\tasks.o
                0x0800b0f8                vTaskSetTimeOutState
 .text.xTaskCheckForTimeOut
                0x0800b134       0xa8 ..\obj\tasks.o
                0x0800b134                xTaskCheckForTimeOut
 .text.vTaskMissedYield
                0x0800b1dc       0x18 ..\obj\tasks.o
                0x0800b1dc                vTaskMissedYield
 .text.prvIdleTask
                0x0800b1f4       0x20 ..\obj\tasks.o
 .text.prvInitialiseTCBVariables
                0x0800b214       0x6c ..\obj\tasks.o
 .text.prvInitialiseTaskLists
                0x0800b280       0x7c ..\obj\tasks.o
 .text.prvCheckTasksWaitingTermination
                0x0800b2fc       0x74 ..\obj\tasks.o
 .text.prvAddCurrentTaskToDelayedList
                0x0800b370       0x6c ..\obj\tasks.o
 .text.prvAllocateTCBAndStack
                0x0800b3dc       0x64 ..\obj\tasks.o
 .text.prvDeleteTCB
                0x0800b440       0x20 ..\obj\tasks.o
 .text.xTaskGetCurrentTaskHandle
                0x0800b460       0x20 ..\obj\tasks.o
                0x0800b460                xTaskGetCurrentTaskHandle
 .text.xTaskGetSchedulerState
                0x0800b480       0x3c ..\obj\tasks.o
                0x0800b480                xTaskGetSchedulerState
 .text.vTaskPriorityInherit
                0x0800b4bc       0xb4 ..\obj\tasks.o
                0x0800b4bc                vTaskPriorityInherit
 .text.vTaskPriorityDisinherit
                0x0800b570       0x7c ..\obj\tasks.o
                0x0800b570                vTaskPriorityDisinherit
 .text.USART_DeInit
                0x0800b5ec       0xb8 ..\obj\stm32f10x_usart.o
                0x0800b5ec                USART_DeInit
 .text.USART_Init
                0x0800b6a4      0x174 ..\obj\stm32f10x_usart.o
                0x0800b6a4                USART_Init
 .text.USART_Cmd
                0x0800b818       0x40 ..\obj\stm32f10x_usart.o
                0x0800b818                USART_Cmd
 .text.USART_ReceiveData
                0x0800b858       0x20 ..\obj\stm32f10x_usart.o
                0x0800b858                USART_ReceiveData
 .text.USART_ClearFlag
                0x0800b878       0x20 ..\obj\stm32f10x_usart.o
                0x0800b878                USART_ClearFlag
 .text.USART_GetITStatus
                0x0800b898       0xb8 ..\obj\stm32f10x_usart.o
                0x0800b898                USART_GetITStatus
 .text.vListInitialise
                0x0800b950       0x40 ..\obj\list.o
                0x0800b950                vListInitialise
 .text.vListInitialiseItem
                0x0800b990       0x18 ..\obj\list.o
                0x0800b990                vListInitialiseItem
 .text.vListInsertEnd
                0x0800b9a8       0x50 ..\obj\list.o
                0x0800b9a8                vListInsertEnd
 .text.vListInsert
                0x0800b9f8       0x70 ..\obj\list.o
                0x0800b9f8                vListInsert
 .text.vListRemove
                0x0800ba68       0x50 ..\obj\list.o
                0x0800ba68                vListRemove
 .text.FLASH_Unlock
                0x0800bab8       0x24 ..\obj\stm32f10x_flash.o
                0x0800bab8                FLASH_Unlock
 .text.FLASH_ErasePage
                0x0800badc       0x64 ..\obj\stm32f10x_flash.o
                0x0800badc                FLASH_ErasePage
 .text.FLASH_ProgramHalfWord
                0x0800bb40       0x5c ..\obj\stm32f10x_flash.o
                0x0800bb40                FLASH_ProgramHalfWord
 .text.FLASH_GetBank1Status
                0x0800bb9c       0x58 ..\obj\stm32f10x_flash.o
                0x0800bb9c                FLASH_GetBank1Status
 .text.FLASH_WaitForLastOperation
                0x0800bbf4       0x44 ..\obj\stm32f10x_flash.o
                0x0800bbf4                FLASH_WaitForLastOperation
 .text.NMI_Handler
                0x0800bc38        0xc ..\obj\stm32f10x_it.o
                0x0800bc38                NMI_Handler
 .text.HardFault_Handler
                0x0800bc44        0x8 ..\obj\stm32f10x_it.o
                0x0800bc44                HardFault_Handler
 .text.MemManage_Handler
                0x0800bc4c        0x8 ..\obj\stm32f10x_it.o
                0x0800bc4c                MemManage_Handler
 .text.BusFault_Handler
                0x0800bc54        0x8 ..\obj\stm32f10x_it.o
                0x0800bc54                BusFault_Handler
 .text.UsageFault_Handler
                0x0800bc5c        0x8 ..\obj\stm32f10x_it.o
                0x0800bc5c                UsageFault_Handler
 .text.DebugMon_Handler
                0x0800bc64        0xc ..\obj\stm32f10x_it.o
                0x0800bc64                DebugMon_Handler
 .text.I2C1_EV_IRQHandler
                0x0800bc70      0x294 ..\obj\stm32f10x_it.o
                0x0800bc70                I2C1_EV_IRQHandler
 .text.I2C2_EV_IRQHandler
                0x0800bf04      0x28c ..\obj\stm32f10x_it.o
                0x0800bf04                I2C2_EV_IRQHandler
 .text.I2C2_ER_IRQHandler
                0x0800c190       0x98 ..\obj\stm32f10x_it.o
                0x0800c190                I2C2_ER_IRQHandler
 .text.I2C1_ER_IRQHandler
                0x0800c228       0x98 ..\obj\stm32f10x_it.o
                0x0800c228                I2C1_ER_IRQHandler
 .text.xQueueGenericReset
                0x0800c2c0       0xac ..\obj\queue.o
                0x0800c2c0                xQueueGenericReset
 .text.xQueueGenericCreate
                0x0800c36c       0x80 ..\obj\queue.o
                0x0800c36c                xQueueGenericCreate
 .text.xQueueGenericSend
                0x0800c3ec      0x140 ..\obj\queue.o
                0x0800c3ec                xQueueGenericSend
 .text.xQueueGenericSendFromISR
                0x0800c52c       0xc4 ..\obj\queue.o
                0x0800c52c                xQueueGenericSendFromISR
 .text.xQueueGenericReceive
                0x0800c5f0      0x1a0 ..\obj\queue.o
                0x0800c5f0                xQueueGenericReceive
 .text.prvCopyDataToQueue
                0x0800c790       0xb8 ..\obj\queue.o
 .text.prvCopyDataFromQueue
                0x0800c848       0x4c ..\obj\queue.o
 .text.prvUnlockQueue
                0x0800c894       0x98 ..\obj\queue.o
 .text.prvIsQueueEmpty
                0x0800c92c       0x2c ..\obj\queue.o
 .text.prvIsQueueFull
                0x0800c958       0x30 ..\obj\queue.o
 .text.vQueueWaitForMessageRestricted
                0x0800c988       0x54 ..\obj\queue.o
                0x0800c988                vQueueWaitForMessageRestricted
 .text.pxPortInitialiseStack
                0x0800c9dc       0x54 ..\obj\port.o
                0x0800c9dc                pxPortInitialiseStack
 .text.SVC_Handler
                0x0800ca30       0x20 ..\obj\port.o
                0x0800ca30                SVC_Handler
 .text.prvPortStartFirstTask
                0x0800ca50       0x14 ..\obj\port.o
 .text.xPortStartScheduler
                0x0800ca64       0x38 ..\obj\port.o
                0x0800ca64                xPortStartScheduler
 .text.vPortYieldFromISR
                0x0800ca9c       0x18 ..\obj\port.o
                0x0800ca9c                vPortYieldFromISR
 .text.vPortEnterCritical
                0x0800cab4       0x24 ..\obj\port.o
                0x0800cab4                vPortEnterCritical
 .text.vPortExitCritical
                0x0800cad8       0x2c ..\obj\port.o
                0x0800cad8                vPortExitCritical
 .text.PendSV_Handler
                0x0800cb04       0x3c ..\obj\port.o
                0x0800cb04                PendSV_Handler
 .text.SysTick_Handler
                0x0800cb40       0x30 ..\obj\port.o
                0x0800cb40                SysTick_Handler
 .text.prvSetupTimerInterrupt
                0x0800cb70       0x24 ..\obj\port.o
 .text.DMA_DeInit
                0x0800cb94      0x178 ..\obj\stm32f10x_dma.o
                0x0800cb94                DMA_DeInit
 .text.DMA_Init
                0x0800cd0c       0x7c ..\obj\stm32f10x_dma.o
                0x0800cd0c                DMA_Init
 .text.DMA_Cmd  0x0800cd88       0x38 ..\obj\stm32f10x_dma.o
                0x0800cd88                DMA_Cmd
 .text.DMA_GetFlagStatus
                0x0800cdc0       0x54 ..\obj\stm32f10x_dma.o
                0x0800cdc0                DMA_GetFlagStatus
 .text.DMA_ClearFlag
                0x0800ce14       0x34 ..\obj\stm32f10x_dma.o
                0x0800ce14                DMA_ClearFlag
 .text.NVIC_PriorityGroupConfig
                0x0800ce48       0x24 ..\obj\misc.o
                0x0800ce48                NVIC_PriorityGroupConfig
 .text.NVIC_Init
                0x0800ce6c       0xc4 ..\obj\misc.o
                0x0800ce6c                NVIC_Init
 .text.I2C_DeInit
                0x0800cf30       0x44 ..\obj\stm32f10x_i2c.o
                0x0800cf30                I2C_DeInit
 .text.I2C_Init
                0x0800cf74      0x184 ..\obj\stm32f10x_i2c.o
                0x0800cf74                I2C_Init
 .text.I2C_GenerateSTOP
                0x0800d0f8       0x40 ..\obj\stm32f10x_i2c.o
                0x0800d0f8                I2C_GenerateSTOP
 .text.pvPortMalloc
                0x0800d138      0x144 ..\obj\heap_2.o
                0x0800d138                pvPortMalloc
 .text.vPortFree
                0x0800d27c       0x70 ..\obj\heap_2.o
                0x0800d27c                vPortFree
 .text.EE_Init  0x0800d2ec      0x28c ..\obj\eeprom.o
                0x0800d2ec                EE_Init
 .text.EE_ReadVariable
                0x0800d578       0x98 ..\obj\eeprom.o
                0x0800d578                EE_ReadVariable
 .text.EE_WriteVariable
                0x0800d610       0x44 ..\obj\eeprom.o
                0x0800d610                EE_WriteVariable
 .text.EE_Format
                0x0800d654       0x50 ..\obj\eeprom.o
 .text.EE_FindValidPage
                0x0800d6a4       0x8c ..\obj\eeprom.o
 .text.EE_VerifyPageFullWriteVariable
                0x0800d730       0xb4 ..\obj\eeprom.o
 .text.EE_PageTransfer
                0x0800d7e4      0x134 ..\obj\eeprom.o
 .text.sonar_init
                0x0800d918       0xdc ..\obj\driver_sonar.o
                0x0800d918                sonar_init
 .text.sonar_ping
                0x0800d9f4       0x34 ..\obj\driver_sonar.o
                0x0800d9f4                sonar_ping
 .text.IWDG_WriteAccessCmd
                0x0800da28       0x20 ..\obj\stm32f10x_iwdg.o
                0x0800da28                IWDG_WriteAccessCmd
 .text.IWDG_SetPrescaler
                0x0800da48       0x20 ..\obj\stm32f10x_iwdg.o
                0x0800da48                IWDG_SetPrescaler
 .text.IWDG_SetReload
                0x0800da68       0x20 ..\obj\stm32f10x_iwdg.o
                0x0800da68                IWDG_SetReload
 .text.IWDG_ReloadCounter
                0x0800da88       0x18 ..\obj\stm32f10x_iwdg.o
                0x0800da88                IWDG_ReloadCounter
 .text.IWDG_Enable
                0x0800daa0       0x18 ..\obj\stm32f10x_iwdg.o
                0x0800daa0                IWDG_Enable
 .text          0x0800dab8       0xec c:/coocox/toolchain/bin/../lib/gcc/arm-none-eabi/4.9.3/../../../../arm-none-eabi/lib/armv7-m\libg.a(lib_a-memcpy.o)
                0x0800dab8                memcpy
 .text.memset   0x0800dba4       0x9c c:/coocox/toolchain/bin/../lib/gcc/arm-none-eabi/4.9.3/../../../../arm-none-eabi/lib/armv7-m\libg.a(lib_a-memset.o)
                0x0800dba4                memset
 .text.strncpy  0x0800dc40       0x68 c:/coocox/toolchain/bin/../lib/gcc/arm-none-eabi/4.9.3/../../../../arm-none-eabi/lib/armv7-m\libg.a(lib_a-strncpy.o)
                0x0800dc40                strncpy
 *(.init)
 *(.fini)
 *crtbegin.o(.ctors)
 *crtbegin?.o(.ctors)
 *(EXCLUDE_FILE(*crtend.o *crtend?.o) .ctors)
 *(SORT(.ctors.*))
 *(.ctors)
 *crtbegin.o(.dtors)
 *crtbegin?.o(.dtors)
 *(EXCLUDE_FILE(*crtend.o *crtend?.o) .dtors)
 *(SORT(.dtors.*))
 *(.dtors)
 *(.rodata*)
 .rodata        0x0800dca8      0x708 ..\obj\main.o
                0x0800de98                menuItemArray
                0x0800e0fc                fatArray
 .rodata        0x0800e3b0        0x8 ..\obj\timers.o
 .rodata        0x0800e3b8        0x8 ..\obj\tasks.o
 *(.eh_fram e*)

.glue_7         0x0800e3c0        0x0
 .glue_7        0x00000000        0x0 linker stubs

.glue_7t        0x0800e3c0        0x0
 .glue_7t       0x00000000        0x0 linker stubs

.vfp11_veneer   0x0800e3c0        0x0
 .vfp11_veneer  0x00000000        0x0 linker stubs

.v4_bx          0x0800e3c0        0x0
 .v4_bx         0x00000000        0x0 linker stubs

.iplt           0x0800e3c0        0x0
 .iplt          0x00000000        0x0 ..\obj\delay.o

.rel.dyn        0x0800e3c0        0x0
 .rel.iplt      0x00000000        0x0 ..\obj\delay.o

.ARM.extab
 *(.ARM.extab* .gnu.linkonce.armextab.*)
                0x0800e3c0                __exidx_start = .

.ARM.exidx
 *(.ARM.exidx* .gnu.linkonce.armexidx.*)
                0x0800e3c0                __exidx_end = .
                0x0800e3c0                __etext = .
                0x0800e3c0                _sidata = __etext

.data           0x20000000       0x84 load address 0x0800e3c0
                0x20000000                __data_start__ = .
                0x20000000                _sdata = __data_start__
 *(vtable)
 *(.data*)
 .data          0x20000000       0x24 ..\obj\LiquidCrystal_I2C.o
                0x20000000                Buffer_Tx1
                0x20000008                Buffer_Tx2
                0x20000010                Buffer_Rx1
                0x20000018                Buffer_Rx2
 .data          0x20000024       0x40 ..\obj\main.o
                0x20000034                x
                0x20000038                psi_sw_speed
 .data          0x20000064       0x14 ..\obj\stm32f10x_rcc.o
 .data          0x20000078        0x4 ..\obj\tasks.o
 .data          0x2000007c        0x4 ..\obj\port.o
 .data          0x20000080        0x4 ..\obj\heap_2.o
                0x20000084                . = ALIGN (0x4)
                0x20000084                PROVIDE (__preinit_array_start, .)
 *(.preinit_array)
                0x20000084                PROVIDE (__preinit_array_end, .)
                0x20000084                . = ALIGN (0x4)
                0x20000084                PROVIDE (__init_array_start, .)
 *(SORT(.init_array.*))
 *(.init_array)
                0x20000084                PROVIDE (__init_array_end, .)
                0x20000084                . = ALIGN (0x4)
                0x20000084                PROVIDE (__fini_array_start, .)
 *(SORT(.fini_array.*))
 *(.fini_array)
                0x20000084                PROVIDE (__fini_array_end, .)
 *(.jcr*)
                0x20000084                . = ALIGN (0x4)
                0x20000084                __data_end__ = .
                0x20000084                _edata = __data_end__

.igot.plt       0x20000084        0x0 load address 0x0800e444
 .igot.plt      0x00000000        0x0 ..\obj\delay.o

.bss            0x20000088     0x1738 load address 0x0800e448
                0x20000088                . = ALIGN (0x4)
                0x20000088                __bss_start__ = .
                0x20000088                _sbss = __bss_start__
 *(.bss*)
 .bss           0x20000088        0x4 ..\obj\I2CRoutines.o
                0x20000088                I2CDirection
 .bss           0x2000008c        0xc ..\obj\LiquidCrystal_I2C.o
                0x2000008c                lcd_bl
 .bss           0x20000098       0xf8 ..\obj\main.o
                0x200000cf                dht_byte_pointer
                0x200000e0                rxcntr
                0x200000e2                icval
                0x200000e4                icval2
                0x200000e6                phval_v
                0x200000e8                tmpexti
                0x2000012a                wpProgress
                0x20000169                pending_wt
                0x20000178                ph1_adc_val
                0x2000017a                ec1_adc_val
                0x2000017c                last_cmd
 .bss           0x20000190       0x38 ..\obj\timers.o
 .bss           0x200001c8      0x100 ..\obj\tasks.o
                0x200001c8                pxCurrentTCB
 .bss           0x200002c8        0x4 ..\obj\stm32f10x_it.o
                0x200002c8                Tx_Idx1
                0x200002c9                Rx_Idx1
                0x200002ca                Tx_Idx2
                0x200002cb                Rx_Idx2
 *fill*         0x200002cc        0x4 
 .bss           0x200002d0     0x1418 ..\obj\heap_2.o
 .bss           0x200016e8        0x2 ..\obj\eeprom.o
                0x200016e8                DataVar
 *(COMMON)
 *fill*         0x200016ea        0x2 
 COMMON         0x200016ec       0x38 ..\obj\I2CRoutines.o
                0x200016ec                I2CDMA_InitStructure
                0x20001718                Address
                0x2000171c                NumbOfBytes2
                0x20001720                NumbOfBytes1
 COMMON         0x20001724       0x99 ..\obj\main.o
                0x20001724                tmpdata
                0x20001725                HSEStartUpStatus
                0x20001728                water_counter
                0x20001738                wt_args
                0x2000173f                FlashStatus
                0x20001740                wfCalArray
                0x20001748                toAdjust
                0x2000174c                RxBuffer
                0x20001774                ds_buf
                0x20001780                TxBuffer
                0x200017ac                TIM_ICInitStructure
                0x200017b8                dht_byte_buf
                0x200017c0                . = ALIGN (0x4)
 *fill*         0x200017bd        0x3 
                0x200017c0                __bss_end__ = .
                0x200017c0                _ebss = __bss_end__

.heap           0x200017c0        0x0
                0x200017c0                __end__ = .
                0x200017c0                _end = __end__
                0x200017c0                end = __end__
 *(.heap*)
                0x200017c0                __HeapLimit = .

.co_stack       0x200017c0      0x400 load address 0x0800fb80
                0x200017c0                . = ALIGN (0x8)
 *(.co_stack .co_stack.*)
 .co_stack      0x200017c0      0x400 ..\obj\startup_stm32f10x_md_vl.o
                0x200017c0                pulStack
                0x20002000                __StackTop = (ORIGIN (ram) + 0x2000)
                0x20001c00                __StackLimit = (__StackTop - SIZEOF (.co_stack))
                0x20002000                PROVIDE (__stack, __StackTop)
                0x00000001                ASSERT ((__StackLimit >= __HeapLimit), region ram  overflowed with stack)
LOAD ..\obj\delay.o
LOAD ..\obj\stm32f10x_tim.o
LOAD ..\obj\startup_stm32f10x_md_vl.o
LOAD ..\obj\core_cm3.o
LOAD ..\obj\I2CRoutines.o
LOAD ..\obj\system_stm32f10x.o
LOAD ..\obj\stm32f10x_pwr.o
LOAD ..\obj\LiquidCrystal_I2C.o
LOAD ..\obj\stm32f10x_gpio.o
LOAD ..\obj\main.o
LOAD ..\obj\timers.o
LOAD ..\obj\stm32f10x_rcc.o
LOAD ..\obj\I2C.o
LOAD ..\obj\stm32f10x_exti.o
LOAD ..\obj\tasks.o
LOAD ..\obj\stm32f10x_adc.o
LOAD ..\obj\stm32f10x_usart.o
LOAD ..\obj\list.o
LOAD ..\obj\stm32f10x_flash.o
LOAD ..\obj\stm32f10x_it.o
LOAD ..\obj\queue.o
LOAD ..\obj\port.o
LOAD ..\obj\stm32f10x_dma.o
LOAD ..\obj\croutine.o
LOAD ..\obj\dht22.o
LOAD ..\obj\misc.o
LOAD ..\obj\stm32f10x_spi.o
LOAD ..\obj\stm32f10x_i2c.o
LOAD ..\obj\heap_2.o
LOAD ..\obj\eeprom.o
LOAD ..\obj\driver_sonar.o
LOAD ..\obj\stm32f10x_iwdg.o
START GROUP
LOAD c:/coocox/toolchain/bin/../lib/gcc/arm-none-eabi/4.9.3/armv7-m\libgcc.a
LOAD c:/coocox/toolchain/bin/../lib/gcc/arm-none-eabi/4.9.3/../../../../arm-none-eabi/lib/armv7-m\libg.a
LOAD c:/coocox/toolchain/bin/../lib/gcc/arm-none-eabi/4.9.3/../../../../arm-none-eabi/lib/armv7-m\libc.a
END GROUP
OUTPUT(Grolly 2.elf elf32-littlearm)

.debug_info     0x00000000     0xea28
 .debug_info    0x00000000      0x169 ..\obj\delay.o
 .debug_info    0x00000169     0x1c42 ..\obj\stm32f10x_tim.o
 .debug_info    0x00001dab       0xe9 ..\obj\startup_stm32f10x_md_vl.o
 .debug_info    0x00001e94      0x7da ..\obj\I2CRoutines.o
 .debug_info    0x0000266e      0x3d5 ..\obj\system_stm32f10x.o
 .debug_info    0x00002a43      0x7af ..\obj\LiquidCrystal_I2C.o
 .debug_info    0x000031f2      0x6d1 ..\obj\stm32f10x_gpio.o
 .debug_info    0x000038c3     0x4b66 ..\obj\main.o
 .debug_info    0x00008429      0x6e0 ..\obj\timers.o
 .debug_info    0x00008b09      0x8e4 ..\obj\stm32f10x_rcc.o
 .debug_info    0x000093ed      0x32b ..\obj\stm32f10x_exti.o
 .debug_info    0x00009718      0xd2a ..\obj\tasks.o
 .debug_info    0x0000a442      0x9d2 ..\obj\stm32f10x_usart.o
 .debug_info    0x0000ae14      0x27f ..\obj\list.o
 .debug_info    0x0000b093      0x79b ..\obj\stm32f10x_flash.o
 .debug_info    0x0000b82e      0x401 ..\obj\stm32f10x_it.o
 .debug_info    0x0000bc2f      0x7cd ..\obj\queue.o
 .debug_info    0x0000c3fc      0x1b1 ..\obj\port.o
 .debug_info    0x0000c5ad      0x45d ..\obj\stm32f10x_dma.o
 .debug_info    0x0000ca0a      0x4e9 ..\obj\misc.o
 .debug_info    0x0000cef3      0xaea ..\obj\stm32f10x_i2c.o
 .debug_info    0x0000d9dd      0x2a6 ..\obj\heap_2.o
 .debug_info    0x0000dc83      0x433 ..\obj\eeprom.o
 .debug_info    0x0000e0b6      0x77e ..\obj\driver_sonar.o
 .debug_info    0x0000e834      0x1f4 ..\obj\stm32f10x_iwdg.o

.debug_abbrev   0x00000000     0x23b6
 .debug_abbrev  0x00000000       0xa1 ..\obj\delay.o
 .debug_abbrev  0x000000a1      0x1b0 ..\obj\stm32f10x_tim.o
 .debug_abbrev  0x00000251       0xa7 ..\obj\startup_stm32f10x_md_vl.o
 .debug_abbrev  0x000002f8      0x1dc ..\obj\I2CRoutines.o
 .debug_abbrev  0x000004d4      0x177 ..\obj\system_stm32f10x.o
 .debug_abbrev  0x0000064b      0x208 ..\obj\LiquidCrystal_I2C.o
 .debug_abbrev  0x00000853      0x1c8 ..\obj\stm32f10x_gpio.o
 .debug_abbrev  0x00000a1b      0x359 ..\obj\main.o
 .debug_abbrev  0x00000d74      0x173 ..\obj\timers.o
 .debug_abbrev  0x00000ee7      0x1ba ..\obj\stm32f10x_rcc.o
 .debug_abbrev  0x000010a1      0x151 ..\obj\stm32f10x_exti.o
 .debug_abbrev  0x000011f2      0x1cf ..\obj\tasks.o
 .debug_abbrev  0x000013c1      0x162 ..\obj\stm32f10x_usart.o
 .debug_abbrev  0x00001523       0xba ..\obj\list.o
 .debug_abbrev  0x000015dd      0x18b ..\obj\stm32f10x_flash.o
 .debug_abbrev  0x00001768      0x11f ..\obj\stm32f10x_it.o
 .debug_abbrev  0x00001887      0x130 ..\obj\queue.o
 .debug_abbrev  0x000019b7      0x12e ..\obj\port.o
 .debug_abbrev  0x00001ae5      0x155 ..\obj\stm32f10x_dma.o
 .debug_abbrev  0x00001c3a      0x154 ..\obj\misc.o
 .debug_abbrev  0x00001d8e      0x164 ..\obj\stm32f10x_i2c.o
 .debug_abbrev  0x00001ef2      0x166 ..\obj\heap_2.o
 .debug_abbrev  0x00002058      0x139 ..\obj\eeprom.o
 .debug_abbrev  0x00002191      0x124 ..\obj\driver_sonar.o
 .debug_abbrev  0x000022b5      0x101 ..\obj\stm32f10x_iwdg.o

.debug_aranges  0x00000000     0x1620
 .debug_aranges
                0x00000000       0x28 ..\obj\delay.o
 .debug_aranges
                0x00000028      0x2f0 ..\obj\stm32f10x_tim.o
 .debug_aranges
                0x00000318       0x28 ..\obj\startup_stm32f10x_md_vl.o
 .debug_aranges
                0x00000340       0x58 ..\obj\I2CRoutines.o
 .debug_aranges
                0x00000398       0x38 ..\obj\system_stm32f10x.o
 .debug_aranges
                0x000003d0      0x130 ..\obj\LiquidCrystal_I2C.o
 .debug_aranges
                0x00000500       0xa8 ..\obj\stm32f10x_gpio.o
 .debug_aranges
                0x000005a8      0x6b8 ..\obj\main.o
 .debug_aranges
                0x00000c60       0x88 ..\obj\timers.o
 .debug_aranges
                0x00000ce8      0x120 ..\obj\stm32f10x_rcc.o
 .debug_aranges
                0x00000e08       0x58 ..\obj\stm32f10x_exti.o
 .debug_aranges
                0x00000e60      0x138 ..\obj\tasks.o
 .debug_aranges
                0x00000f98      0x100 ..\obj\stm32f10x_usart.o
 .debug_aranges
                0x00001098       0x40 ..\obj\list.o
 .debug_aranges
                0x000010d8       0xf8 ..\obj\stm32f10x_flash.o
 .debug_aranges
                0x000011d0       0x68 ..\obj\stm32f10x_it.o
 .debug_aranges
                0x00001238       0xb0 ..\obj\queue.o
 .debug_aranges
                0x000012e8       0x70 ..\obj\port.o
 .debug_aranges
                0x00001358       0x70 ..\obj\stm32f10x_dma.o
 .debug_aranges
                0x000013c8       0x40 ..\obj\misc.o
 .debug_aranges
                0x00001408      0x120 ..\obj\stm32f10x_i2c.o
 .debug_aranges
                0x00001528       0x38 ..\obj\heap_2.o
 .debug_aranges
                0x00001560       0x50 ..\obj\eeprom.o
 .debug_aranges
                0x000015b0       0x28 ..\obj\driver_sonar.o
 .debug_aranges
                0x000015d8       0x48 ..\obj\stm32f10x_iwdg.o

.debug_ranges   0x00000000     0x1490
 .debug_ranges  0x00000000       0x18 ..\obj\delay.o
 .debug_ranges  0x00000018      0x2e0 ..\obj\stm32f10x_tim.o
 .debug_ranges  0x000002f8       0x18 ..\obj\startup_stm32f10x_md_vl.o
 .debug_ranges  0x00000310       0x48 ..\obj\I2CRoutines.o
 .debug_ranges  0x00000358       0x28 ..\obj\system_stm32f10x.o
 .debug_ranges  0x00000380      0x120 ..\obj\LiquidCrystal_I2C.o
 .debug_ranges  0x000004a0       0x98 ..\obj\stm32f10x_gpio.o
 .debug_ranges  0x00000538      0x6a8 ..\obj\main.o
 .debug_ranges  0x00000be0       0x78 ..\obj\timers.o
 .debug_ranges  0x00000c58      0x110 ..\obj\stm32f10x_rcc.o
 .debug_ranges  0x00000d68       0x48 ..\obj\stm32f10x_exti.o
 .debug_ranges  0x00000db0      0x128 ..\obj\tasks.o
 .debug_ranges  0x00000ed8       0xf0 ..\obj\stm32f10x_usart.o
 .debug_ranges  0x00000fc8       0x30 ..\obj\list.o
 .debug_ranges  0x00000ff8       0xe8 ..\obj\stm32f10x_flash.o
 .debug_ranges  0x000010e0       0x58 ..\obj\stm32f10x_it.o
 .debug_ranges  0x00001138       0xa0 ..\obj\queue.o
 .debug_ranges  0x000011d8       0x60 ..\obj\port.o
 .debug_ranges  0x00001238       0x60 ..\obj\stm32f10x_dma.o
 .debug_ranges  0x00001298       0x30 ..\obj\misc.o
 .debug_ranges  0x000012c8      0x110 ..\obj\stm32f10x_i2c.o
 .debug_ranges  0x000013d8       0x28 ..\obj\heap_2.o
 .debug_ranges  0x00001400       0x40 ..\obj\eeprom.o
 .debug_ranges  0x00001440       0x18 ..\obj\driver_sonar.o
 .debug_ranges  0x00001458       0x38 ..\obj\stm32f10x_iwdg.o

.debug_line     0x00000000     0x8141
 .debug_line    0x00000000      0x1d2 ..\obj\delay.o
 .debug_line    0x000001d2      0xaed ..\obj\stm32f10x_tim.o
 .debug_line    0x00000cbf       0xbd ..\obj\startup_stm32f10x_md_vl.o
 .debug_line    0x00000d7c      0x4c6 ..\obj\I2CRoutines.o
 .debug_line    0x00001242      0x1fe ..\obj\system_stm32f10x.o
 .debug_line    0x00001440      0x4e4 ..\obj\LiquidCrystal_I2C.o
 .debug_line    0x00001924      0x3c5 ..\obj\stm32f10x_gpio.o
 .debug_line    0x00001ce9     0x2978 ..\obj\main.o
 .debug_line    0x00004661      0x326 ..\obj\timers.o
 .debug_line    0x00004987      0x4ea ..\obj\stm32f10x_rcc.o
 .debug_line    0x00004e71      0x2b3 ..\obj\stm32f10x_exti.o
 .debug_line    0x00005124      0x785 ..\obj\tasks.o
 .debug_line    0x000058a9      0x4a8 ..\obj\stm32f10x_usart.o
 .debug_line    0x00005d51      0x1c4 ..\obj\list.o
 .debug_line    0x00005f15      0x4e0 ..\obj\stm32f10x_flash.o
 .debug_line    0x000063f5      0x2f3 ..\obj\stm32f10x_it.o
 .debug_line    0x000066e8      0x50f ..\obj\queue.o
 .debug_line    0x00006bf7      0x1d1 ..\obj\port.o
 .debug_line    0x00006dc8      0x312 ..\obj\stm32f10x_dma.o
 .debug_line    0x000070da      0x253 ..\obj\misc.o
 .debug_line    0x0000732d      0x4e5 ..\obj\stm32f10x_i2c.o
 .debug_line    0x00007812      0x156 ..\obj\heap_2.o
 .debug_line    0x00007968      0x30f ..\obj\eeprom.o
 .debug_line    0x00007c77      0x2bc ..\obj\driver_sonar.o
 .debug_line    0x00007f33      0x20e ..\obj\stm32f10x_iwdg.o

.debug_str      0x00000000     0x6064
 .debug_str     0x00000000      0x1b7 ..\obj\delay.o
                                0x1fa (size before relaxing)
 .debug_str     0x000001b7      0xc43 ..\obj\stm32f10x_tim.o
                                0xdeb (size before relaxing)
 .debug_str     0x00000dfa       0xcb ..\obj\startup_stm32f10x_md_vl.o
                                0x162 (size before relaxing)
 .debug_str     0x00000ec5      0x450 ..\obj\I2CRoutines.o
                                0x63c (size before relaxing)
 .debug_str     0x00001315      0x174 ..\obj\system_stm32f10x.o
                                0x2e2 (size before relaxing)
 .debug_str     0x00001489      0x3ab ..\obj\LiquidCrystal_I2C.o
                                0x5c4 (size before relaxing)
 .debug_str     0x00001834      0x279 ..\obj\stm32f10x_gpio.o
                                0x527 (size before relaxing)
 .debug_str     0x00001aad     0x1c86 ..\obj\main.o
                               0x2398 (size before relaxing)
 .debug_str     0x00003733      0x44c ..\obj\timers.o
                                0x560 (size before relaxing)
 .debug_str     0x00003b7f      0x3ad ..\obj\stm32f10x_rcc.o
                                0x67b (size before relaxing)
 .debug_str     0x00003f2c      0x11d ..\obj\stm32f10x_exti.o
                                0x357 (size before relaxing)
 .debug_str     0x00004049      0x793 ..\obj\tasks.o
                                0x96e (size before relaxing)
 .debug_str     0x000047dc      0x3c1 ..\obj\stm32f10x_usart.o
                                0x69e (size before relaxing)
 .debug_str     0x00004b9d       0xe7 ..\obj\list.o
                                0x293 (size before relaxing)
 .debug_str     0x00004c84      0x3e7 ..\obj\stm32f10x_flash.o
                                0x5f6 (size before relaxing)
 .debug_str     0x0000506b      0x141 ..\obj\stm32f10x_it.o
                                0x379 (size before relaxing)
 .debug_str     0x000051ac      0x33d ..\obj\queue.o
                                0x595 (size before relaxing)
 .debug_str     0x000054e9      0x162 ..\obj\port.o
                                0x261 (size before relaxing)
 .debug_str     0x0000564b      0x146 ..\obj\stm32f10x_dma.o
                                0x3c5 (size before relaxing)
 .debug_str     0x00005791      0x140 ..\obj\misc.o
                                0x3c6 (size before relaxing)
 .debug_str     0x000058d1      0x34b ..\obj\stm32f10x_i2c.o
                                0x674 (size before relaxing)
 .debug_str     0x00005c1c      0x186 ..\obj\heap_2.o
                                0x2a6 (size before relaxing)
 .debug_str     0x00005da2      0x16d ..\obj\eeprom.o
                                0x34d (size before relaxing)
 .debug_str     0x00005f0f       0x70 ..\obj\driver_sonar.o
                                0x89e (size before relaxing)
 .debug_str     0x00005f7f       0xe5 ..\obj\stm32f10x_iwdg.o
                                0x26a (size before relaxing)

.comment        0x00000000       0x70
 .comment       0x00000000       0x70 ..\obj\delay.o
                                 0x71 (size before relaxing)
 .comment       0x00000000       0x71 ..\obj\stm32f10x_tim.o
 .comment       0x00000000       0x71 ..\obj\startup_stm32f10x_md_vl.o
 .comment       0x00000000       0x71 ..\obj\I2CRoutines.o
 .comment       0x00000000       0x71 ..\obj\system_stm32f10x.o
 .comment       0x00000000       0x71 ..\obj\LiquidCrystal_I2C.o
 .comment       0x00000000       0x71 ..\obj\stm32f10x_gpio.o
 .comment       0x00000000       0x71 ..\obj\main.o
 .comment       0x00000000       0x71 ..\obj\timers.o
 .comment       0x00000000       0x71 ..\obj\stm32f10x_rcc.o
 .comment       0x00000000       0x71 ..\obj\stm32f10x_exti.o
 .comment       0x00000000       0x71 ..\obj\tasks.o
 .comment       0x00000000       0x71 ..\obj\stm32f10x_usart.o
 .comment       0x00000000       0x71 ..\obj\list.o
 .comment       0x00000000       0x71 ..\obj\stm32f10x_flash.o
 .comment       0x00000000       0x71 ..\obj\stm32f10x_it.o
 .comment       0x00000000       0x71 ..\obj\queue.o
 .comment       0x00000000       0x71 ..\obj\port.o
 .comment       0x00000000       0x71 ..\obj\stm32f10x_dma.o
 .comment       0x00000000       0x71 ..\obj\misc.o
 .comment       0x00000000       0x71 ..\obj\stm32f10x_i2c.o
 .comment       0x00000000       0x71 ..\obj\heap_2.o
 .comment       0x00000000       0x71 ..\obj\eeprom.o
 .comment       0x00000000       0x71 ..\obj\driver_sonar.o
 .comment       0x00000000       0x71 ..\obj\stm32f10x_iwdg.o

.ARM.attributes
                0x00000000       0x31
 .ARM.attributes
                0x00000000       0x33 ..\obj\delay.o
 .ARM.attributes
                0x00000033       0x33 ..\obj\stm32f10x_tim.o
 .ARM.attributes
                0x00000066       0x33 ..\obj\startup_stm32f10x_md_vl.o
 .ARM.attributes
                0x00000099       0x33 ..\obj\I2CRoutines.o
 .ARM.attributes
                0x000000cc       0x33 ..\obj\system_stm32f10x.o
 .ARM.attributes
                0x000000ff       0x33 ..\obj\LiquidCrystal_I2C.o
 .ARM.attributes
                0x00000132       0x33 ..\obj\stm32f10x_gpio.o
 .ARM.attributes
                0x00000165       0x33 ..\obj\main.o
 .ARM.attributes
                0x00000198       0x33 ..\obj\timers.o
 .ARM.attributes
                0x000001cb       0x33 ..\obj\stm32f10x_rcc.o
 .ARM.attributes
                0x000001fe       0x33 ..\obj\stm32f10x_exti.o
 .ARM.attributes
                0x00000231       0x33 ..\obj\tasks.o
 .ARM.attributes
                0x00000264       0x33 ..\obj\stm32f10x_usart.o
 .ARM.attributes
                0x00000297       0x33 ..\obj\list.o
 .ARM.attributes
                0x000002ca       0x33 ..\obj\stm32f10x_flash.o
 .ARM.attributes
                0x000002fd       0x33 ..\obj\stm32f10x_it.o
 .ARM.attributes
                0x00000330       0x33 ..\obj\queue.o
 .ARM.attributes
                0x00000363       0x33 ..\obj\port.o
 .ARM.attributes
                0x00000396       0x33 ..\obj\stm32f10x_dma.o
 .ARM.attributes
                0x000003c9       0x33 ..\obj\misc.o
 .ARM.attributes
                0x000003fc       0x33 ..\obj\stm32f10x_i2c.o
 .ARM.attributes
                0x0000042f       0x33 ..\obj\heap_2.o
 .ARM.attributes
                0x00000462       0x33 ..\obj\eeprom.o
 .ARM.attributes
                0x00000495       0x33 ..\obj\driver_sonar.o
 .ARM.attributes
                0x000004c8       0x33 ..\obj\stm32f10x_iwdg.o
 .ARM.attributes
                0x000004fb       0x1b c:/coocox/toolchain/bin/../lib/gcc/arm-none-eabi/4.9.3/../../../../arm-none-eabi/lib/armv7-m\libg.a(lib_a-memcpy.o)
 .ARM.attributes
                0x00000516       0x2d c:/coocox/toolchain/bin/../lib/gcc/arm-none-eabi/4.9.3/../../../../arm-none-eabi/lib/armv7-m\libg.a(lib_a-memset.o)
 .ARM.attributes
                0x00000543       0x2d c:/coocox/toolchain/bin/../lib/gcc/arm-none-eabi/4.9.3/../../../../arm-none-eabi/lib/armv7-m\libg.a(lib_a-strncpy.o)

.debug_frame    0x00000000     0x5d4c
 .debug_frame   0x00000000       0x58 ..\obj\delay.o
 .debug_frame   0x00000058      0xe2c ..\obj\stm32f10x_tim.o
 .debug_frame   0x00000e84       0x4c ..\obj\startup_stm32f10x_md_vl.o
 .debug_frame   0x00000ed0      0x134 ..\obj\I2CRoutines.o
 .debug_frame   0x00001004       0x98 ..\obj\system_stm32f10x.o
 .debug_frame   0x0000109c      0x46c ..\obj\LiquidCrystal_I2C.o
 .debug_frame   0x00001508      0x2d0 ..\obj\stm32f10x_gpio.o
 .debug_frame   0x000017d8     0x1de0 ..\obj\main.o
 .debug_frame   0x000035b8      0x20c ..\obj\timers.o
 .debug_frame   0x000037c4      0x51c ..\obj\stm32f10x_rcc.o
 .debug_frame   0x00003ce0      0x148 ..\obj\stm32f10x_exti.o
 .debug_frame   0x00003e28      0x528 ..\obj\tasks.o
 .debug_frame   0x00004350      0x490 ..\obj\stm32f10x_usart.o
 .debug_frame   0x000047e0       0xd8 ..\obj\list.o
 .debug_frame   0x000048b8      0x410 ..\obj\stm32f10x_flash.o
 .debug_frame   0x00004cc8      0x150 ..\obj\stm32f10x_it.o
 .debug_frame   0x00004e18      0x2c8 ..\obj\queue.o
 .debug_frame   0x000050e0      0x148 ..\obj\port.o
 .debug_frame   0x00005228      0x1c8 ..\obj\stm32f10x_dma.o
 .debug_frame   0x000053f0       0xd8 ..\obj\misc.o
 .debug_frame   0x000054c8      0x530 ..\obj\stm32f10x_i2c.o
 .debug_frame   0x000059f8       0x98 ..\obj\heap_2.o
 .debug_frame   0x00005a90      0x114 ..\obj\eeprom.o
 .debug_frame   0x00005ba4       0x50 ..\obj\driver_sonar.o
 .debug_frame   0x00005bf4       0xf0 ..\obj\stm32f10x_iwdg.o
 .debug_frame   0x00005ce4       0x34 c:/coocox/toolchain/bin/../lib/gcc/arm-none-eabi/4.9.3/../../../../arm-none-eabi/lib/armv7-m\libg.a(lib_a-memset.o)
 .debug_frame   0x00005d18       0x34 c:/coocox/toolchain/bin/../lib/gcc/arm-none-eabi/4.9.3/../../../../arm-none-eabi/lib/armv7-m\libg.a(lib_a-strncpy.o)
