Archive member included because of file (symbol)

c:/coocox/toolchain/bin/../lib/gcc/arm-none-eabi/4.9.3/../../../../arm-none-eabi/lib/armv7-m\libg.a(lib_a-memcpy.o)
                              ..\obj\queue.o (memcpy)
c:/coocox/toolchain/bin/../lib/gcc/arm-none-eabi/4.9.3/../../../../arm-none-eabi/lib/armv7-m\libg.a(lib_a-memset.o)
                              ..\obj\tasks.o (memset)
c:/coocox/toolchain/bin/../lib/gcc/arm-none-eabi/4.9.3/../../../../arm-none-eabi/lib/armv7-m\libg.a(lib_a-strncpy.o)
                              ..\obj\tasks.o (strncpy)

Allocating common symbols
Common symbol       size              file

tmpdata             0x1               ..\obj\main.o
HSEStartUpStatus    0x1               ..\obj\main.o
Buffer_Rx2          0x7               ..\obj\main.o
water_counter       0x10              ..\obj\main.o
wt_args             0x7               ..\obj\main.o
Buffer_Tx2          0x7               ..\obj\main.o
I2CDMA_InitStructure
                    0x2c              ..\obj\I2CRoutines.o
FlashStatus         0x1               ..\obj\main.o
Buffer_Rx1          0x7               ..\obj\main.o
wfCalArray          0x8               ..\obj\main.o
i2c                 0x10              ..\obj\I2C.o
Address             0x1               ..\obj\I2CRoutines.o
toAdjust            0x3               ..\obj\main.o
RxBuffer            0x28              ..\obj\main.o
ow_buf              0x8               ..\obj\onewire.o
ds_buf              0x9               ..\obj\main.o
TxBuffer            0x2a              ..\obj\main.o
TIM_ICInitStructure
                    0xa               ..\obj\main.o
i2c_gpio            0x4               ..\obj\I2C.o
NumbOfBytes2        0x4               ..\obj\I2CRoutines.o
NumbOfBytes1        0x4               ..\obj\I2CRoutines.o
dht_byte_buf        0x5               ..\obj\main.o

Discarded input sections

 .text          0x00000000        0x0 ..\obj\delay.o
 .data          0x00000000        0x0 ..\obj\delay.o
 .bss           0x00000000        0x0 ..\obj\delay.o
 .text.DelayMC  0x00000000       0x40 ..\obj\delay.o
 .text          0x00000000        0x0 ..\obj\stm32f10x_tim.o
 .data          0x00000000        0x0 ..\obj\stm32f10x_tim.o
 .bss           0x00000000        0x0 ..\obj\stm32f10x_tim.o
 .text.TIM_DeInit
                0x00000000      0x22c ..\obj\stm32f10x_tim.o
 .text.TIM_ICInit
                0x00000000       0xa8 ..\obj\stm32f10x_tim.o
 .text.TIM_PWMIConfig
                0x00000000       0xb8 ..\obj\stm32f10x_tim.o
 .text.TIM_BDTRConfig
                0x00000000       0x50 ..\obj\stm32f10x_tim.o
 .text.TIM_ICStructInit
                0x00000000       0x30 ..\obj\stm32f10x_tim.o
 .text.TIM_BDTRStructInit
                0x00000000       0x3c ..\obj\stm32f10x_tim.o
 .text.TIM_ITConfig
                0x00000000       0x48 ..\obj\stm32f10x_tim.o
 .text.TIM_GenerateEvent
                0x00000000       0x1c ..\obj\stm32f10x_tim.o
 .text.TIM_DMAConfig
                0x00000000       0x28 ..\obj\stm32f10x_tim.o
 .text.TIM_DMACmd
                0x00000000       0x48 ..\obj\stm32f10x_tim.o
 .text.TIM_InternalClockConfig
                0x00000000       0x24 ..\obj\stm32f10x_tim.o
 .text.TIM_ITRxExternalClockConfig
                0x00000000       0x2c ..\obj\stm32f10x_tim.o
 .text.TIM_TIxExternalClockConfig
                0x00000000       0x60 ..\obj\stm32f10x_tim.o
 .text.TIM_ETRClockMode1Config
                0x00000000       0x5c ..\obj\stm32f10x_tim.o
 .text.TIM_ETRClockMode2Config
                0x00000000       0x3c ..\obj\stm32f10x_tim.o
 .text.TIM_ETRConfig
                0x00000000       0x54 ..\obj\stm32f10x_tim.o
 .text.TIM_PrescalerConfig
                0x00000000       0x28 ..\obj\stm32f10x_tim.o
 .text.TIM_CounterModeConfig
                0x00000000       0x38 ..\obj\stm32f10x_tim.o
 .text.TIM_SelectInputTrigger
                0x00000000       0x38 ..\obj\stm32f10x_tim.o
 .text.TIM_EncoderInterfaceConfig
                0x00000000       0x98 ..\obj\stm32f10x_tim.o
 .text.TIM_ForcedOC1Config
                0x00000000       0x38 ..\obj\stm32f10x_tim.o
 .text.TIM_ForcedOC2Config
                0x00000000       0x3c ..\obj\stm32f10x_tim.o
 .text.TIM_ForcedOC3Config
                0x00000000       0x38 ..\obj\stm32f10x_tim.o
 .text.TIM_ForcedOC4Config
                0x00000000       0x3c ..\obj\stm32f10x_tim.o
 .text.TIM_ARRPreloadConfig
                0x00000000       0x40 ..\obj\stm32f10x_tim.o
 .text.TIM_SelectCOM
                0x00000000       0x40 ..\obj\stm32f10x_tim.o
 .text.TIM_SelectCCDMA
                0x00000000       0x40 ..\obj\stm32f10x_tim.o
 .text.TIM_CCPreloadControl
                0x00000000       0x40 ..\obj\stm32f10x_tim.o
 .text.TIM_OC1PreloadConfig
                0x00000000       0x38 ..\obj\stm32f10x_tim.o
 .text.TIM_OC2PreloadConfig
                0x00000000       0x3c ..\obj\stm32f10x_tim.o
 .text.TIM_OC3PreloadConfig
                0x00000000       0x38 ..\obj\stm32f10x_tim.o
 .text.TIM_OC4PreloadConfig
[...]
Memory Configuration

Name             Origin             Length             Attributes
rom              0x08000000         0x00020000         xr
ram              0x20000000         0x00002000         xrw
*default*        0x00000000         0xffffffff

Linker script and memory map

                0x20002000                _eram = 0x20002000

.text           0x08000000     0xd088
 *(.isr_vector)
 .isr_vector    0x08000000      0x124 ..\obj\startup_stm32f10x_md_vl.o
                0x08000000                g_pfnVectors
 *(.text*)
 .text.Delay    0x08000124       0x40 ..\obj\delay.o
                0x08000124                Delay
 .text.TIM_TimeBaseInit
                0x08000164       0xf8 ..\obj\stm32f10x_tim.o
                0x08000164                TIM_TimeBaseInit
 .text.TIM_OC1Init
                0x0800025c      0x118 ..\obj\stm32f10x_tim.o
                0x0800025c                TIM_OC1Init
 .text.TIM_OC2Init
                0x08000374      0x110 ..\obj\stm32f10x_tim.o
                0x08000374                TIM_OC2Init
 .text.TIM_OC3Init
                0x08000484      0x10c ..\obj\stm32f10x_tim.o
                0x08000484                TIM_OC3Init
 .text.TIM_OC4Init
                0x08000590       0xd0 ..\obj\stm32f10x_tim.o
                0x08000590                TIM_OC4Init
 .text.TIM_TimeBaseStructInit
                0x08000660       0x34 ..\obj\stm32f10x_tim.o
                0x08000660                TIM_TimeBaseStructInit
 .text.TIM_OCStructInit
                0x08000694       0x44 ..\obj\stm32f10x_tim.o
                0x08000694                TIM_OCStructInit
 .text.TIM_Cmd  0x080006d8       0x40 ..\obj\stm32f10x_tim.o
                0x080006d8                TIM_Cmd
 .text.TIM_CtrlPWMOutputs
                0x08000718       0x4c ..\obj\stm32f10x_tim.o
                0x08000718                TIM_CtrlPWMOutputs
 .text.TIM_GetITStatus
                0x08000764       0x54 ..\obj\stm32f10x_tim.o
                0x08000764                TIM_GetITStatus
 .text.TIM_ClearITPendingBit
                0x080007b8       0x20 ..\obj\stm32f10x_tim.o
                0x080007b8                TIM_ClearITPendingBit
 .text.Default_Reset_Handler
                0x080007d8       0x5c ..\obj\startup_stm32f10x_md_vl.o
                0x080007d8                Default_Reset_Handler
                0x080007d8                Reset_Handler
 .text.Default_Handler
                0x08000834        0x8 ..\obj\startup_stm32f10x_md_vl.o
                0x08000834                DebugMon_Handler
                0x08000834                TIM1_CC_IRQHandler
                0x08000834                HardFault_Handler
                0x08000834                PVD_IRQHandler
                0x08000834                NMI_Handler
                0x08000834                EXTI3_IRQHandler
                0x08000834                I2C2_EV_IRQHandler
                0x08000834                UsageFault_Handler
                0x08000834                SPI1_IRQHandler
                0x08000834                TAMPER_IRQHandler
                0x08000834                TIM6_DAC_IRQHandler
                0x08000834                ADC1_IRQHandler
                0x08000834                USART3_IRQHandler
                0x08000834                RTC_IRQHandler
                0x08000834                DMA1_Channel7_IRQHandler
                0x08000834                I2C1_EV_IRQHandler
                0x08000834                DMA1_Channel6_IRQHandler
                0x08000834                TIM3_IRQHandler
                0x08000834                RCC_IRQHandler
                0x08000834                DMA1_Channel1_IRQHandler
                0x08000834                CEC_IRQHandler
                0x08000834                TIM7_IRQHandler
                0x08000834                SPI2_IRQHandler
                0x08000834                MemManage_Handler
                0x08000834                EXTI4_IRQHandler
                0x08000834                DMA1_Channel3_IRQHandler
                0x08000834                WWDG_IRQHandler
                0x08000834                TIM2_IRQHandler
                0x08000834                RTCAlarm_IRQHandler
                0x08000834                USART2_IRQHandler
                0x08000834                I2C2_ER_IRQHandler
                0x08000834                DMA1_Channel2_IRQHandler
                0x08000834                FLASH_IRQHandler
                0x08000834                BusFault_Handler
                0x08000834                I2C1_ER_IRQHandler
                0x08000834                TIM1_BRK_TIM15_IRQHandler
 .text.I2C_Master_BufferWrite
                0x0800083c      0x334 ..\obj\I2CRoutines.o
                0x0800083c                I2C_Master_BufferWrite
 .text.I2C_DMAConfig
                0x08000b70       0xec ..\obj\I2CRoutines.o
                0x08000b70                I2C_DMAConfig
 .text.SystemInit
                0x08000c5c       0x6c ..\obj\system_stm32f10x.o
                0x08000c5c                SystemInit
 .text.SetSysClock
                0x08000cc8        0xc ..\obj\system_stm32f10x.o
 .text.SetSysClockTo24
                0x08000cd4       0xd4 ..\obj\system_stm32f10x.o
 .text.LCDI2C_send
                0x08000da8      0x118 ..\obj\LiquidCrystal_I2C.o
                0x08000da8                LCDI2C_send
 .text.GPIO_Init
                0x08000ec0      0x180 ..\obj\stm32f10x_gpio.o
                0x08000ec0                GPIO_Init
 .text.GPIO_StructInit
                0x08001040       0x28 ..\obj\stm32f10x_gpio.o
                0x08001040                GPIO_StructInit
 .text.GPIO_PinRemapConfig
                0x08001068       0xe0 ..\obj\stm32f10x_gpio.o
                0x08001068                GPIO_PinRemapConfig
 .text.GPIO_EXTILineConfig
                0x08001148       0x84 ..\obj\stm32f10x_gpio.o
                0x08001148                GPIO_EXTILineConfig
 .text.NVIC_EnableIRQ
                0x080011cc       0x30 ..\obj\main.o
 .text.NVIC_DisableIRQ
                0x080011fc       0x34 ..\obj\main.o
 .text.dht_0    0x08001230       0x38 ..\obj\main.o
                0x08001230                dht_0
 .text.dht_1    0x08001268       0x38 ..\obj\main.o
                0x08001268                dht_1
 .text.dht_req_x
                0x080012a0       0x6c ..\obj\main.o
                0x080012a0                dht_req_x
 .text.dht_get_data_x
                0x0800130c       0x64 ..\obj\main.o
                0x0800130c                dht_get_data_x
 .text.dht_conv_data
                0x08001370      0x3a8 ..\obj\main.o
                0x08001370                dht_conv_data
 .text.dht_init_x
                0x08001718       0xdc ..\obj\main.o
                0x08001718                dht_init_x
 .text.dht_init_out_x
                0x080017f4       0x70 ..\obj\main.o
                0x080017f4                dht_init_out_x
 .text.crc8     0x08001864       0x50 ..\obj\main.o
                0x08001864                crc8
 .text.autoSafe
                0x080018b4      0x130 ..\obj\main.o
                0x080018b4                autoSafe
 .text.open_valves
                0x080019e4       0x48 ..\obj\main.o
                0x080019e4                open_valves
 .text.close_valves
                0x08001a2c       0x2c ..\obj\main.o
                0x08001a2c                close_valves
 .text.psi_stab_secs
                0x08001a58       0xb8 ..\obj\main.o
                0x08001a58                psi_stab_secs
 .text.mix_solution
                0x08001b10       0x34 ..\obj\main.o
                0x08001b10                mix_solution
 .text.Lcd_write_8b
                0x08001b44       0x94 ..\obj\main.o
                0x08001b44                Lcd_write_8b
 .text.calibrateFlowMeter
                0x08001bd8      0x22c ..\obj\main.o
                0x08001bd8                calibrateFlowMeter
 .text.get_water_cl
                0x08001e04       0x68 ..\obj\main.o
                0x08001e04                get_water_cl
 .text.get_water
                0x08001e6c      0x1a4 ..\obj\main.o
                0x08001e6c                get_water
 .text.Lcd_write_16b
                0x08002010       0x70 ..\obj\main.o
                0x08002010                Lcd_write_16b
 .text.crc_block
                0x08002080       0x48 ..\obj\main.o
                0x08002080                crc_block
 .text.USART1_IRQHandler
                0x080020c8      0x22c ..\obj\main.o
                0x080020c8                USART1_IRQHandler
 .text.lstasks  0x080022f4       0x8c ..\obj\main.o
 .text.uart_task
                0x08002380       0xb0 ..\obj\main.o
 .text.rx_flush
                0x08002430       0x34 ..\obj\main.o
                0x08002430                rx_flush
 .text.tx_flush
                0x08002464       0x40 ..\obj\main.o
                0x08002464                tx_flush
 .text.push_tx  0x080024a4       0x90 ..\obj\main.o
                0x080024a4                push_tx
 .text.send_resp_x
                0x08002534       0x40 ..\obj\main.o
                0x08002534                send_resp_x
 .text.send_resp
                0x08002574       0x90 ..\obj\main.o
                0x08002574                send_resp
 .text.water_lines
                0x08002604       0x2c ..\obj\main.o
                0x08002604                water_lines
 .text.send_ee_dump
                0x08002630       0x38 ..\obj\main.o
                0x08002630                send_ee_dump
 .text.run_uart_cmd
                0x08002668      0x6cc ..\obj\main.o
                0x08002668                run_uart_cmd
 .text.run_watering_pump
                0x08002d34       0x48 ..\obj\main.o
                0x08002d34                run_watering_pump
 .text.settings2tx_buff
                0x08002d7c       0xa4 ..\obj\main.o
                0x08002d7c                settings2tx_buff
 .text.get_settings_dump
                0x08002e20      0x1d0 ..\obj\main.o
                0x08002e20                get_settings_dump
 .text.get_settings_dump_
                0x08002ff0      0x228 ..\obj\main.o
                0x08002ff0                get_settings_dump_
 .text.run_doser_for
                0x08003218       0x7c ..\obj\main.o
                0x08003218                run_doser_for
 .text.rx_ee    0x08003294      0x16c ..\obj\main.o
                0x08003294                rx_ee
 .text.send_ee_addr
                0x08003400      0x128 ..\obj\main.o
                0x08003400                send_ee_addr
 .text.send_ee_block
                0x08003528      0x120 ..\obj\main.o
                0x08003528                send_ee_block
 .text.get_settings_block
                0x08003648       0xac ..\obj\main.o
                0x08003648                get_settings_block
 .text.get_status_block
                0x080036f4      0x504 ..\obj\main.o
                0x080036f4                get_status_block
 .text.DMA1_Channel4_IRQHandler
                0x08003bf8       0x14 ..\obj\main.o
                0x08003bf8                DMA1_Channel4_IRQHandler
 .text.DMA1_Channel5_IRQHandler
                0x08003c0c       0x14 ..\obj\main.o
                0x08003c0c                DMA1_Channel5_IRQHandler
 .text.bluetooth_init
                0x08003c20       0xdc ..\obj\main.o
                0x08003c20                bluetooth_init
 .text.dosing_motor_control_init
                0x08003cfc       0xc4 ..\obj\main.o
                0x08003cfc                dosing_motor_control_init
 .text.stop_dosers
                0x08003dc0       0x2c ..\obj\main.o
                0x08003dc0                stop_dosers
 .text.psi_motor_init
                0x08003dec       0xcc ..\obj\main.o
                0x08003dec                psi_motor_init
 .text.tankLevelStabSetup
                0x08003eb8       0xc4 ..\obj\main.o
                0x08003eb8                tankLevelStabSetup
 .text.open_valve
                0x08003f7c       0xb4 ..\obj\main.o
                0x08003f7c                open_valve
 .text.close_valve
                0x08004030       0xb8 ..\obj\main.o
                0x08004030                close_valve
 .text.EXTI0_IRQHandler
                0x080040e8       0x1c ..\obj\main.o
                0x080040e8                EXTI0_IRQHandler
 .text.EXTI1_IRQHandler
                0x08004104       0x1c ..\obj\main.o
                0x08004104                EXTI1_IRQHandler
 .text.EXTI2_IRQHandler
                0x08004120        0xc ..\obj\main.o
                0x08004120                EXTI2_IRQHandler
 .text.EXTI15_10_IRQHandler
                0x0800412c      0x2f0 ..\obj\main.o
                0x0800412c                EXTI15_10_IRQHandler
 .text.eeprom_test
                0x0800441c       0xc4 ..\obj\main.o
                0x0800441c                eeprom_test
 .text.valve_test2
                0x080044e0      0x150 ..\obj\main.o
                0x080044e0                valve_test2
 .text.adjustFlags
                0x08004630      0x188 ..\obj\main.o
                0x08004630                adjustFlags
 .text.water_program_setup
                0x080047b8      0x1c0 ..\obj\main.o
                0x080047b8                water_program_setup
 .text.fertilization_setup
                0x08004978       0x38 ..\obj\main.o
                0x08004978                fertilization_setup
 .text.watering_setup
                0x080049b0       0x38 ..\obj\main.o
                0x080049b0                watering_setup
 .text.fertilizer_mixing_program_setup
                0x080049e8      0x1ac ..\obj\main.o
                0x080049e8                fertilizer_mixing_program_setup
 .text.startWp  0x08004b94       0xf4 ..\obj\main.o
                0x08004b94                startWp
 .text.run_watering_program_g2
                0x08004c88      0x678 ..\obj\main.o
                0x08004c88                run_watering_program_g2
 .text.run_fertilizer_mixer_g2
                0x08005300      0x12c ..\obj\main.o
                0x08005300                run_fertilizer_mixer_g2
 .text.enable_dosing_pump
                0x0800542c       0xfc ..\obj\main.o
                0x0800542c                enable_dosing_pump
 .text.get_fertilizer
                0x08005528       0x6c ..\obj\main.o
                0x08005528                get_fertilizer
 .text.valve_init
                0x08005594       0x24 ..\obj\main.o
                0x08005594                valve_init
 .text.watering_program_trigger
                0x080055b8      0x1fc ..\obj\main.o
 .text.effect11on
                0x080057b4       0x70 ..\obj\main.o
                0x080057b4                effect11on
 .text.effect11off
                0x08005824       0x70 ..\obj\main.o
                0x08005824                effect11off
 .text.effect12on
                0x08005894       0x70 ..\obj\main.o
                0x08005894                effect12on
 .text.effect12off
                0x08005904       0x70 ..\obj\main.o
                0x08005904                effect12off
 .text.effect21on
                0x08005974       0x54 ..\obj\main.o
                0x08005974                effect21on
 .text.effect21off
                0x080059c8       0x54 ..\obj\main.o
                0x080059c8                effect21off
 .text.effect_running_light
                0x08005a1c       0xa0 ..\obj\main.o
                0x08005a1c                effect_running_light
 .text.effect_running_light_rev
                0x08005abc       0xa0 ..\obj\main.o
                0x08005abc                effect_running_light_rev
 .text.trig_valve
                0x08005b5c       0x40 ..\obj\main.o
                0x08005b5c                trig_valve
 .text.run_demo2
                0x08005b9c       0xc0 ..\obj\main.o
                0x08005b9c                run_demo2
 .text.run_demo
                0x08005c5c      0x1ac ..\obj\main.o
                0x08005c5c                run_demo
 .text.wt_mixing
                0x08005e08       0x74 ..\obj\main.o
                0x08005e08                wt_mixing
 .text.wt_mix_in
                0x08005e7c       0xc8 ..\obj\main.o
                0x08005e7c                wt_mix_in
 .text.wt_watering
                0x08005f44       0x78 ..\obj\main.o
                0x08005f44                wt_watering
 .text.wt_mt_reach_level
                0x08005fbc       0x5c ..\obj\main.o
                0x08005fbc                wt_mt_reach_level
 .text.wt_mt_add_water
                0x08006018       0x74 ..\obj\main.o
                0x08006018                wt_mt_add_water
 .text.wt_mt_drain2level
                0x0800608c       0x64 ..\obj\main.o
                0x0800608c                wt_mt_drain2level
 .text.run_watering_task
                0x080060f0      0x158 ..\obj\main.o
                0x080060f0                run_watering_task
 .text.TIM1_UP_TIM16_IRQHandler
                0x08006248        0xc ..\obj\main.o
                0x08006248                TIM1_UP_TIM16_IRQHandler
 .text.TIM1_TRG_COM_TIM17_IRQHandler
                0x08006254        0xc ..\obj\main.o
                0x08006254                TIM1_TRG_COM_TIM17_IRQHandler
 .text.EXTI9_5_IRQHandler
                0x08006260       0xa4 ..\obj\main.o
                0x08006260                EXTI9_5_IRQHandler
 .text.TIM4_IRQHandler
                0x08006304       0x38 ..\obj\main.o
                0x08006304                TIM4_IRQHandler
 .text.dht_arr_displayer
                0x0800633c       0xd8 ..\obj\main.o
                0x0800633c                dht_arr_displayer
 .text.readPercentVal
                0x08006414      0x140 ..\obj\main.o
                0x08006414                readPercentVal
 .text.hygroStatSettings
                0x08006554       0x9c ..\obj\main.o
                0x08006554                hygroStatSettings
 .text.Delay_us_
                0x080065f0       0x2c ..\obj\main.o
                0x080065f0                Delay_us_
 .text.Delay_us
                0x0800661c       0x2c ..\obj\main.o
                0x0800661c                Delay_us
 .text.buttonCalibration
                0x08006648      0x328 ..\obj\main.o
                0x08006648                buttonCalibration
 .text.displayAdcValues
                0x08006970      0x118 ..\obj\main.o
                0x08006970                displayAdcValues
 .text.display_usart_rx
                0x08006a88       0xcc ..\obj\main.o
                0x08006a88                display_usart_rx
 .text.display_usart_tx
                0x08006b54       0xd4 ..\obj\main.o
                0x08006b54                display_usart_tx
 .text.saveButtonRanges
                0x08006c28       0x44 ..\obj\main.o
                0x08006c28                saveButtonRanges
 .text.readButtonRanges
                0x08006c6c       0x40 ..\obj\main.o
                0x08006c6c                readButtonRanges
 .text.adcAverager
                0x08006cac      0x18c ..\obj\main.o
                0x08006cac                adcAverager
 .text.setPlug  0x08006e38       0xa4 ..\obj\main.o
                0x08006e38                setPlug
 .text.printOk  0x08006edc       0x2c ..\obj\main.o
                0x08006edc                printOk
 .text.psiOn    0x08006f08       0x54 ..\obj\main.o
                0x08006f08                psiOn
 .text.psiOff   0x08006f5c       0x2c ..\obj\main.o
                0x08006f5c                psiOff
 .text.psiStab  0x08006f88       0xd4 ..\obj\main.o
                0x08006f88                psiStab
 .text.timerStateTrigger
                0x0800705c      0x1cc ..\obj\main.o
 .text.plugStateTrigger
                0x08007228      0x220 ..\obj\main.o
 .text.plugTest
                0x08007448       0x8c ..\obj\main.o
                0x08007448                plugTest
 .text.plugStateSet
                0x080074d4       0x8c ..\obj\main.o
                0x080074d4                plugStateSet
 .text.EE_WriteWord
                0x08007560       0x38 ..\obj\main.o
                0x08007560                EE_WriteWord
 .text.programRunner
                0x08007598      0x180 ..\obj\main.o
                0x08007598                programRunner
 .text.adjust8bit
                0x08007718       0xac ..\obj\main.o
                0x08007718                adjust8bit
 .text.adjust16bit
                0x080077c4       0xb8 ..\obj\main.o
                0x080077c4                adjust16bit
 .text.adjust16bit_fast
                0x0800787c       0xc8 ..\obj\main.o
                0x0800787c                adjust16bit_fast
 .text.CTimerAdjust
                0x08007944      0x188 ..\obj\main.o
                0x08007944                CTimerAdjust
 .text.setCTimer
                0x08007acc       0xf0 ..\obj\main.o
                0x08007acc                setCTimer
 .text.idSelector
                0x08007bbc       0x90 ..\obj\main.o
                0x08007bbc                idSelector
 .text.setTimer
                0x08007c4c       0xf4 ..\obj\main.o
                0x08007c4c                setTimer
 .text.timeAdjust
                0x08007d40      0x2d4 ..\obj\main.o
                0x08007d40                timeAdjust
 .text.unix2DateTime
                0x08008014      0x2fc ..\obj\main.o
                0x08008014                unix2DateTime
 .text.DateTime2unix
                0x08008310      0x170 ..\obj\main.o
                0x08008310                DateTime2unix
 .text.menuSelector
                0x08008480      0x130 ..\obj\main.o
                0x08008480                menuSelector
 .text.RTC_GetCounter
                0x080085b0       0x24 ..\obj\main.o
                0x080085b0                RTC_GetCounter
 .text.RTC_SetCounter
                0x080085d4       0x48 ..\obj\main.o
                0x080085d4                RTC_SetCounter
 .text.RtcInit  0x0800861c       0xcc ..\obj\main.o
                0x0800861c                RtcInit
 .text.copy_arr
                0x080086e8       0x58 ..\obj\main.o
                0x080086e8                copy_arr
 .text.skip_button_cal
                0x08008740       0xa4 ..\obj\main.o
                0x08008740                skip_button_cal
 .text.displayClock
                0x080087e4      0x31c ..\obj\main.o
 .text.readButtons
                0x08008b00       0xbc ..\obj\main.o
                0x08008b00                readButtons
 .text.AdcInit  0x08008bbc      0x184 ..\obj\main.o
                0x08008bbc                AdcInit
 .text.Lcd_write_digit
                0x08008d40      0x118 ..\obj\main.o
                0x08008d40                Lcd_write_digit
 .text.int32str
                0x08008e58      0x1cc ..\obj\main.o
                0x08008e58                int32str
 .text.EE_ReadWord
                0x08009024       0x4c ..\obj\main.o
                0x08009024                EE_ReadWord
 .text.flush_lcd_buffer
                0x08009070       0x40 ..\obj\main.o
                0x08009070                flush_lcd_buffer
 .text.watchdog_init
                0x080090b0       0x44 ..\obj\main.o
                0x080090b0                watchdog_init
 .text.dht_power_control_init
                0x080090f4       0x30 ..\obj\main.o
                0x080090f4                dht_power_control_init
 .text.power_ctrl
                0x08009124       0x74 ..\obj\main.o
                0x08009124                power_ctrl
 .text.beep_overload
                0x08009198       0x2c ..\obj\main.o
                0x08009198                beep_overload
 .text.main     0x080091c4      0x244 ..\obj\main.o
                0x080091c4                main
 .text.loadSettings
                0x08009408      0x1bc ..\obj\main.o
                0x08009408                loadSettings
 .text.Lcd_write_str
                0x080095c4       0x7c ..\obj\main.o
                0x080095c4                Lcd_write_str
 .text.Lcd_goto
                0x08009640       0x48 ..\obj\main.o
                0x08009640                Lcd_goto
 .text.Lcd_clear
                0x08009688       0x1c ..\obj\main.o
                0x08009688                Lcd_clear
 .text.xTimerCreateTimerTask
                0x080096a4       0x5c ..\obj\timers.o
                0x080096a4                xTimerCreateTimerTask
 .text.xTimerGenericCommand
                0x08009700       0x8c ..\obj\timers.o
                0x08009700                xTimerGenericCommand
 .text.prvProcessExpiredTimer
                0x0800978c       0x74 ..\obj\timers.o
 .text.prvTimerTask
                0x08009800       0x24 ..\obj\timers.o
 .text.prvProcessTimerOrBlockTask
                0x08009824       0x6c ..\obj\timers.o
 .text.prvGetNextExpireTime
                0x08009890       0x48 ..\obj\timers.o
 .text.prvSampleTimeNow
                0x080098d8       0x44 ..\obj\timers.o
 .text.prvInsertTimerInActiveList
                0x0800991c       0x84 ..\obj\timers.o
 .text.prvProcessReceivedCommands
                0x080099a0       0xfc ..\obj\timers.o
 .text.prvSwitchTimerLists
                0x08009a9c       0xb8 ..\obj\timers.o
 .text.prvCheckForValidListAndQueue
                0x08009b54       0x54 ..\obj\timers.o
 .text.RCC_GetClocksFreq
                0x08009ba8      0x15c ..\obj\stm32f10x_rcc.o
                0x08009ba8                RCC_GetClocksFreq
 .text.RCC_AHBPeriphClockCmd
                0x08009d04       0x3c ..\obj\stm32f10x_rcc.o
                0x08009d04                RCC_AHBPeriphClockCmd
 .text.RCC_APB2PeriphClockCmd
                0x08009d40       0x3c ..\obj\stm32f10x_rcc.o
                0x08009d40                RCC_APB2PeriphClockCmd
 .text.RCC_APB1PeriphClockCmd
                0x08009d7c       0x3c ..\obj\stm32f10x_rcc.o
                0x08009d7c                RCC_APB1PeriphClockCmd
 .text.RCC_APB2PeriphResetCmd
                0x08009db8       0x3c ..\obj\stm32f10x_rcc.o
                0x08009db8                RCC_APB2PeriphResetCmd
 .text.RCC_APB1PeriphResetCmd
                0x08009df4       0x3c ..\obj\stm32f10x_rcc.o
                0x08009df4                RCC_APB1PeriphResetCmd
 .text.RCC_GetFlagStatus
                0x08009e30       0x74 ..\obj\stm32f10x_rcc.o
                0x08009e30                RCC_GetFlagStatus
 .text.RCC_ClearFlag
                0x08009ea4       0x1c ..\obj\stm32f10x_rcc.o
                0x08009ea4                RCC_ClearFlag
 .text.EXTI_Init
                0x08009ec0       0xe4 ..\obj\stm32f10x_exti.o
                0x08009ec0                EXTI_Init
 .text.EXTI_GetITStatus
                0x08009fa4       0x48 ..\obj\stm32f10x_exti.o
                0x08009fa4                EXTI_GetITStatus
 .text.EXTI_ClearITPendingBit
                0x08009fec       0x1c ..\obj\stm32f10x_exti.o
                0x08009fec                EXTI_ClearITPendingBit
 .text.xTaskGenericCreate
                0x0800a008      0x19c ..\obj\tasks.o
                0x0800a008                xTaskGenericCreate
 .text.vTaskDelay
                0x0800a1a4       0x50 ..\obj\tasks.o
                0x0800a1a4                vTaskDelay
 .text.vTaskStartScheduler
                0x0800a1f4       0x74 ..\obj\tasks.o
                0x0800a1f4                vTaskStartScheduler
 .text.vTaskSuspendAll
                0x0800a268       0x1c ..\obj\tasks.o
                0x0800a268                vTaskSuspendAll
 .text.xTaskResumeAll
                0x0800a284      0x108 ..\obj\tasks.o
                0x0800a284                xTaskResumeAll
 .text.xTaskGetTickCount
                0x0800a38c       0x24 ..\obj\tasks.o
                0x0800a38c                xTaskGetTickCount
 .text.vTaskIncrementTick
                0x0800a3b0      0x140 ..\obj\tasks.o
                0x0800a3b0                vTaskIncrementTick
 .text.vTaskSwitchContext
                0x0800a4f0       0xa4 ..\obj\tasks.o
                0x0800a4f0                vTaskSwitchContext
 .text.vTaskPlaceOnEventList
                0x0800a594       0x70 ..\obj\tasks.o
                0x0800a594                vTaskPlaceOnEventList
 .text.vTaskPlaceOnEventListRestricted
                0x0800a604       0x54 ..\obj\tasks.o
                0x0800a604                vTaskPlaceOnEventListRestricted
 .text.xTaskRemoveFromEventList
                0x0800a658       0xb0 ..\obj\tasks.o
                0x0800a658                xTaskRemoveFromEventList
 .text.vTaskSetTimeOutState
                0x0800a708       0x3c ..\obj\tasks.o
                0x0800a708                vTaskSetTimeOutState
 .text.xTaskCheckForTimeOut
                0x0800a744       0xa8 ..\obj\tasks.o
                0x0800a744                xTaskCheckForTimeOut
 .text.vTaskMissedYield
                0x0800a7ec       0x18 ..\obj\tasks.o
                0x0800a7ec                vTaskMissedYield
 .text.prvIdleTask
                0x0800a804       0x20 ..\obj\tasks.o
 .text.prvInitialiseTCBVariables
                0x0800a824       0x6c ..\obj\tasks.o
 .text.prvInitialiseTaskLists
                0x0800a890       0x7c ..\obj\tasks.o
 .text.prvCheckTasksWaitingTermination
                0x0800a90c       0x74 ..\obj\tasks.o
 .text.prvAddCurrentTaskToDelayedList
                0x0800a980       0x6c ..\obj\tasks.o
 .text.prvAllocateTCBAndStack
                0x0800a9ec       0x64 ..\obj\tasks.o
 .text.prvDeleteTCB
                0x0800aa50       0x20 ..\obj\tasks.o
 .text.xTaskGetCurrentTaskHandle
                0x0800aa70       0x20 ..\obj\tasks.o
                0x0800aa70                xTaskGetCurrentTaskHandle
 .text.xTaskGetSchedulerState
                0x0800aa90       0x3c ..\obj\tasks.o
                0x0800aa90                xTaskGetSchedulerState
 .text.vTaskPriorityInherit
                0x0800aacc       0xb4 ..\obj\tasks.o
                0x0800aacc                vTaskPriorityInherit
 .text.vTaskPriorityDisinherit
                0x0800ab80       0x7c ..\obj\tasks.o
                0x0800ab80                vTaskPriorityDisinherit
 .text.USART_DeInit
                0x0800abfc       0xb8 ..\obj\stm32f10x_usart.o
                0x0800abfc                USART_DeInit
 .text.USART_Init
                0x0800acb4      0x174 ..\obj\stm32f10x_usart.o
                0x0800acb4                USART_Init
 .text.USART_Cmd
                0x0800ae28       0x40 ..\obj\stm32f10x_usart.o
                0x0800ae28                USART_Cmd
 .text.USART_ReceiveData
                0x0800ae68       0x20 ..\obj\stm32f10x_usart.o
                0x0800ae68                USART_ReceiveData
 .text.USART_HalfDuplexCmd
                0x0800ae88       0x40 ..\obj\stm32f10x_usart.o
                0x0800ae88                USART_HalfDuplexCmd
 .text.USART_ClearFlag
                0x0800aec8       0x20 ..\obj\stm32f10x_usart.o
                0x0800aec8                USART_ClearFlag
 .text.USART_GetITStatus
                0x0800aee8       0xb8 ..\obj\stm32f10x_usart.o
                0x0800aee8                USART_GetITStatus
 .text.OW_Init  0x0800afa0       0x98 ..\obj\onewire.o
                0x0800afa0                OW_Init
 .text.vListInitialise
                0x0800b038       0x40 ..\obj\list.o
                0x0800b038                vListInitialise
 .text.vListInitialiseItem
                0x0800b078       0x18 ..\obj\list.o
                0x0800b078                vListInitialiseItem
 .text.vListInsertEnd
                0x0800b090       0x50 ..\obj\list.o
                0x0800b090                vListInsertEnd
 .text.vListInsert
                0x0800b0e0       0x70 ..\obj\list.o
                0x0800b0e0                vListInsert
 .text.vListRemove
                0x0800b150       0x50 ..\obj\list.o
                0x0800b150                vListRemove
 .text.FLASH_Unlock
                0x0800b1a0       0x24 ..\obj\stm32f10x_flash.o
                0x0800b1a0                FLASH_Unlock
 .text.FLASH_ErasePage
                0x0800b1c4       0x64 ..\obj\stm32f10x_flash.o
                0x0800b1c4                FLASH_ErasePage
 .text.FLASH_ProgramHalfWord
                0x0800b228       0x5c ..\obj\stm32f10x_flash.o
                0x0800b228                FLASH_ProgramHalfWord
 .text.FLASH_GetBank1Status
                0x0800b284       0x58 ..\obj\stm32f10x_flash.o
                0x0800b284                FLASH_GetBank1Status
 .text.FLASH_WaitForLastOperation
                0x0800b2dc       0x44 ..\obj\stm32f10x_flash.o
                0x0800b2dc                FLASH_WaitForLastOperation
 .text.xQueueGenericReset
                0x0800b320       0xac ..\obj\queue.o
                0x0800b320                xQueueGenericReset
 .text.xQueueGenericCreate
                0x0800b3cc       0x80 ..\obj\queue.o
                0x0800b3cc                xQueueGenericCreate
 .text.xQueueGenericSend
                0x0800b44c      0x140 ..\obj\queue.o
                0x0800b44c                xQueueGenericSend
 .text.xQueueGenericSendFromISR
                0x0800b58c       0xc4 ..\obj\queue.o
                0x0800b58c                xQueueGenericSendFromISR
 .text.xQueueGenericReceive
                0x0800b650      0x1a0 ..\obj\queue.o
                0x0800b650                xQueueGenericReceive
 .text.prvCopyDataToQueue
                0x0800b7f0       0xb8 ..\obj\queue.o
 .text.prvCopyDataFromQueue
                0x0800b8a8       0x4c ..\obj\queue.o
 .text.prvUnlockQueue
                0x0800b8f4       0x98 ..\obj\queue.o
 .text.prvIsQueueEmpty
                0x0800b98c       0x2c ..\obj\queue.o
 .text.prvIsQueueFull
                0x0800b9b8       0x30 ..\obj\queue.o
 .text.vQueueWaitForMessageRestricted
                0x0800b9e8       0x54 ..\obj\queue.o
                0x0800b9e8                vQueueWaitForMessageRestricted
 .text.pxPortInitialiseStack
                0x0800ba3c       0x54 ..\obj\port.o
                0x0800ba3c                pxPortInitialiseStack
 .text.SVC_Handler
                0x0800ba90       0x20 ..\obj\port.o
                0x0800ba90                SVC_Handler
 .text.prvPortStartFirstTask
                0x0800bab0       0x14 ..\obj\port.o
 .text.xPortStartScheduler
                0x0800bac4       0x38 ..\obj\port.o
                0x0800bac4                xPortStartScheduler
 .text.vPortYieldFromISR
                0x0800bafc       0x18 ..\obj\port.o
                0x0800bafc                vPortYieldFromISR
 .text.vPortEnterCritical
                0x0800bb14       0x24 ..\obj\port.o
                0x0800bb14                vPortEnterCritical
 .text.vPortExitCritical
                0x0800bb38       0x2c ..\obj\port.o
                0x0800bb38                vPortExitCritical
 .text.PendSV_Handler
                0x0800bb64       0x3c ..\obj\port.o
                0x0800bb64                PendSV_Handler
 .text.SysTick_Handler
                0x0800bba0       0x30 ..\obj\port.o
                0x0800bba0                SysTick_Handler
 .text.prvSetupTimerInterrupt
                0x0800bbd0       0x24 ..\obj\port.o
 .text.DMA_Init
                0x0800bbf4       0x7c ..\obj\stm32f10x_dma.o
                0x0800bbf4                DMA_Init
 .text.DMA_Cmd  0x0800bc70       0x38 ..\obj\stm32f10x_dma.o
                0x0800bc70                DMA_Cmd
 .text.DMA_GetFlagStatus
                0x0800bca8       0x54 ..\obj\stm32f10x_dma.o
                0x0800bca8                DMA_GetFlagStatus
 .text.DMA_ClearFlag
                0x0800bcfc       0x34 ..\obj\stm32f10x_dma.o
                0x0800bcfc                DMA_ClearFlag
 .text.NVIC_Init
                0x0800bd30       0xc4 ..\obj\misc.o
                0x0800bd30                NVIC_Init
 .text.pvPortMalloc
                0x0800bdf4      0x144 ..\obj\heap_2.o
                0x0800bdf4                pvPortMalloc
 .text.vPortFree
                0x0800bf38       0x70 ..\obj\heap_2.o
                0x0800bf38                vPortFree
 .text.EE_Init  0x0800bfa8      0x28c ..\obj\eeprom.o
                0x0800bfa8                EE_Init
 .text.EE_ReadVariable
                0x0800c234       0x98 ..\obj\eeprom.o
                0x0800c234                EE_ReadVariable
 .text.EE_WriteVariable
                0x0800c2cc       0x44 ..\obj\eeprom.o
                0x0800c2cc                EE_WriteVariable
 .text.EE_Format
                0x0800c310       0x50 ..\obj\eeprom.o
 .text.EE_FindValidPage
                0x0800c360       0x8c ..\obj\eeprom.o
 .text.EE_VerifyPageFullWriteVariable
                0x0800c3ec       0xb4 ..\obj\eeprom.o
 .text.EE_PageTransfer
                0x0800c4a0      0x134 ..\obj\eeprom.o
 .text.sonar_init
                0x0800c5d4       0xdc ..\obj\driver_sonar.o
                0x0800c5d4                sonar_init
 .text.sonar_ping
                0x0800c6b0       0x34 ..\obj\driver_sonar.o
                0x0800c6b0                sonar_ping
 .text.IWDG_WriteAccessCmd
                0x0800c6e4       0x20 ..\obj\stm32f10x_iwdg.o
                0x0800c6e4                IWDG_WriteAccessCmd
 .text.IWDG_SetPrescaler
                0x0800c704       0x20 ..\obj\stm32f10x_iwdg.o
                0x0800c704                IWDG_SetPrescaler
 .text.IWDG_SetReload
                0x0800c724       0x20 ..\obj\stm32f10x_iwdg.o
                0x0800c724                IWDG_SetReload
 .text.IWDG_ReloadCounter
                0x0800c744       0x18 ..\obj\stm32f10x_iwdg.o
                0x0800c744                IWDG_ReloadCounter
 .text.IWDG_Enable
                0x0800c75c       0x18 ..\obj\stm32f10x_iwdg.o
                0x0800c75c                IWDG_Enable
 .text          0x0800c774       0xec c:/coocox/toolchain/bin/../lib/gcc/arm-none-eabi/4.9.3/../../../../arm-none-eabi/lib/armv7-m\libg.a(lib_a-memcpy.o)
                0x0800c774                memcpy
 .text.memset   0x0800c860       0x9c c:/coocox/toolchain/bin/../lib/gcc/arm-none-eabi/4.9.3/../../../../arm-none-eabi/lib/armv7-m\libg.a(lib_a-memset.o)
                0x0800c860                memset
 .text.strncpy  0x0800c8fc       0x68 c:/coocox/toolchain/bin/../lib/gcc/arm-none-eabi/4.9.3/../../../../arm-none-eabi/lib/armv7-m\libg.a(lib_a-strncpy.o)
                0x0800c8fc                strncpy
 *(.init)
 *(.fini)
 *crtbegin.o(.ctors)
 *crtbegin?.o(.ctors)
 *(EXCLUDE_FILE(*crtend.o *crtend?.o) .ctors)
 *(SORT(.ctors.*))
 *(.ctors)
 *crtbegin.o(.dtors)
 *crtbegin?.o(.dtors)
 *(EXCLUDE_FILE(*crtend.o *crtend?.o) .dtors)
 *(SORT(.dtors.*))
 *(.dtors)
 *(.rodata*)
 .rodata        0x0800c964      0x714 ..\obj\main.o
                0x0800cb78                menuItemArray
                0x0800cddc                fatArray
 .rodata        0x0800d078        0x8 ..\obj\timers.o
 .rodata        0x0800d080        0x8 ..\obj\tasks.o
 *(.eh_fram e*)

.glue_7         0x0800d088        0x0
 .glue_7        0x00000000        0x0 linker stubs

.glue_7t        0x0800d088        0x0
 .glue_7t       0x00000000        0x0 linker stubs

.vfp11_veneer   0x0800d088        0x0
 .vfp11_veneer  0x00000000        0x0 linker stubs

.v4_bx          0x0800d088        0x0
 .v4_bx         0x00000000        0x0 linker stubs

.iplt           0x0800d088        0x0
 .iplt          0x00000000        0x0 ..\obj\delay.o

.rel.dyn        0x0800d088        0x0
 .rel.iplt      0x00000000        0x0 ..\obj\delay.o

.ARM.extab
 *(.ARM.extab* .gnu.linkonce.armextab.*)
                0x0800d088                __exidx_start = .

.ARM.exidx
 *(.ARM.exidx* .gnu.linkonce.armexidx.*)
                0x0800d088                __exidx_end = .
                0x0800d088                __etext = .
                0x0800d088                _sidata = __etext

.data           0x20000000       0x68 load address 0x0800d088
                0x20000000                __data_start__ = .
                0x20000000                _sdata = __data_start__
 *(vtable)
 *(.data*)
 .data          0x20000000        0x8 ..\obj\LiquidCrystal_I2C.o
                0x20000000                Buffer_Tx1
 .data          0x20000008       0x40 ..\obj\main.o
                0x20000018                x
                0x2000001c                psi_sw_speed
 .data          0x20000048       0x14 ..\obj\stm32f10x_rcc.o
 .data          0x2000005c        0x4 ..\obj\tasks.o
 .data          0x20000060        0x4 ..\obj\port.o
 .data          0x20000064        0x4 ..\obj\heap_2.o
                0x20000068                . = ALIGN (0x4)
                0x20000068                PROVIDE (__preinit_array_start, .)
 *(.preinit_array)
                0x20000068                PROVIDE (__preinit_array_end, .)
                0x20000068                . = ALIGN (0x4)
                0x20000068                PROVIDE (__init_array_start, .)
 *(SORT(.init_array.*))
 *(.init_array)
                0x20000068                PROVIDE (__init_array_end, .)
                0x20000068                . = ALIGN (0x4)
                0x20000068                PROVIDE (__fini_array_start, .)
 *(SORT(.fini_array.*))
 *(.fini_array)
                0x20000068                PROVIDE (__fini_array_end, .)
 *(.jcr*)
                0x20000068                . = ALIGN (0x4)
                0x20000068                __data_end__ = .
                0x20000068                _edata = __data_end__

.igot.plt       0x20000068        0x0 load address 0x0800d0f0
 .igot.plt      0x00000000        0x0 ..\obj\delay.o

.bss            0x20000068     0x1760 load address 0x0800d0f0
                0x20000068                . = ALIGN (0x4)
                0x20000068                __bss_start__ = .
                0x20000068                _sbss = __bss_start__
 *(.bss*)
 .bss           0x20000068        0x4 ..\obj\I2CRoutines.o
                0x20000068                I2CDirection
 .bss           0x2000006c        0xc ..\obj\LiquidCrystal_I2C.o
                0x2000006c                lcd_bl
 .bss           0x20000078      0x10c ..\obj\main.o
                0x200000af                dht_byte_pointer
                0x200000c0                rxcntr
                0x200000c2                icval
                0x200000c4                icval2
                0x200000c6                phval_v
                0x200000c8                tmpexti
                0x2000010a                wpProgress
                0x20000149                pending_wt
                0x20000168                co2_warmup_end
                0x2000016c                ph1_adc_val
                0x2000016e                ec1_adc_val
                0x20000170                last_cmd
 .bss           0x20000184       0x38 ..\obj\timers.o
 .bss           0x200001bc      0x100 ..\obj\tasks.o
                0x200001bc                pxCurrentTCB
 *fill*         0x200002bc        0x4 
 .bss           0x200002c0     0x1418 ..\obj\heap_2.o
 .bss           0x200016d8        0x2 ..\obj\eeprom.o
                0x200016d8                DataVar
 *(COMMON)
 *fill*         0x200016da        0x2 
 COMMON         0x200016dc       0x38 ..\obj\I2CRoutines.o
                0x200016dc                I2CDMA_InitStructure
                0x20001708                Address
                0x2000170c                NumbOfBytes2
                0x20001710                NumbOfBytes1
 COMMON         0x20001714       0xb1 ..\obj\main.o
                0x20001714                tmpdata
                0x20001715                HSEStartUpStatus
                0x20001718                Buffer_Rx2
                0x20001720                water_counter
                0x20001730                wt_args
                0x20001738                Buffer_Tx2
                0x2000173f                FlashStatus
                0x20001740                Buffer_Rx1
                0x20001748                wfCalArray
                0x20001750                toAdjust
                0x20001754                RxBuffer
                0x2000177c                ds_buf
                0x20001788                TxBuffer
                0x200017b4                TIM_ICInitStructure
                0x200017c0                dht_byte_buf
                0x200017c8                . = ALIGN (0x4)
 *fill*         0x200017c5        0x3 
                0x200017c8                __bss_end__ = .
                0x200017c8                _ebss = __bss_end__

.heap           0x200017c8        0x0
                0x200017c8                __end__ = .
                0x200017c8                _end = __end__
                0x200017c8                end = __end__
 *(.heap*)
                0x200017c8                __HeapLimit = .

.co_stack       0x200017c8      0x400 load address 0x0800e850
                0x200017c8                . = ALIGN (0x8)
 *(.co_stack .co_stack.*)
 .co_stack      0x200017c8      0x400 ..\obj\startup_stm32f10x_md_vl.o
                0x200017c8                pulStack
                0x20002000                __StackTop = (ORIGIN (ram) + 0x2000)
                0x20001c00                __StackLimit = (__StackTop - SIZEOF (.co_stack))
                0x20002000                PROVIDE (__stack, __StackTop)
                0x00000001                ASSERT ((__StackLimit >= __HeapLimit), region ram  overflowed with stack)
LOAD ..\obj\delay.o
LOAD ..\obj\stm32f10x_tim.o
LOAD ..\obj\startup_stm32f10x_md_vl.o
LOAD ..\obj\I2CRoutines.o
LOAD ..\obj\system_stm32f10x.o
LOAD ..\obj\stm32f10x_pwr.o
LOAD ..\obj\diskio.o
LOAD ..\obj\LiquidCrystal_I2C.o
LOAD ..\obj\stm32f10x_gpio.o
LOAD ..\obj\main.o
LOAD ..\obj\timers.o
LOAD ..\obj\stm32f10x_rcc.o
LOAD ..\obj\I2C.o
LOAD ..\obj\stm32f10x_exti.o
LOAD ..\obj\tasks.o
LOAD ..\obj\stm32f10x_adc.o
LOAD ..\obj\stm32f10x_usart.o
LOAD ..\obj\onewire.o
LOAD ..\obj\list.o
LOAD ..\obj\syscalls.o
LOAD ..\obj\stm32f10x_flash.o
LOAD ..\obj\queue.o
LOAD ..\obj\port.o
LOAD ..\obj\ff.o
LOAD ..\obj\stm32f10x_dma.o
LOAD ..\obj\croutine.o
LOAD ..\obj\dht22.o
LOAD ..\obj\misc.o
LOAD ..\obj\stm32f10x_spi.o
LOAD ..\obj\stm32f10x_i2c.o
LOAD ..\obj\heap_2.o
LOAD ..\obj\eeprom.o
LOAD ..\obj\driver_sonar.o
LOAD ..\obj\stm32f10x_iwdg.o
START GROUP
LOAD c:/coocox/toolchain/bin/../lib/gcc/arm-none-eabi/4.9.3/armv7-m\libgcc.a
LOAD c:/coocox/toolchain/bin/../lib/gcc/arm-none-eabi/4.9.3/../../../../arm-none-eabi/lib/armv7-m\libg.a
LOAD c:/coocox/toolchain/bin/../lib/gcc/arm-none-eabi/4.9.3/../../../../arm-none-eabi/lib/armv7-m\libc.a
END GROUP
OUTPUT(cadi_fw.elf elf32-littlearm)

.debug_info     0x00000000     0xe24a
 .debug_info    0x00000000      0x169 ..\obj\delay.o
 .debug_info    0x00000169     0x1c42 ..\obj\stm32f10x_tim.o
 .debug_info    0x00001dab       0xe9 ..\obj\startup_stm32f10x_md_vl.o
 .debug_info    0x00001e94      0x78f ..\obj\I2CRoutines.o
 .debug_info    0x00002623      0x3d5 ..\obj\system_stm32f10x.o
 .debug_info    0x000029f8      0x783 ..\obj\LiquidCrystal_I2C.o
 .debug_info    0x0000317b      0x6d1 ..\obj\stm32f10x_gpio.o
 .debug_info    0x0000384c     0x4cc2 ..\obj\main.o
 .debug_info    0x0000850e      0x6e0 ..\obj\timers.o
 .debug_info    0x00008bee      0x8e4 ..\obj\stm32f10x_rcc.o
 .debug_info    0x000094d2      0x32b ..\obj\stm32f10x_exti.o
 .debug_info    0x000097fd      0xd2a ..\obj\tasks.o
 .debug_info    0x0000a527      0x9d2 ..\obj\stm32f10x_usart.o
 .debug_info    0x0000aef9      0x628 ..\obj\onewire.o
 .debug_info    0x0000b521      0x27f ..\obj\list.o
 .debug_info    0x0000b7a0      0x79b ..\obj\stm32f10x_flash.o
 .debug_info    0x0000bf3b      0x7cd ..\obj\queue.o
 .debug_info    0x0000c708      0x1b1 ..\obj\port.o
 .debug_info    0x0000c8b9      0x45d ..\obj\stm32f10x_dma.o
 .debug_info    0x0000cd16      0x4e9 ..\obj\misc.o
 .debug_info    0x0000d1ff      0x2a6 ..\obj\heap_2.o
 .debug_info    0x0000d4a5      0x433 ..\obj\eeprom.o
 .debug_info    0x0000d8d8      0x77e ..\obj\driver_sonar.o
 .debug_info    0x0000e056      0x1f4 ..\obj\stm32f10x_iwdg.o

.debug_abbrev   0x00000000     0x22fe
 .debug_abbrev  0x00000000       0xa1 ..\obj\delay.o
 .debug_abbrev  0x000000a1      0x1b0 ..\obj\stm32f10x_tim.o
 .debug_abbrev  0x00000251       0xa7 ..\obj\startup_stm32f10x_md_vl.o
 .debug_abbrev  0x000002f8      0x1cd ..\obj\I2CRoutines.o
 .debug_abbrev  0x000004c5      0x177 ..\obj\system_stm32f10x.o
 .debug_abbrev  0x0000063c      0x1f2 ..\obj\LiquidCrystal_I2C.o
 .debug_abbrev  0x0000082e      0x1c8 ..\obj\stm32f10x_gpio.o
 .debug_abbrev  0x000009f6      0x36f ..\obj\main.o
 .debug_abbrev  0x00000d65      0x173 ..\obj\timers.o
 .debug_abbrev  0x00000ed8      0x1ba ..\obj\stm32f10x_rcc.o
 .debug_abbrev  0x00001092      0x151 ..\obj\stm32f10x_exti.o
 .debug_abbrev  0x000011e3      0x1cf ..\obj\tasks.o
 .debug_abbrev  0x000013b2      0x162 ..\obj\stm32f10x_usart.o
 .debug_abbrev  0x00001514      0x1da ..\obj\onewire.o
 .debug_abbrev  0x000016ee       0xba ..\obj\list.o
 .debug_abbrev  0x000017a8      0x18b ..\obj\stm32f10x_flash.o
 .debug_abbrev  0x00001933      0x130 ..\obj\queue.o
 .debug_abbrev  0x00001a63      0x12e ..\obj\port.o
 .debug_abbrev  0x00001b91      0x155 ..\obj\stm32f10x_dma.o
 .debug_abbrev  0x00001ce6      0x154 ..\obj\misc.o
 .debug_abbrev  0x00001e3a      0x166 ..\obj\heap_2.o
 .debug_abbrev  0x00001fa0      0x139 ..\obj\eeprom.o
 .debug_abbrev  0x000020d9      0x124 ..\obj\driver_sonar.o
 .debug_abbrev  0x000021fd      0x101 ..\obj\stm32f10x_iwdg.o

.debug_aranges  0x00000000     0x1510
 .debug_aranges
                0x00000000       0x28 ..\obj\delay.o
 .debug_aranges
                0x00000028      0x2f0 ..\obj\stm32f10x_tim.o
 .debug_aranges
                0x00000318       0x28 ..\obj\startup_stm32f10x_md_vl.o
 .debug_aranges
                0x00000340       0x50 ..\obj\I2CRoutines.o
 .debug_aranges
                0x00000390       0x38 ..\obj\system_stm32f10x.o
 .debug_aranges
                0x000003c8      0x130 ..\obj\LiquidCrystal_I2C.o
 .debug_aranges
                0x000004f8       0xa8 ..\obj\stm32f10x_gpio.o
 .debug_aranges
                0x000005a0      0x6e8 ..\obj\main.o
 .debug_aranges
                0x00000c88       0x88 ..\obj\timers.o
 .debug_aranges
                0x00000d10      0x120 ..\obj\stm32f10x_rcc.o
 .debug_aranges
                0x00000e30       0x58 ..\obj\stm32f10x_exti.o
 .debug_aranges
                0x00000e88      0x138 ..\obj\tasks.o
 .debug_aranges
                0x00000fc0      0x100 ..\obj\stm32f10x_usart.o
 .debug_aranges
                0x000010c0       0x50 ..\obj\onewire.o
 .debug_aranges
                0x00001110       0x40 ..\obj\list.o
 .debug_aranges
                0x00001150       0xf8 ..\obj\stm32f10x_flash.o
 .debug_aranges
                0x00001248       0xb0 ..\obj\queue.o
 .debug_aranges
                0x000012f8       0x70 ..\obj\port.o
 .debug_aranges
                0x00001368       0x70 ..\obj\stm32f10x_dma.o
 .debug_aranges
                0x000013d8       0x40 ..\obj\misc.o
 .debug_aranges
                0x00001418       0x38 ..\obj\heap_2.o
 .debug_aranges
                0x00001450       0x50 ..\obj\eeprom.o
 .debug_aranges
                0x000014a0       0x28 ..\obj\driver_sonar.o
 .debug_aranges
                0x000014c8       0x48 ..\obj\stm32f10x_iwdg.o

.debug_ranges   0x00000000     0x1390
 .debug_ranges  0x00000000       0x18 ..\obj\delay.o
 .debug_ranges  0x00000018      0x2e0 ..\obj\stm32f10x_tim.o
 .debug_ranges  0x000002f8       0x18 ..\obj\startup_stm32f10x_md_vl.o
 .debug_ranges  0x00000310       0x40 ..\obj\I2CRoutines.o
 .debug_ranges  0x00000350       0x28 ..\obj\system_stm32f10x.o
 .debug_ranges  0x00000378      0x120 ..\obj\LiquidCrystal_I2C.o
 .debug_ranges  0x00000498       0x98 ..\obj\stm32f10x_gpio.o
 .debug_ranges  0x00000530      0x6d8 ..\obj\main.o
 .debug_ranges  0x00000c08       0x78 ..\obj\timers.o
 .debug_ranges  0x00000c80      0x110 ..\obj\stm32f10x_rcc.o
 .debug_ranges  0x00000d90       0x48 ..\obj\stm32f10x_exti.o
 .debug_ranges  0x00000dd8      0x128 ..\obj\tasks.o
 .debug_ranges  0x00000f00       0xf0 ..\obj\stm32f10x_usart.o
 .debug_ranges  0x00000ff0       0x40 ..\obj\onewire.o
 .debug_ranges  0x00001030       0x30 ..\obj\list.o
 .debug_ranges  0x00001060       0xe8 ..\obj\stm32f10x_flash.o
 .debug_ranges  0x00001148       0xa0 ..\obj\queue.o
 .debug_ranges  0x000011e8       0x60 ..\obj\port.o
 .debug_ranges  0x00001248       0x60 ..\obj\stm32f10x_dma.o
 .debug_ranges  0x000012a8       0x30 ..\obj\misc.o
 .debug_ranges  0x000012d8       0x28 ..\obj\heap_2.o
 .debug_ranges  0x00001300       0x40 ..\obj\eeprom.o
 .debug_ranges  0x00001340       0x18 ..\obj\driver_sonar.o
 .debug_ranges  0x00001358       0x38 ..\obj\stm32f10x_iwdg.o

.debug_line     0x00000000     0x7d4b
 .debug_line    0x00000000      0x1d2 ..\obj\delay.o
 .debug_line    0x000001d2      0xaed ..\obj\stm32f10x_tim.o
 .debug_line    0x00000cbf       0xbd ..\obj\startup_stm32f10x_md_vl.o
 .debug_line    0x00000d7c      0x480 ..\obj\I2CRoutines.o
 .debug_line    0x000011fc      0x1fe ..\obj\system_stm32f10x.o
 .debug_line    0x000013fa      0x4e7 ..\obj\LiquidCrystal_I2C.o
 .debug_line    0x000018e1      0x3c5 ..\obj\stm32f10x_gpio.o
 .debug_line    0x00001ca6     0x2a57 ..\obj\main.o
 .debug_line    0x000046fd      0x326 ..\obj\timers.o
 .debug_line    0x00004a23      0x4ea ..\obj\stm32f10x_rcc.o
 .debug_line    0x00004f0d      0x2b3 ..\obj\stm32f10x_exti.o
 .debug_line    0x000051c0      0x785 ..\obj\tasks.o
 .debug_line    0x00005945      0x4a8 ..\obj\stm32f10x_usart.o
 .debug_line    0x00005ded      0x34f ..\obj\onewire.o
 .debug_line    0x0000613c      0x1c4 ..\obj\list.o
 .debug_line    0x00006300      0x4e0 ..\obj\stm32f10x_flash.o
 .debug_line    0x000067e0      0x50f ..\obj\queue.o
 .debug_line    0x00006cef      0x1d1 ..\obj\port.o
 .debug_line    0x00006ec0      0x312 ..\obj\stm32f10x_dma.o
 .debug_line    0x000071d2      0x253 ..\obj\misc.o
 .debug_line    0x00007425      0x14d ..\obj\heap_2.o
 .debug_line    0x00007572      0x30f ..\obj\eeprom.o
 .debug_line    0x00007881      0x2bc ..\obj\driver_sonar.o
 .debug_line    0x00007b3d      0x20e ..\obj\stm32f10x_iwdg.o

.debug_str      0x00000000     0x5d7e
 .debug_str     0x00000000      0x1b7 ..\obj\delay.o
                                0x1fa (size before relaxing)
 .debug_str     0x000001b7      0xc43 ..\obj\stm32f10x_tim.o
                                0xdeb (size before relaxing)
 .debug_str     0x00000dfa       0xcb ..\obj\startup_stm32f10x_md_vl.o
                                0x162 (size before relaxing)
 .debug_str     0x00000ec5      0x433 ..\obj\I2CRoutines.o
                                0x624 (size before relaxing)
 .debug_str     0x000012f8      0x174 ..\obj\system_stm32f10x.o
                                0x2e2 (size before relaxing)
 .debug_str     0x0000146c      0x38a ..\obj\LiquidCrystal_I2C.o
                                0x5a3 (size before relaxing)
 .debug_str     0x000017f6      0x279 ..\obj\stm32f10x_gpio.o
                                0x527 (size before relaxing)
 .debug_str     0x00001a6f     0x1d81 ..\obj\main.o
                               0x2479 (size before relaxing)
 .debug_str     0x000037f0      0x44c ..\obj\timers.o
                                0x560 (size before relaxing)
 .debug_str     0x00003c3c      0x3ad ..\obj\stm32f10x_rcc.o
                                0x67b (size before relaxing)
 .debug_str     0x00003fe9      0x11d ..\obj\stm32f10x_exti.o
                                0x357 (size before relaxing)
 .debug_str     0x00004106      0x79e ..\obj\tasks.o
                                0x979 (size before relaxing)
 .debug_str     0x000048a4      0x3c1 ..\obj\stm32f10x_usart.o
                                0x69e (size before relaxing)
 .debug_str     0x00004c65       0xe7 ..\obj\onewire.o
                                0x571 (size before relaxing)
 .debug_str     0x00004d4c       0xe7 ..\obj\list.o
                                0x293 (size before relaxing)
 .debug_str     0x00004e33      0x3e7 ..\obj\stm32f10x_flash.o
                                0x5f6 (size before relaxing)
 .debug_str     0x0000521a      0x33d ..\obj\queue.o
                                0x595 (size before relaxing)
 .debug_str     0x00005557      0x162 ..\obj\port.o
                                0x261 (size before relaxing)
 .debug_str     0x000056b9      0x146 ..\obj\stm32f10x_dma.o
                                0x3c5 (size before relaxing)
 .debug_str     0x000057ff      0x140 ..\obj\misc.o
                                0x3c6 (size before relaxing)
 .debug_str     0x0000593f      0x17d ..\obj\heap_2.o
                                0x29d (size before relaxing)
 .debug_str     0x00005abc      0x16d ..\obj\eeprom.o
                                0x34d (size before relaxing)
 .debug_str     0x00005c29       0x70 ..\obj\driver_sonar.o
                                0x89e (size before relaxing)
 .debug_str     0x00005c99       0xe5 ..\obj\stm32f10x_iwdg.o
                                0x26a (size before relaxing)

.comment        0x00000000       0x70
 .comment       0x00000000       0x70 ..\obj\delay.o
                                 0x71 (size before relaxing)
 .comment       0x00000000       0x71 ..\obj\stm32f10x_tim.o
 .comment       0x00000000       0x71 ..\obj\startup_stm32f10x_md_vl.o
 .comment       0x00000000       0x71 ..\obj\I2CRoutines.o
 .comment       0x00000000       0x71 ..\obj\system_stm32f10x.o
 .comment       0x00000000       0x71 ..\obj\LiquidCrystal_I2C.o
 .comment       0x00000000       0x71 ..\obj\stm32f10x_gpio.o
 .comment       0x00000000       0x71 ..\obj\main.o
 .comment       0x00000000       0x71 ..\obj\timers.o
 .comment       0x00000000       0x71 ..\obj\stm32f10x_rcc.o
 .comment       0x00000000       0x71 ..\obj\stm32f10x_exti.o
 .comment       0x00000000       0x71 ..\obj\tasks.o
 .comment       0x00000000       0x71 ..\obj\stm32f10x_usart.o
 .comment       0x00000000       0x71 ..\obj\onewire.o
 .comment       0x00000000       0x71 ..\obj\list.o
 .comment       0x00000000       0x71 ..\obj\stm32f10x_flash.o
 .comment       0x00000000       0x71 ..\obj\queue.o
 .comment       0x00000000       0x71 ..\obj\port.o
 .comment       0x00000000       0x71 ..\obj\stm32f10x_dma.o
 .comment       0x00000000       0x71 ..\obj\misc.o
 .comment       0x00000000       0x71 ..\obj\heap_2.o
 .comment       0x00000000       0x71 ..\obj\eeprom.o
 .comment       0x00000000       0x71 ..\obj\driver_sonar.o
 .comment       0x00000000       0x71 ..\obj\stm32f10x_iwdg.o

.ARM.attributes
                0x00000000       0x31
 .ARM.attributes
                0x00000000       0x33 ..\obj\delay.o
 .ARM.attributes
                0x00000033       0x33 ..\obj\stm32f10x_tim.o
 .ARM.attributes
                0x00000066       0x33 ..\obj\startup_stm32f10x_md_vl.o
 .ARM.attributes
                0x00000099       0x33 ..\obj\I2CRoutines.o
 .ARM.attributes
                0x000000cc       0x33 ..\obj\system_stm32f10x.o
 .ARM.attributes
                0x000000ff       0x33 ..\obj\LiquidCrystal_I2C.o
 .ARM.attributes
                0x00000132       0x33 ..\obj\stm32f10x_gpio.o
 .ARM.attributes
                0x00000165       0x33 ..\obj\main.o
 .ARM.attributes
                0x00000198       0x33 ..\obj\timers.o
 .ARM.attributes
                0x000001cb       0x33 ..\obj\stm32f10x_rcc.o
 .ARM.attributes
                0x000001fe       0x33 ..\obj\stm32f10x_exti.o
 .ARM.attributes
                0x00000231       0x33 ..\obj\tasks.o
 .ARM.attributes
                0x00000264       0x33 ..\obj\stm32f10x_usart.o
 .ARM.attributes
                0x00000297       0x33 ..\obj\onewire.o
 .ARM.attributes
                0x000002ca       0x33 ..\obj\list.o
 .ARM.attributes
                0x000002fd       0x33 ..\obj\stm32f10x_flash.o
 .ARM.attributes
                0x00000330       0x33 ..\obj\queue.o
 .ARM.attributes
                0x00000363       0x33 ..\obj\port.o
 .ARM.attributes
                0x00000396       0x33 ..\obj\stm32f10x_dma.o
 .ARM.attributes
                0x000003c9       0x33 ..\obj\misc.o
 .ARM.attributes
                0x000003fc       0x33 ..\obj\heap_2.o
 .ARM.attributes
                0x0000042f       0x33 ..\obj\eeprom.o
 .ARM.attributes
                0x00000462       0x33 ..\obj\driver_sonar.o
 .ARM.attributes
                0x00000495       0x33 ..\obj\stm32f10x_iwdg.o
 .ARM.attributes
                0x000004c8       0x1b c:/coocox/toolchain/bin/../lib/gcc/arm-none-eabi/4.9.3/../../../../arm-none-eabi/lib/armv7-m\libg.a(lib_a-memcpy.o)
 .ARM.attributes
                0x000004e3       0x2d c:/coocox/toolchain/bin/../lib/gcc/arm-none-eabi/4.9.3/../../../../arm-none-eabi/lib/armv7-m\libg.a(lib_a-memset.o)
 .ARM.attributes
                0x00000510       0x2d c:/coocox/toolchain/bin/../lib/gcc/arm-none-eabi/4.9.3/../../../../arm-none-eabi/lib/armv7-m\libg.a(lib_a-strncpy.o)

.debug_frame    0x00000000     0x587c
 .debug_frame   0x00000000       0x58 ..\obj\delay.o
 .debug_frame   0x00000058      0xe2c ..\obj\stm32f10x_tim.o
 .debug_frame   0x00000e84       0x4c ..\obj\startup_stm32f10x_md_vl.o
 .debug_frame   0x00000ed0      0x110 ..\obj\I2CRoutines.o
 .debug_frame   0x00000fe0       0x98 ..\obj\system_stm32f10x.o
 .debug_frame   0x00001078      0x46c ..\obj\LiquidCrystal_I2C.o
 .debug_frame   0x000014e4      0x2d0 ..\obj\stm32f10x_gpio.o
 .debug_frame   0x000017b4     0x1ea0 ..\obj\main.o
 .debug_frame   0x00003654      0x20c ..\obj\timers.o
 .debug_frame   0x00003860      0x51c ..\obj\stm32f10x_rcc.o
 .debug_frame   0x00003d7c      0x148 ..\obj\stm32f10x_exti.o
 .debug_frame   0x00003ec4      0x528 ..\obj\tasks.o
 .debug_frame   0x000043ec      0x490 ..\obj\stm32f10x_usart.o
 .debug_frame   0x0000487c      0x114 ..\obj\onewire.o
 .debug_frame   0x00004990       0xd8 ..\obj\list.o
 .debug_frame   0x00004a68      0x410 ..\obj\stm32f10x_flash.o
 .debug_frame   0x00004e78      0x2c8 ..\obj\queue.o
 .debug_frame   0x00005140      0x148 ..\obj\port.o
 .debug_frame   0x00005288      0x1c8 ..\obj\stm32f10x_dma.o
 .debug_frame   0x00005450       0xd8 ..\obj\misc.o
 .debug_frame   0x00005528       0x98 ..\obj\heap_2.o
 .debug_frame   0x000055c0      0x114 ..\obj\eeprom.o
 .debug_frame   0x000056d4       0x50 ..\obj\driver_sonar.o
 .debug_frame   0x00005724       0xf0 ..\obj\stm32f10x_iwdg.o
 .debug_frame   0x00005814       0x34 c:/coocox/toolchain/bin/../lib/gcc/arm-none-eabi/4.9.3/../../../../arm-none-eabi/lib/armv7-m\libg.a(lib_a-memset.o)
 .debug_frame   0x00005848       0x34 c:/coocox/toolchain/bin/../lib/gcc/arm-none-eabi/4.9.3/../../../../arm-none-eabi/lib/armv7-m\libg.a(lib_a-strncpy.o)
